================================================================
== Design Size Report
================================================================

* Total Instructions per Compilation Phase
+---------------+-----------------------------+--------------+----------------------------------------------------------------------------------------+
| Phase         | Step                        | Instructions | Description                                                                            |
+---------------+-----------------------------+--------------+----------------------------------------------------------------------------------------+
| Compile/Link  |                             | 8,888        | After all functions are compiled and linked into a single design                       |
|               |                             |              |                                                                                        |
| Unroll/Inline |                             |              | After user unroll and inline pragmas are applied                                       |
|               | (1) unroll                  | 1,353        | user unroll pragmas are applied                                                        |
|               | (2) simplification          | 1,216        | simplification of applied user unroll pragmas                                          |
|               | (3) inline                  | 1,189        | user inline pragmas are applied                                                        |
|               | (4) simplification          | 1,164        | simplification of applied user inline pragmas                                          |
|               |                             |              |                                                                                        |
| Array/Struct  |                             |              | After user array partition and struct aggregate/disaggregate pragmas are applied       |
|               | (1) array partition         | 1,551        | user array partition pragmas are applied                                               |
|               | (2) simplification          | 1,551        | simplification of applied user array partition & struct aggregate/disaggregate pragmas |
|               | (3) aggregate/disaggregate  | 1,551        | user struct aggregate/disaggregate pragmas are applied                                 |
|               | (4) array reshape           | 1,551        | apply array reshape pragmas                                                            |
|               | (5) access patterns         | 1,554        | array access pattern optmizations                                                      |
|               |                             |              |                                                                                        |
| Performance   |                             |              | After transformations are applied to meet performance pragma targets                   |
|               | (1) loop simplification     | 1,218        | loop and instruction simplification                                                    |
|               | (2) parallelization         | 1,218        | loops are unrolled or pipelined to meet performance targets                            |
|               | (3) array partition         | 2,562        | arrays are partitioned to meet performance targets                                     |
|               | (4) simplification          | 1,274        | simplification of design after performance transformations                             |
|               |                             |              |                                                                                        |
| HW Transforms |                             |              | After hardware transfomations                                                          |
|               | (1) lowering                | 1,282        | initial conversion to HW specific instructions                                         |
|               | (2) optimizations           | 1,130        | high level synthesis optimizations                                                     |
+---------------+-----------------------------+--------------+----------------------------------------------------------------------------------------+

* Instructions per Function for each Compilation Phase
+-------------------+---------------+----------------+---------------+--------------+-------------+---------------+
| Function          | Location      | Compile/Link   | Unroll/Inline | Array/Struct | Performance | HW Transforms |
+-------------------+---------------+----------------+---------------+--------------+-------------+---------------+
| + IDST7           | IDST7.cpp:244 | 8,888          | 1,164         | 1,554        | 1,274       | 1,130         |
|  + IDST7B32       | IDST7.cpp:162 | 1,317          |  350          |  416         |  384        |  388          |
|   + INV_MATMUL_32 | IDST7.cpp:66  | 1,303          |               |              |             |               |
|      CLIP3        | IDST7.cpp:6   |   53           |               |              |             |               |
|  + IDST7B16       | IDST7.cpp:117 | 1,317          |  190          |  224         |  208        |  212          |
|   + INV_MATMUL_16 | IDST7.cpp:39  | 1,303          |               |              |             |               |
|      CLIP3        | IDST7.cpp:6   |   53           |               |              |             |               |
|  + IDST7B8        | IDST7.cpp:113 | 1,317          |  110          |  128         |  120        |  124          |
|   + INV_MATMUL_8  | IDST7.cpp:13  | 1,303          |               |              |             |               |
|      CLIP3        | IDST7.cpp:6   |   53           |               |              |             |               |
|  + IDST7B4        | IDST7.cpp:92  | 4,077          |               |              |             |               |
|     CLIP3         | IDST7.cpp:6   |  212 (4 calls) |               |              |             |               |
+-------------------+---------------+----------------+---------------+--------------+-------------+---------------+

* Design Size Message Settings
+---------------------------------------------+--------+------------------------------------------------------------------+
| Message Setting                             | Value  | Description                                                      |
+---------------------------------------------+--------+------------------------------------------------------------------+
| config_compile -design_size_maximum_warning | 100000 | Show a warning when total design instructions exceeds this value |
+---------------------------------------------+--------+------------------------------------------------------------------+


