

================================================================
== Vitis HLS Report for 'IDST7'
================================================================
* Date:           Mon Dec 22 13:45:49 2025

* Version:        2024.2 (Build 5238294 on Nov  8 2024)
* Project:        idst7_dir
* Solution:       hls (Vitis Kernel Flow Target)
* Product family: versalaicore
* Target device:  xcvc1902-vsva2197-2MP-e-S


================================================================
== Performance Estimates
================================================================
+ Timing: 
    * Summary: 
    +--------+---------+----------+------------+
    |  Clock |  Target | Estimated| Uncertainty|
    +--------+---------+----------+------------+
    |ap_clk  |  3.33 ns|  3.048 ns|     0.90 ns|
    +--------+---------+----------+------------+

+ Latency: 
    * Summary: 
    +---------+---------+----------+----------+-----+-------+---------+
    |  Latency (cycles) |  Latency (absolute) |   Interval  | Pipeline|
    |   min   |   max   |    min   |    max   | min |  max  |   Type  |
    +---------+---------+----------+----------+-----+-------+---------+
    |      151|    66708|  0.503 us|  0.222 ms|  152|  66709|       no|
    +---------+---------+----------+----------+-----+-------+---------+

    + Detail: 
        * Instance: 
        +---------------------+----------+---------+---------+-----------+-----------+-----+-----+---------+
        |                     |          |  Latency (cycles) |   Latency (absolute)  |  Interval | Pipeline|
        |       Instance      |  Module  |   min   |   max   |    min    |    max    | min | max |   Type  |
        +---------------------+----------+---------+---------+-----------+-----------+-----+-----+---------+
        |grp_IDST7B8_fu_680   |IDST7B8   |       20|       20|  66.660 ns|  66.660 ns|   20|   20|       no|
        |grp_IDST7B16_fu_720  |IDST7B16  |       33|       33|   0.110 us|   0.110 us|   33|   33|       no|
        |grp_IDST7B32_fu_792  |IDST7B32  |       60|       60|   0.200 us|   0.200 us|   60|   60|       no|
        +---------------------+----------+---------+---------+-----------+-----------+-----+-----+---------+

        * Loop: 
        +--------------------+---------+---------+----------+-----------+-----------+----------+----------+
        |                    |  Latency (cycles) | Iteration|  Initiation Interval  |   Trip   |          |
        |      Loop Name     |   min   |   max   |  Latency |  achieved |   target  |   Count  | Pipelined|
        +--------------------+---------+---------+----------+-----------+-----------+----------+----------+
        |- VITIS_LOOP_259_1  |        3|    66560|    3 ~ 65|          -|          -|  1 ~ 1024|        no|
        +--------------------+---------+---------+----------+-----------+-----------+----------+----------+



================================================================
== Utilization Estimates
================================================================
* Summary: 
+-----------------+---------+------+---------+--------+-----+
|       Name      | BRAM_18K|  DSP |    FF   |   LUT  | URAM|
+-----------------+---------+------+---------+--------+-----+
|DSP              |        -|     -|        -|       -|    -|
|Expression       |        -|     -|        0|    4114|    -|
|FIFO             |        -|     -|        -|       -|    -|
|Instance         |       97|   112|    17213|   13490|    0|
|Memory           |        -|     -|        -|       -|    -|
|Multiplexer      |        -|     -|        0|     507|    -|
|Register         |        -|     -|     6370|       -|    -|
+-----------------+---------+------+---------+--------+-----+
|Total            |       97|   112|    23583|   18111|    0|
+-----------------+---------+------+---------+--------+-----+
|Available        |     1934|  1968|  1799680|  899840|  463|
+-----------------+---------+------+---------+--------+-----+
|Utilization (%)  |        5|     5|        1|       2|    0|
+-----------------+---------+------+---------+--------+-----+

+ Detail: 
    * Instance: 
    +---------------------+---------------+---------+----+------+------+-----+
    |       Instance      |     Module    | BRAM_18K| DSP|  FF  |  LUT | URAM|
    +---------------------+---------------+---------+----+------+------+-----+
    |grp_IDST7B16_fu_720  |IDST7B16       |       16|  32|  3079|  2942|    0|
    |grp_IDST7B32_fu_792  |IDST7B32       |       32|  64|  5748|  5207|    0|
    |grp_IDST7B8_fu_680   |IDST7B8        |        8|  16|  1755|  1807|    0|
    |control_s_axi_U      |control_s_axi  |        0|   0|   404|   680|    0|
    |gmem0_m_axi_U        |gmem0_m_axi    |       27|   0|  2889|  1312|    0|
    |gmem1_m_axi_U        |gmem1_m_axi    |       14|   0|  3338|  1542|    0|
    +---------------------+---------------+---------+----+------+------+-----+
    |Total                |               |       97| 112| 17213| 13490|    0|
    +---------------------+---------------+---------+----+------+------+-----+

    * DSP: 
    N/A

    * Memory: 
    N/A

    * FIFO: 
    N/A

    * Expression: 
    +----------------------------------+----------+----+---+-----+------------+------------+
    |           Variable Name          | Operation| DSP| FF| LUT | Bitwidth P0| Bitwidth P1|
    +----------------------------------+----------+----+---+-----+------------+------------+
    |add_ln104_fu_1398_p2              |         +|   0|  0|   65|          32|          32|
    |add_ln106_1_fu_1661_p2            |         +|   0|  0|   79|          39|          39|
    |add_ln106_2_fu_1668_p2            |         +|   0|  0|   79|          39|          39|
    |add_ln106_3_fu_1473_p2            |         +|   0|  0|   77|          38|          38|
    |add_ln106_fu_1520_p2              |         +|   0|  0|   39|          39|          39|
    |add_ln107_1_fu_1700_p2            |         +|   0|  0|   79|          39|          39|
    |add_ln107_fu_1696_p2              |         +|   0|  0|   79|          39|          39|
    |add_ln108_1_fu_1736_p2            |         +|   0|  0|   79|          39|          39|
    |add_ln108_2_fu_1731_p2            |         +|   0|  0|   79|          39|          39|
    |add_ln108_fu_1582_p2              |         +|   0|  0|   34|          34|          34|
    |add_ln109_1_fu_1645_p2            |         +|   0|  0|   77|          38|          38|
    |add_ln109_fu_1768_p2              |         +|   0|  0|   79|          39|          39|
    |add_ln259_fu_1296_p2              |         +|   0|  0|   31|          31|           1|
    |c_1_fu_1350_p2                    |         +|   0|  0|   32|          32|          32|
    |c_3_fu_1422_p2                    |         +|   0|  0|   65|          32|          32|
    |c_fu_1344_p2                      |         +|   0|  0|   32|          32|          32|
    |sub_i_i_i_fu_1238_p2              |         +|   0|  0|   33|          33|           2|
    |c_2_fu_1356_p2                    |         -|   0|  0|   32|          32|          32|
    |sub_i_i_i520_i_fu_1264_p2         |         -|   0|  0|   32|           1|          32|
    |sub_i_i_i811_i_fu_1248_p2         |         -|   0|  0|   32|           1|          32|
    |sub_ln106_1_fu_1504_p2            |         -|   0|  0|   79|          39|          39|
    |sub_ln106_2_fu_1510_p2            |         -|   0|  0|   79|          39|          39|
    |sub_ln106_fu_1467_p2              |         -|   0|  0|   77|          38|          38|
    |sub_ln107_1_fu_1558_p2            |         -|   0|  0|   79|          39|          39|
    |sub_ln107_2_fu_1564_p2            |         -|   0|  0|   79|          39|          39|
    |sub_ln107_fu_1570_p2              |         -|   0|  0|   39|          39|          39|
    |sub_ln108_1_fu_1608_p2            |         -|   0|  0|   39|          39|          39|
    |sub_ln108_fu_1436_p2              |         -|   0|  0|   33|          33|          33|
    |sub_ln109_1_fu_1764_p2            |         -|   0|  0|   79|          39|          39|
    |sub_ln109_2_fu_1639_p2            |         -|   0|  0|   77|          38|          38|
    |sub_ln109_fu_1655_p2              |         -|   0|  0|   39|          39|          39|
    |ap_block_state76                  |       and|   0|  0|    2|           1|           1|
    |ashr_ln106_fu_1683_p2             |      ashr|   0|  0|  192|          67|          67|
    |ashr_ln107_fu_1715_p2             |      ashr|   0|  0|  192|          67|          67|
    |ashr_ln108_fu_1751_p2             |      ashr|   0|  0|  192|          67|          67|
    |ashr_ln109_fu_1783_p2             |      ashr|   0|  0|  192|          67|          67|
    |icmp_ln259_1_fu_1306_p2           |      icmp|   0|  0|   16|          32|          32|
    |icmp_ln259_fu_1178_p2             |      icmp|   0|  0|   16|          32|           1|
    |icmp_ln8_1_fu_1830_p2             |      icmp|   0|  0|   16|          32|          32|
    |icmp_ln8_2_fu_1859_p2             |      icmp|   0|  0|   16|          32|          32|
    |icmp_ln8_3_fu_1888_p2             |      icmp|   0|  0|   16|          32|          32|
    |icmp_ln8_fu_1801_p2               |      icmp|   0|  0|   16|          32|          32|
    |icmp_ln9_1_fu_1835_p2             |      icmp|   0|  0|   16|          32|          32|
    |icmp_ln9_2_fu_1864_p2             |      icmp|   0|  0|   16|          32|          32|
    |icmp_ln9_3_fu_1893_p2             |      icmp|   0|  0|   16|          32|          32|
    |icmp_ln9_fu_1806_p2               |      icmp|   0|  0|   16|          32|          32|
    |rnd_factor_fu_1253_p2             |      lshr|   0|  0|   86|           1|          32|
    |ap_block_state1                   |        or|   0|  0|    2|           1|           1|
    |ap_block_state81_on_subcall_done  |        or|   0|  0|    2|           1|           1|
    |ap_predicate_pred2505_state81     |        or|   0|  0|    2|           1|           1|
    |empty_308_fu_1204_p3              |    select|   0|  0|   28|           1|          31|
    |rnd_factor_2_fu_1338_p3           |    select|   0|  0|   29|           1|          32|
    |select_ln8_1_fu_1847_p3           |    select|   0|  0|   29|           1|          32|
    |select_ln8_2_fu_1876_p3           |    select|   0|  0|   29|           1|          32|
    |select_ln8_3_fu_1905_p3           |    select|   0|  0|   29|           1|          32|
    |select_ln8_fu_1818_p3             |    select|   0|  0|   29|           1|          32|
    |select_ln9_1_fu_1840_p3           |    select|   0|  0|   29|           1|          32|
    |select_ln9_2_fu_1869_p3           |    select|   0|  0|   29|           1|          32|
    |select_ln9_3_fu_1898_p3           |    select|   0|  0|   29|           1|          32|
    |select_ln9_fu_1811_p3             |    select|   0|  0|   29|           1|          32|
    |x_1_fu_1825_p3                    |    select|   0|  0|   29|           1|          32|
    |x_2_fu_1854_p3                    |    select|   0|  0|   29|           1|          32|
    |x_3_fu_1883_p3                    |    select|   0|  0|   29|           1|          32|
    |x_fu_1796_p3                      |    select|   0|  0|   29|           1|          32|
    |rnd_factor_1_fu_1259_p2           |       shl|   0|  0|   86|           1|          32|
    |shl_ln106_fu_1678_p2              |       shl|   0|  0|  192|          67|          67|
    |shl_ln107_fu_1710_p2              |       shl|   0|  0|  192|          67|          67|
    |shl_ln108_fu_1746_p2              |       shl|   0|  0|  192|          67|          67|
    |shl_ln109_fu_1778_p2              |       shl|   0|  0|  192|          67|          67|
    +----------------------------------+----------+----+---+-----+------------+------------+
    |Total                             |          |   0|  0| 4114|        1945|        2410|
    +----------------------------------+----------+----+---+-----+------------+------------+

    * Multiplexer: 
    +---------------------+-----+-----------+------+-----------+
    |         Name        | LUT | Input Size| Bits | Total Bits|
    +---------------------+-----+-----------+------+-----------+
    |ap_NS_fsm            |   85|        156|     1|        156|
    |ap_done              |    1|          2|     1|          2|
    |gmem0_blk_n_AR       |    1|          2|     1|          2|
    |gmem0_blk_n_R        |    1|          2|     1|          2|
    |gmem1_blk_n_AW       |    1|          2|     1|          2|
    |gmem1_blk_n_B        |    1|          2|     1|          2|
    |gmem1_blk_n_W        |    1|          2|     1|          2|
    |i_fu_360             |   32|          2|    31|         62|
    |out_block_4_reg_662  |  384|          5|  1024|       5120|
    +---------------------+-----+-----------+------+-----------+
    |Total                |  507|        175|  1062|       5350|
    +---------------------+-----+-----------+------+-----------+

    * Register: 
    +----------------------------------+------+----+------+-----------+
    |               Name               |  FF  | LUT| Bits | Const Bits|
    +----------------------------------+------+----+------+-----------+
    |add_ln106_reg_2935                |    39|   0|    39|          0|
    |add_ln108_reg_2960                |    34|   0|    34|          0|
    |add_ln259_reg_2846                |    31|   0|    31|          0|
    |ap_CS_fsm                         |   155|   0|   155|          0|
    |ap_done_reg                       |     1|   0|     1|          0|
    |ap_predicate_pred2505_state81     |     1|   0|     1|          0|
    |ap_predicate_pred334_state80      |     1|   0|     1|          0|
    |ap_predicate_pred334_state81      |     1|   0|     1|          0|
    |ap_predicate_pred401_state80      |     1|   0|     1|          0|
    |ap_predicate_pred401_state81      |     1|   0|     1|          0|
    |ap_predicate_pred407_state80      |     1|   0|     1|          0|
    |ap_predicate_pred407_state81      |     1|   0|     1|          0|
    |ap_rst_n_inv                      |     1|   0|     1|          0|
    |ap_rst_reg_1                      |     1|   0|     1|          0|
    |ap_rst_reg_2                      |     1|   0|     1|          0|
    |block_size_read_reg_2810          |    32|   0|    32|          0|
    |c_1_reg_2909                      |    32|   0|    32|          0|
    |c_2_reg_2916                      |    32|   0|    32|          0|
    |c_3_reg_2923                      |    31|   0|    32|          1|
    |c_reg_2902                        |    32|   0|    32|          0|
    |empty_307_reg_2767                |    32|   0|    32|          0|
    |empty_reg_2729                    |    31|   0|    31|          0|
    |grp_IDST7B16_fu_720_ap_start_reg  |     1|   0|     1|          0|
    |grp_IDST7B32_fu_792_ap_start_reg  |     1|   0|     1|          0|
    |grp_IDST7B8_fu_680_ap_start_reg   |     1|   0|     1|          0|
    |i_fu_360                          |    31|   0|    31|          0|
    |in_block_reg_2854                 |  1024|   0|  1024|          0|
    |in_data_15_reg_3050               |    32|   0|    32|          0|
    |in_data_16_reg_3055               |    32|   0|    32|          0|
    |in_data_17_reg_3060               |    32|   0|    32|          0|
    |in_data_18_reg_3065               |    32|   0|    32|          0|
    |in_data_19_reg_3070               |    32|   0|    32|          0|
    |in_data_20_reg_3075               |    32|   0|    32|          0|
    |in_data_21_reg_3080               |    32|   0|    32|          0|
    |in_data_22_reg_3085               |    32|   0|    32|          0|
    |in_data_23_reg_3090               |    32|   0|    32|          0|
    |in_data_24_reg_3095               |    32|   0|    32|          0|
    |in_data_25_reg_3100               |    32|   0|    32|          0|
    |in_data_26_reg_3105               |    32|   0|    32|          0|
    |in_data_27_reg_3110               |    32|   0|    32|          0|
    |in_data_28_reg_3115               |    32|   0|    32|          0|
    |in_data_29_reg_3120               |    32|   0|    32|          0|
    |in_data_30_reg_3125               |    32|   0|    32|          0|
    |in_data_46_reg_3040               |    32|   0|    32|          0|
    |in_data_54_reg_3035               |    32|   0|    32|          0|
    |in_data_reg_3045                  |    32|   0|    32|          0|
    |oMax_read_reg_2773                |    32|   0|    32|          0|
    |oMin_read_reg_2788                |    32|   0|    32|          0|
    |out_block_4_reg_662               |  1024|   0|  1024|          0|
    |out_data_10_fu_404                |    32|   0|    32|          0|
    |out_data_11_fu_408                |    32|   0|    32|          0|
    |out_data_12_fu_412                |    32|   0|    32|          0|
    |out_data_13_fu_416                |    32|   0|    32|          0|
    |out_data_14_fu_420                |    32|   0|    32|          0|
    |out_data_15_fu_424                |    32|   0|    32|          0|
    |out_data_16_fu_428                |    32|   0|    32|          0|
    |out_data_17_fu_432                |    32|   0|    32|          0|
    |out_data_18_fu_436                |    32|   0|    32|          0|
    |out_data_19_fu_440                |    32|   0|    32|          0|
    |out_data_1_fu_368                 |    32|   0|    32|          0|
    |out_data_20_fu_444                |    32|   0|    32|          0|
    |out_data_21_fu_448                |    32|   0|    32|          0|
    |out_data_22_fu_452                |    32|   0|    32|          0|
    |out_data_23_fu_456                |    32|   0|    32|          0|
    |out_data_24_fu_460                |    32|   0|    32|          0|
    |out_data_25_fu_464                |    32|   0|    32|          0|
    |out_data_26_fu_468                |    32|   0|    32|          0|
    |out_data_27_fu_472                |    32|   0|    32|          0|
    |out_data_28_fu_476                |    32|   0|    32|          0|
    |out_data_29_fu_480                |    32|   0|    32|          0|
    |out_data_2_fu_372                 |    32|   0|    32|          0|
    |out_data_30_fu_484                |    32|   0|    32|          0|
    |out_data_31_fu_488                |    32|   0|    32|          0|
    |out_data_32_fu_492                |    32|   0|    32|          0|
    |out_data_33_fu_496                |    32|   0|    32|          0|
    |out_data_34_fu_500                |    32|   0|    32|          0|
    |out_data_35_fu_504                |    32|   0|    32|          0|
    |out_data_36_fu_508                |    32|   0|    32|          0|
    |out_data_37_fu_512                |    32|   0|    32|          0|
    |out_data_38_fu_516                |    32|   0|    32|          0|
    |out_data_39_fu_520                |    32|   0|    32|          0|
    |out_data_3_fu_376                 |    32|   0|    32|          0|
    |out_data_40_fu_524                |    32|   0|    32|          0|
    |out_data_41_fu_528                |    32|   0|    32|          0|
    |out_data_42_fu_532                |    32|   0|    32|          0|
    |out_data_43_fu_536                |    32|   0|    32|          0|
    |out_data_44_fu_540                |    32|   0|    32|          0|
    |out_data_45_fu_544                |    32|   0|    32|          0|
    |out_data_46_fu_548                |    32|   0|    32|          0|
    |out_data_47_fu_552                |    32|   0|    32|          0|
    |out_data_48_fu_556                |    32|   0|    32|          0|
    |out_data_49_fu_560                |    32|   0|    32|          0|
    |out_data_4_fu_380                 |    32|   0|    32|          0|
    |out_data_50_fu_564                |    32|   0|    32|          0|
    |out_data_51_fu_568                |    32|   0|    32|          0|
    |out_data_52_fu_572                |    32|   0|    32|          0|
    |out_data_53_fu_576                |    32|   0|    32|          0|
    |out_data_54_fu_580                |    32|   0|    32|          0|
    |out_data_55_fu_584                |    32|   0|    32|          0|
    |out_data_5_fu_384                 |    32|   0|    32|          0|
    |out_data_6_fu_388                 |    32|   0|    32|          0|
    |out_data_7_fu_392                 |    32|   0|    32|          0|
    |out_data_8_fu_396                 |    32|   0|    32|          0|
    |out_data_9_fu_400                 |    32|   0|    32|          0|
    |out_data_fu_364                   |    32|   0|    32|          0|
    |reg_1072                          |    32|   0|    32|          0|
    |reg_1079                          |    32|   0|    32|          0|
    |reg_1086                          |    32|   0|    32|          0|
    |reg_1093                          |    32|   0|    32|          0|
    |reg_1100                          |    32|   0|    32|          0|
    |reg_1107                          |    32|   0|    32|          0|
    |reg_1114                          |    32|   0|    32|          0|
    |reg_1121                          |    32|   0|    32|          0|
    |reg_1127                          |    32|   0|    32|          0|
    |reg_1133                          |    32|   0|    32|          0|
    |reg_1139                          |    32|   0|    32|          0|
    |reg_1145                          |    32|   0|    32|          0|
    |reg_1151                          |    32|   0|    32|          0|
    |reg_1157                          |    32|   0|    32|          0|
    |reg_1163                          |    32|   0|    32|          0|
    |rnd_factor_1_reg_2819             |    32|   0|    32|          0|
    |rnd_factor_2_reg_2897             |    32|   0|    32|          0|
    |rnd_factor_reg_2814               |    32|   0|    32|          0|
    |sIn_read_reg_2803                 |    32|   0|    32|          0|
    |sext_ln106_3_reg_2940             |    38|   0|    39|          1|
    |sh_prom_i9_i529_i_reg_2824        |    32|   0|    67|         35|
    |sh_prom_i_i537_i_reg_2832         |    32|   0|    67|         35|
    |shift_read_reg_2752               |    32|   0|    32|          0|
    |size_read_reg_2387                |    32|   0|    32|          0|
    |sub_i_i_i_reg_2762                |    33|   0|    33|          0|
    |sub_ln107_reg_2955                |    39|   0|    39|          0|
    |sub_ln108_1_reg_2965              |    37|   0|    39|          2|
    |sub_ln108_reg_2930                |    33|   0|    33|          0|
    |sub_ln109_reg_2970                |    39|   0|    39|          0|
    |tmp_2_reg_2892                    |    32|   0|    32|          0|
    |tmp_35_reg_2947                   |     1|   0|     1|          0|
    |trunc_ln106_1_reg_2980            |    32|   0|    32|          0|
    |trunc_ln106_reg_2975              |    32|   0|    32|          0|
    |trunc_ln107_1_reg_2990            |    32|   0|    32|          0|
    |trunc_ln107_reg_2985              |    32|   0|    32|          0|
    |trunc_ln108_1_reg_3000            |    32|   0|    32|          0|
    |trunc_ln108_reg_2995              |    32|   0|    32|          0|
    |trunc_ln109_1_reg_3010            |    32|   0|    32|          0|
    |trunc_ln109_reg_3005              |    32|   0|    32|          0|
    |trunc_ln259_1_reg_2747            |    57|   0|    57|          0|
    |zext_ln259_reg_2740               |    31|   0|    64|         33|
    +----------------------------------+------+----+------+-----------+
    |Total                             |  6370|   0|  6477|        107|
    +----------------------------------+------+----+------+-----------+



================================================================
== Interface
================================================================
* Summary: 
+-----------------------+-----+------+---------------+--------------+--------------+
|       RTL Ports       | Dir | Bits |    Protocol   | Source Object|    C Type    |
+-----------------------+-----+------+---------------+--------------+--------------+
|s_axi_control_AWVALID  |   in|     1|          s_axi|       control|        scalar|
|s_axi_control_AWREADY  |  out|     1|          s_axi|       control|        scalar|
|s_axi_control_AWADDR   |   in|     7|          s_axi|       control|        scalar|
|s_axi_control_WVALID   |   in|     1|          s_axi|       control|        scalar|
|s_axi_control_WREADY   |  out|     1|          s_axi|       control|        scalar|
|s_axi_control_WDATA    |   in|    32|          s_axi|       control|        scalar|
|s_axi_control_WSTRB    |   in|     4|          s_axi|       control|        scalar|
|s_axi_control_ARVALID  |   in|     1|          s_axi|       control|        scalar|
|s_axi_control_ARREADY  |  out|     1|          s_axi|       control|        scalar|
|s_axi_control_ARADDR   |   in|     7|          s_axi|       control|        scalar|
|s_axi_control_RVALID   |  out|     1|          s_axi|       control|        scalar|
|s_axi_control_RREADY   |   in|     1|          s_axi|       control|        scalar|
|s_axi_control_RDATA    |  out|    32|          s_axi|       control|        scalar|
|s_axi_control_RRESP    |  out|     2|          s_axi|       control|        scalar|
|s_axi_control_BVALID   |  out|     1|          s_axi|       control|        scalar|
|s_axi_control_BREADY   |   in|     1|          s_axi|       control|        scalar|
|s_axi_control_BRESP    |  out|     2|          s_axi|       control|        scalar|
|ap_clk                 |   in|     1|  ap_ctrl_chain|         IDST7|  return value|
|ap_rst_n               |   in|     1|  ap_ctrl_chain|         IDST7|  return value|
|interrupt              |  out|     1|  ap_ctrl_chain|         IDST7|  return value|
|m_axi_gmem0_AWVALID    |  out|     1|          m_axi|         gmem0|       pointer|
|m_axi_gmem0_AWREADY    |   in|     1|          m_axi|         gmem0|       pointer|
|m_axi_gmem0_AWADDR     |  out|    64|          m_axi|         gmem0|       pointer|
|m_axi_gmem0_AWID       |  out|     1|          m_axi|         gmem0|       pointer|
|m_axi_gmem0_AWLEN      |  out|     8|          m_axi|         gmem0|       pointer|
|m_axi_gmem0_AWSIZE     |  out|     3|          m_axi|         gmem0|       pointer|
|m_axi_gmem0_AWBURST    |  out|     2|          m_axi|         gmem0|       pointer|
|m_axi_gmem0_AWLOCK     |  out|     2|          m_axi|         gmem0|       pointer|
|m_axi_gmem0_AWCACHE    |  out|     4|          m_axi|         gmem0|       pointer|
|m_axi_gmem0_AWPROT     |  out|     3|          m_axi|         gmem0|       pointer|
|m_axi_gmem0_AWQOS      |  out|     4|          m_axi|         gmem0|       pointer|
|m_axi_gmem0_AWREGION   |  out|     4|          m_axi|         gmem0|       pointer|
|m_axi_gmem0_AWUSER     |  out|     1|          m_axi|         gmem0|       pointer|
|m_axi_gmem0_WVALID     |  out|     1|          m_axi|         gmem0|       pointer|
|m_axi_gmem0_WREADY     |   in|     1|          m_axi|         gmem0|       pointer|
|m_axi_gmem0_WDATA      |  out|  1024|          m_axi|         gmem0|       pointer|
|m_axi_gmem0_WSTRB      |  out|   128|          m_axi|         gmem0|       pointer|
|m_axi_gmem0_WLAST      |  out|     1|          m_axi|         gmem0|       pointer|
|m_axi_gmem0_WID        |  out|     1|          m_axi|         gmem0|       pointer|
|m_axi_gmem0_WUSER      |  out|     1|          m_axi|         gmem0|       pointer|
|m_axi_gmem0_ARVALID    |  out|     1|          m_axi|         gmem0|       pointer|
|m_axi_gmem0_ARREADY    |   in|     1|          m_axi|         gmem0|       pointer|
|m_axi_gmem0_ARADDR     |  out|    64|          m_axi|         gmem0|       pointer|
|m_axi_gmem0_ARID       |  out|     1|          m_axi|         gmem0|       pointer|
|m_axi_gmem0_ARLEN      |  out|     8|          m_axi|         gmem0|       pointer|
|m_axi_gmem0_ARSIZE     |  out|     3|          m_axi|         gmem0|       pointer|
|m_axi_gmem0_ARBURST    |  out|     2|          m_axi|         gmem0|       pointer|
|m_axi_gmem0_ARLOCK     |  out|     2|          m_axi|         gmem0|       pointer|
|m_axi_gmem0_ARCACHE    |  out|     4|          m_axi|         gmem0|       pointer|
|m_axi_gmem0_ARPROT     |  out|     3|          m_axi|         gmem0|       pointer|
|m_axi_gmem0_ARQOS      |  out|     4|          m_axi|         gmem0|       pointer|
|m_axi_gmem0_ARREGION   |  out|     4|          m_axi|         gmem0|       pointer|
|m_axi_gmem0_ARUSER     |  out|     1|          m_axi|         gmem0|       pointer|
|m_axi_gmem0_RVALID     |   in|     1|          m_axi|         gmem0|       pointer|
|m_axi_gmem0_RREADY     |  out|     1|          m_axi|         gmem0|       pointer|
|m_axi_gmem0_RDATA      |   in|  1024|          m_axi|         gmem0|       pointer|
|m_axi_gmem0_RLAST      |   in|     1|          m_axi|         gmem0|       pointer|
|m_axi_gmem0_RID        |   in|     1|          m_axi|         gmem0|       pointer|
|m_axi_gmem0_RUSER      |   in|     1|          m_axi|         gmem0|       pointer|
|m_axi_gmem0_RRESP      |   in|     2|          m_axi|         gmem0|       pointer|
|m_axi_gmem0_BVALID     |   in|     1|          m_axi|         gmem0|       pointer|
|m_axi_gmem0_BREADY     |  out|     1|          m_axi|         gmem0|       pointer|
|m_axi_gmem0_BRESP      |   in|     2|          m_axi|         gmem0|       pointer|
|m_axi_gmem0_BID        |   in|     1|          m_axi|         gmem0|       pointer|
|m_axi_gmem0_BUSER      |   in|     1|          m_axi|         gmem0|       pointer|
|m_axi_gmem1_AWVALID    |  out|     1|          m_axi|         gmem1|       pointer|
|m_axi_gmem1_AWREADY    |   in|     1|          m_axi|         gmem1|       pointer|
|m_axi_gmem1_AWADDR     |  out|    64|          m_axi|         gmem1|       pointer|
|m_axi_gmem1_AWID       |  out|     1|          m_axi|         gmem1|       pointer|
|m_axi_gmem1_AWLEN      |  out|     8|          m_axi|         gmem1|       pointer|
|m_axi_gmem1_AWSIZE     |  out|     3|          m_axi|         gmem1|       pointer|
|m_axi_gmem1_AWBURST    |  out|     2|          m_axi|         gmem1|       pointer|
|m_axi_gmem1_AWLOCK     |  out|     2|          m_axi|         gmem1|       pointer|
|m_axi_gmem1_AWCACHE    |  out|     4|          m_axi|         gmem1|       pointer|
|m_axi_gmem1_AWPROT     |  out|     3|          m_axi|         gmem1|       pointer|
|m_axi_gmem1_AWQOS      |  out|     4|          m_axi|         gmem1|       pointer|
|m_axi_gmem1_AWREGION   |  out|     4|          m_axi|         gmem1|       pointer|
|m_axi_gmem1_AWUSER     |  out|     1|          m_axi|         gmem1|       pointer|
|m_axi_gmem1_WVALID     |  out|     1|          m_axi|         gmem1|       pointer|
|m_axi_gmem1_WREADY     |   in|     1|          m_axi|         gmem1|       pointer|
|m_axi_gmem1_WDATA      |  out|  1024|          m_axi|         gmem1|       pointer|
|m_axi_gmem1_WSTRB      |  out|   128|          m_axi|         gmem1|       pointer|
|m_axi_gmem1_WLAST      |  out|     1|          m_axi|         gmem1|       pointer|
|m_axi_gmem1_WID        |  out|     1|          m_axi|         gmem1|       pointer|
|m_axi_gmem1_WUSER      |  out|     1|          m_axi|         gmem1|       pointer|
|m_axi_gmem1_ARVALID    |  out|     1|          m_axi|         gmem1|       pointer|
|m_axi_gmem1_ARREADY    |   in|     1|          m_axi|         gmem1|       pointer|
|m_axi_gmem1_ARADDR     |  out|    64|          m_axi|         gmem1|       pointer|
|m_axi_gmem1_ARID       |  out|     1|          m_axi|         gmem1|       pointer|
|m_axi_gmem1_ARLEN      |  out|     8|          m_axi|         gmem1|       pointer|
|m_axi_gmem1_ARSIZE     |  out|     3|          m_axi|         gmem1|       pointer|
|m_axi_gmem1_ARBURST    |  out|     2|          m_axi|         gmem1|       pointer|
|m_axi_gmem1_ARLOCK     |  out|     2|          m_axi|         gmem1|       pointer|
|m_axi_gmem1_ARCACHE    |  out|     4|          m_axi|         gmem1|       pointer|
|m_axi_gmem1_ARPROT     |  out|     3|          m_axi|         gmem1|       pointer|
|m_axi_gmem1_ARQOS      |  out|     4|          m_axi|         gmem1|       pointer|
|m_axi_gmem1_ARREGION   |  out|     4|          m_axi|         gmem1|       pointer|
|m_axi_gmem1_ARUSER     |  out|     1|          m_axi|         gmem1|       pointer|
|m_axi_gmem1_RVALID     |   in|     1|          m_axi|         gmem1|       pointer|
|m_axi_gmem1_RREADY     |  out|     1|          m_axi|         gmem1|       pointer|
|m_axi_gmem1_RDATA      |   in|  1024|          m_axi|         gmem1|       pointer|
|m_axi_gmem1_RLAST      |   in|     1|          m_axi|         gmem1|       pointer|
|m_axi_gmem1_RID        |   in|     1|          m_axi|         gmem1|       pointer|
|m_axi_gmem1_RUSER      |   in|     1|          m_axi|         gmem1|       pointer|
|m_axi_gmem1_RRESP      |   in|     2|          m_axi|         gmem1|       pointer|
|m_axi_gmem1_BVALID     |   in|     1|          m_axi|         gmem1|       pointer|
|m_axi_gmem1_BREADY     |  out|     1|          m_axi|         gmem1|       pointer|
|m_axi_gmem1_BRESP      |   in|     2|          m_axi|         gmem1|       pointer|
|m_axi_gmem1_BID        |   in|     1|          m_axi|         gmem1|       pointer|
|m_axi_gmem1_BUSER      |   in|     1|          m_axi|         gmem1|       pointer|
+-----------------------+-----+------+---------------+--------------+--------------+

