

================================================================
== Vitis HLS Report for 'IDCT2B64'
================================================================
* Date:           Fri Nov 21 21:48:45 2025

* Version:        2024.2 (Build 5238294 on Nov  8 2024)
* Project:        dct2_dir
* Solution:       hls (Vitis Kernel Flow Target)
* Product family: zynquplus
* Target device:  xczu9eg-ffvb1156-2-e


================================================================
== Performance Estimates
================================================================
+ Timing: 
    * Summary: 
    +--------+----------+----------+------------+
    |  Clock |  Target  | Estimated| Uncertainty|
    +--------+----------+----------+------------+
    |ap_clk  |  10.00 ns|  7.199 ns|     2.70 ns|
    +--------+----------+----------+------------+

+ Latency: 
    * Summary: 
    +---------+---------+-----------+-----------+-----+-----+---------+
    |  Latency (cycles) |   Latency (absolute)  |  Interval | Pipeline|
    |   min   |   max   |    min    |    max    | min | max |   Type  |
    +---------+---------+-----------+-----------+-----+-----+---------+
    |        1|        1|  10.000 ns|  10.000 ns|    1|    1|      yes|
    +---------+---------+-----------+-----------+-----+-----+---------+

    + Detail: 
        * Instance: 
        +---------------------+----------+---------+---------+-----------+-----------+-----+-----+---------+
        |                     |          |  Latency (cycles) |   Latency (absolute)  |  Interval | Pipeline|
        |       Instance      |  Module  |   min   |   max   |    min    |    max    | min | max |   Type  |
        +---------------------+----------+---------+---------+-----------+-----------+-----+-----+---------+
        |grp_IDCT2B32_fu_260  |IDCT2B32  |        1|        1|  10.000 ns|  10.000 ns|    1|    1|      yes|
        +---------------------+----------+---------+---------+-----------+-----------+-----+-----+---------+

        * Loop: 
        N/A



================================================================
== Utilization Estimates
================================================================
* Summary: 
+-----------------+---------+------+--------+--------+-----+
|       Name      | BRAM_18K|  DSP |   FF   |   LUT  | URAM|
+-----------------+---------+------+--------+--------+-----+
|DSP              |        -|     -|       -|       -|    -|
|Expression       |        -|     -|       0|   30033|    -|
|FIFO             |        -|     -|       -|       -|    -|
|Instance         |        -|   466|    1026|   30203|    -|
|Memory           |        -|     -|       -|       -|    -|
|Multiplexer      |        -|     -|       -|       -|    -|
|Register         |        -|     -|    1026|       -|    -|
+-----------------+---------+------+--------+--------+-----+
|Total            |        0|   466|    2052|   60236|    0|
+-----------------+---------+------+--------+--------+-----+
|Available        |     1824|  2520|  548160|  274080|    0|
+-----------------+---------+------+--------+--------+-----+
|Utilization (%)  |        0|    18|      ~0|      21|    0|
+-----------------+---------+------+--------+--------+-----+

+ Detail: 
    * Instance: 
    +-------------------------+--------------------+---------+-----+------+-------+-----+
    |         Instance        |       Module       | BRAM_18K| DSP |  FF  |  LUT  | URAM|
    +-------------------------+--------------------+---------+-----+------+-------+-----+
    |grp_IDCT2B32_fu_260      |IDCT2B32            |        0|  236|  1026|  27903|    0|
    |mul_32s_12s_32_1_1_U195  |mul_32s_12s_32_1_1  |        0|    2|     0|     20|    0|
    |mul_32s_5s_32_1_1_U295   |mul_32s_5s_32_1_1   |        0|    2|     0|     20|    0|
    |mul_32s_5s_32_1_1_U296   |mul_32s_5s_32_1_1   |        0|    2|     0|     20|    0|
    |mul_32s_5s_32_1_1_U297   |mul_32s_5s_32_1_1   |        0|    2|     0|     20|    0|
    |mul_32s_5s_32_1_1_U298   |mul_32s_5s_32_1_1   |        0|    2|     0|     20|    0|
    |mul_32s_5s_32_1_1_U299   |mul_32s_5s_32_1_1   |        0|    2|     0|     20|    0|
    |mul_32s_6s_32_1_1_U218   |mul_32s_6s_32_1_1   |        0|    2|     0|     20|    0|
    |mul_32s_6s_32_1_1_U226   |mul_32s_6s_32_1_1   |        0|    2|     0|     20|    0|
    |mul_32s_6s_32_1_1_U275   |mul_32s_6s_32_1_1   |        0|    2|     0|     20|    0|
    |mul_32s_7s_32_1_1_U185   |mul_32s_7s_32_1_1   |        0|    2|     0|     20|    0|
    |mul_32s_7s_32_1_1_U186   |mul_32s_7s_32_1_1   |        0|    2|     0|     20|    0|
    |mul_32s_7s_32_1_1_U194   |mul_32s_7s_32_1_1   |        0|    2|     0|     20|    0|
    |mul_32s_7s_32_1_1_U202   |mul_32s_7s_32_1_1   |        0|    2|     0|     20|    0|
    |mul_32s_7s_32_1_1_U206   |mul_32s_7s_32_1_1   |        0|    2|     0|     20|    0|
    |mul_32s_7s_32_1_1_U210   |mul_32s_7s_32_1_1   |        0|    2|     0|     20|    0|
    |mul_32s_7s_32_1_1_U219   |mul_32s_7s_32_1_1   |        0|    2|     0|     20|    0|
    |mul_32s_7s_32_1_1_U222   |mul_32s_7s_32_1_1   |        0|    2|     0|     20|    0|
    |mul_32s_7s_32_1_1_U224   |mul_32s_7s_32_1_1   |        0|    2|     0|     20|    0|
    |mul_32s_7s_32_1_1_U231   |mul_32s_7s_32_1_1   |        0|    2|     0|     20|    0|
    |mul_32s_7s_32_1_1_U234   |mul_32s_7s_32_1_1   |        0|    2|     0|     20|    0|
    |mul_32s_7s_32_1_1_U236   |mul_32s_7s_32_1_1   |        0|    2|     0|     20|    0|
    |mul_32s_7s_32_1_1_U240   |mul_32s_7s_32_1_1   |        0|    2|     0|     20|    0|
    |mul_32s_7s_32_1_1_U242   |mul_32s_7s_32_1_1   |        0|    2|     0|     20|    0|
    |mul_32s_7s_32_1_1_U246   |mul_32s_7s_32_1_1   |        0|    2|     0|     20|    0|
    |mul_32s_7s_32_1_1_U249   |mul_32s_7s_32_1_1   |        0|    2|     0|     20|    0|
    |mul_32s_7s_32_1_1_U255   |mul_32s_7s_32_1_1   |        0|    2|     0|     20|    0|
    |mul_32s_7s_32_1_1_U257   |mul_32s_7s_32_1_1   |        0|    2|     0|     20|    0|
    |mul_32s_7s_32_1_1_U258   |mul_32s_7s_32_1_1   |        0|    2|     0|     20|    0|
    |mul_32s_7s_32_1_1_U263   |mul_32s_7s_32_1_1   |        0|    2|     0|     20|    0|
    |mul_32s_7s_32_1_1_U267   |mul_32s_7s_32_1_1   |        0|    2|     0|     20|    0|
    |mul_32s_7s_32_1_1_U269   |mul_32s_7s_32_1_1   |        0|    2|     0|     20|    0|
    |mul_32s_7s_32_1_1_U271   |mul_32s_7s_32_1_1   |        0|    2|     0|     20|    0|
    |mul_32s_7s_32_1_1_U273   |mul_32s_7s_32_1_1   |        0|    2|     0|     20|    0|
    |mul_32s_7s_32_1_1_U277   |mul_32s_7s_32_1_1   |        0|    2|     0|     20|    0|
    |mul_32s_7s_32_1_1_U284   |mul_32s_7s_32_1_1   |        0|    2|     0|     20|    0|
    |mul_32s_7s_32_1_1_U286   |mul_32s_7s_32_1_1   |        0|    2|     0|     20|    0|
    |mul_32s_7s_32_1_1_U287   |mul_32s_7s_32_1_1   |        0|    2|     0|     20|    0|
    |mul_32s_7s_32_1_1_U293   |mul_32s_7s_32_1_1   |        0|    2|     0|     20|    0|
    |mul_32s_8s_32_1_1_U187   |mul_32s_8s_32_1_1   |        0|    2|     0|     20|    0|
    |mul_32s_8s_32_1_1_U188   |mul_32s_8s_32_1_1   |        0|    2|     0|     20|    0|
    |mul_32s_8s_32_1_1_U189   |mul_32s_8s_32_1_1   |        0|    2|     0|     20|    0|
    |mul_32s_8s_32_1_1_U190   |mul_32s_8s_32_1_1   |        0|    2|     0|     20|    0|
    |mul_32s_8s_32_1_1_U191   |mul_32s_8s_32_1_1   |        0|    2|     0|     20|    0|
    |mul_32s_8s_32_1_1_U192   |mul_32s_8s_32_1_1   |        0|    2|     0|     20|    0|
    |mul_32s_8s_32_1_1_U193   |mul_32s_8s_32_1_1   |        0|    2|     0|     20|    0|
    |mul_32s_8s_32_1_1_U196   |mul_32s_8s_32_1_1   |        0|    2|     0|     20|    0|
    |mul_32s_8s_32_1_1_U197   |mul_32s_8s_32_1_1   |        0|    2|     0|     20|    0|
    |mul_32s_8s_32_1_1_U199   |mul_32s_8s_32_1_1   |        0|    2|     0|     20|    0|
    |mul_32s_8s_32_1_1_U200   |mul_32s_8s_32_1_1   |        0|    2|     0|     20|    0|
    |mul_32s_8s_32_1_1_U201   |mul_32s_8s_32_1_1   |        0|    2|     0|     20|    0|
    |mul_32s_8s_32_1_1_U203   |mul_32s_8s_32_1_1   |        0|    2|     0|     20|    0|
    |mul_32s_8s_32_1_1_U204   |mul_32s_8s_32_1_1   |        0|    2|     0|     20|    0|
    |mul_32s_8s_32_1_1_U205   |mul_32s_8s_32_1_1   |        0|    2|     0|     20|    0|
    |mul_32s_8s_32_1_1_U208   |mul_32s_8s_32_1_1   |        0|    2|     0|     20|    0|
    |mul_32s_8s_32_1_1_U209   |mul_32s_8s_32_1_1   |        0|    2|     0|     20|    0|
    |mul_32s_8s_32_1_1_U212   |mul_32s_8s_32_1_1   |        0|    2|     0|     20|    0|
    |mul_32s_8s_32_1_1_U213   |mul_32s_8s_32_1_1   |        0|    2|     0|     20|    0|
    |mul_32s_8s_32_1_1_U214   |mul_32s_8s_32_1_1   |        0|    2|     0|     20|    0|
    |mul_32s_8s_32_1_1_U215   |mul_32s_8s_32_1_1   |        0|    2|     0|     20|    0|
    |mul_32s_8s_32_1_1_U216   |mul_32s_8s_32_1_1   |        0|    2|     0|     20|    0|
    |mul_32s_8s_32_1_1_U220   |mul_32s_8s_32_1_1   |        0|    2|     0|     20|    0|
    |mul_32s_8s_32_1_1_U221   |mul_32s_8s_32_1_1   |        0|    2|     0|     20|    0|
    |mul_32s_8s_32_1_1_U223   |mul_32s_8s_32_1_1   |        0|    2|     0|     20|    0|
    |mul_32s_8s_32_1_1_U227   |mul_32s_8s_32_1_1   |        0|    2|     0|     20|    0|
    |mul_32s_8s_32_1_1_U228   |mul_32s_8s_32_1_1   |        0|    2|     0|     20|    0|
    |mul_32s_8s_32_1_1_U229   |mul_32s_8s_32_1_1   |        0|    2|     0|     20|    0|
    |mul_32s_8s_32_1_1_U230   |mul_32s_8s_32_1_1   |        0|    2|     0|     20|    0|
    |mul_32s_8s_32_1_1_U232   |mul_32s_8s_32_1_1   |        0|    2|     0|     20|    0|
    |mul_32s_8s_32_1_1_U233   |mul_32s_8s_32_1_1   |        0|    2|     0|     20|    0|
    |mul_32s_8s_32_1_1_U235   |mul_32s_8s_32_1_1   |        0|    2|     0|     20|    0|
    |mul_32s_8s_32_1_1_U237   |mul_32s_8s_32_1_1   |        0|    2|     0|     20|    0|
    |mul_32s_8s_32_1_1_U238   |mul_32s_8s_32_1_1   |        0|    2|     0|     20|    0|
    |mul_32s_8s_32_1_1_U239   |mul_32s_8s_32_1_1   |        0|    2|     0|     20|    0|
    |mul_32s_8s_32_1_1_U241   |mul_32s_8s_32_1_1   |        0|    2|     0|     20|    0|
    |mul_32s_8s_32_1_1_U243   |mul_32s_8s_32_1_1   |        0|    2|     0|     20|    0|
    |mul_32s_8s_32_1_1_U244   |mul_32s_8s_32_1_1   |        0|    2|     0|     20|    0|
    |mul_32s_8s_32_1_1_U245   |mul_32s_8s_32_1_1   |        0|    2|     0|     20|    0|
    |mul_32s_8s_32_1_1_U247   |mul_32s_8s_32_1_1   |        0|    2|     0|     20|    0|
    |mul_32s_8s_32_1_1_U248   |mul_32s_8s_32_1_1   |        0|    2|     0|     20|    0|
    |mul_32s_8s_32_1_1_U250   |mul_32s_8s_32_1_1   |        0|    2|     0|     20|    0|
    |mul_32s_8s_32_1_1_U251   |mul_32s_8s_32_1_1   |        0|    2|     0|     20|    0|
    |mul_32s_8s_32_1_1_U252   |mul_32s_8s_32_1_1   |        0|    2|     0|     20|    0|
    |mul_32s_8s_32_1_1_U253   |mul_32s_8s_32_1_1   |        0|    2|     0|     20|    0|
    |mul_32s_8s_32_1_1_U254   |mul_32s_8s_32_1_1   |        0|    2|     0|     20|    0|
    |mul_32s_8s_32_1_1_U256   |mul_32s_8s_32_1_1   |        0|    2|     0|     20|    0|
    |mul_32s_8s_32_1_1_U259   |mul_32s_8s_32_1_1   |        0|    2|     0|     20|    0|
    |mul_32s_8s_32_1_1_U260   |mul_32s_8s_32_1_1   |        0|    2|     0|     20|    0|
    |mul_32s_8s_32_1_1_U261   |mul_32s_8s_32_1_1   |        0|    2|     0|     20|    0|
    |mul_32s_8s_32_1_1_U262   |mul_32s_8s_32_1_1   |        0|    2|     0|     20|    0|
    |mul_32s_8s_32_1_1_U264   |mul_32s_8s_32_1_1   |        0|    2|     0|     20|    0|
    |mul_32s_8s_32_1_1_U265   |mul_32s_8s_32_1_1   |        0|    2|     0|     20|    0|
    |mul_32s_8s_32_1_1_U266   |mul_32s_8s_32_1_1   |        0|    2|     0|     20|    0|
    |mul_32s_8s_32_1_1_U268   |mul_32s_8s_32_1_1   |        0|    2|     0|     20|    0|
    |mul_32s_8s_32_1_1_U270   |mul_32s_8s_32_1_1   |        0|    2|     0|     20|    0|
    |mul_32s_8s_32_1_1_U272   |mul_32s_8s_32_1_1   |        0|    2|     0|     20|    0|
    |mul_32s_8s_32_1_1_U276   |mul_32s_8s_32_1_1   |        0|    2|     0|     20|    0|
    |mul_32s_8s_32_1_1_U279   |mul_32s_8s_32_1_1   |        0|    2|     0|     20|    0|
    |mul_32s_8s_32_1_1_U280   |mul_32s_8s_32_1_1   |        0|    2|     0|     20|    0|
    |mul_32s_8s_32_1_1_U281   |mul_32s_8s_32_1_1   |        0|    2|     0|     20|    0|
    |mul_32s_8s_32_1_1_U282   |mul_32s_8s_32_1_1   |        0|    2|     0|     20|    0|
    |mul_32s_8s_32_1_1_U283   |mul_32s_8s_32_1_1   |        0|    2|     0|     20|    0|
    |mul_32s_8s_32_1_1_U285   |mul_32s_8s_32_1_1   |        0|    2|     0|     20|    0|
    |mul_32s_8s_32_1_1_U288   |mul_32s_8s_32_1_1   |        0|    2|     0|     20|    0|
    |mul_32s_8s_32_1_1_U289   |mul_32s_8s_32_1_1   |        0|    2|     0|     20|    0|
    |mul_32s_8s_32_1_1_U290   |mul_32s_8s_32_1_1   |        0|    2|     0|     20|    0|
    |mul_32s_8s_32_1_1_U291   |mul_32s_8s_32_1_1   |        0|    2|     0|     20|    0|
    |mul_32s_8s_32_1_1_U292   |mul_32s_8s_32_1_1   |        0|    2|     0|     20|    0|
    |mul_32s_8s_32_1_1_U294   |mul_32s_8s_32_1_1   |        0|    2|     0|     20|    0|
    |mul_32s_9s_32_1_1_U198   |mul_32s_9s_32_1_1   |        0|    2|     0|     20|    0|
    |mul_32s_9s_32_1_1_U207   |mul_32s_9s_32_1_1   |        0|    2|     0|     20|    0|
    |mul_32s_9s_32_1_1_U211   |mul_32s_9s_32_1_1   |        0|    2|     0|     20|    0|
    |mul_32s_9s_32_1_1_U217   |mul_32s_9s_32_1_1   |        0|    2|     0|     20|    0|
    |mul_32s_9s_32_1_1_U225   |mul_32s_9s_32_1_1   |        0|    2|     0|     20|    0|
    |mul_32s_9s_32_1_1_U274   |mul_32s_9s_32_1_1   |        0|    2|     0|     20|    0|
    |mul_32s_9s_32_1_1_U278   |mul_32s_9s_32_1_1   |        0|    2|     0|     20|    0|
    +-------------------------+--------------------+---------+-----+------+-------+-----+
    |Total                    |                    |        0|  466|  1026|  30203|    0|
    +-------------------------+--------------------+---------+-----+------+-------+-----+

    * DSP: 
    N/A

    * Memory: 
    N/A

    * FIFO: 
    N/A

    * Expression: 
    +--------------------------+----------+----+---+-----+------------+------------+
    |       Variable Name      | Operation| DSP| FF| LUT | Bitwidth P0| Bitwidth P1|
    +--------------------------+----------+----+---+-----+------------+------------+
    |add_ln243_10_fu_1759_p2   |         +|   0|  0|   32|          32|          32|
    |add_ln243_11_fu_1903_p2   |         +|   0|  0|   39|          32|          32|
    |add_ln243_12_fu_1915_p2   |         +|   0|  0|   39|          32|          32|
    |add_ln243_13_fu_1927_p2   |         +|   0|  0|   32|          32|          32|
    |add_ln243_14_fu_1933_p2   |         +|   0|  0|   32|          32|          32|
    |add_ln243_15_fu_1957_p2   |         +|   0|  0|   39|          32|          32|
    |add_ln243_16_fu_1963_p2   |         +|   0|  0|   32|          32|          32|
    |add_ln243_17_fu_1981_p2   |         +|   0|  0|   39|          32|          32|
    |add_ln243_18_fu_2137_p2   |         +|   0|  0|   39|          32|          32|
    |add_ln243_19_fu_2257_p2   |         +|   0|  0|   32|          32|          32|
    |add_ln243_1_fu_1189_p2    |         +|   0|  0|   32|          32|          32|
    |add_ln243_20_fu_2275_p2   |         +|   0|  0|   32|          32|          32|
    |add_ln243_21_fu_2281_p2   |         +|   0|  0|   32|          32|          32|
    |add_ln243_22_fu_2431_p2   |         +|   0|  0|   39|          32|          32|
    |add_ln243_23_fu_2623_p2   |         +|   0|  0|   32|          32|          32|
    |add_ln243_24_fu_2749_p2   |         +|   0|  0|   39|          32|          32|
    |add_ln243_25_fu_2755_p2   |         +|   0|  0|   39|          32|          32|
    |add_ln243_26_fu_2761_p2   |         +|   0|  0|   32|          32|          32|
    |add_ln243_27_fu_2767_p2   |         +|   0|  0|   32|          32|          32|
    |add_ln243_28_fu_2791_p2   |         +|   0|  0|   32|          32|          32|
    |add_ln243_29_fu_3031_p2   |         +|   0|  0|   32|          32|          32|
    |add_ln243_2_fu_1201_p2    |         +|   0|  0|   32|          32|          32|
    |add_ln243_30_fu_3049_p2   |         +|   0|  0|   39|          32|          32|
    |add_ln243_31_fu_3055_p2   |         +|   0|  0|   32|          32|          32|
    |add_ln243_32_fu_3061_p2   |         +|   0|  0|   39|          32|          32|
    |add_ln243_33_fu_3067_p2   |         +|   0|  0|   32|          32|          32|
    |add_ln243_34_fu_3163_p2   |         +|   0|  0|   39|          32|          32|
    |add_ln243_35_fu_3169_p2   |         +|   0|  0|   32|          32|          32|
    |add_ln243_36_fu_3175_p2   |         +|   0|  0|   39|          32|          32|
    |add_ln243_37_fu_3181_p2   |         +|   0|  0|   32|          32|          32|
    |add_ln243_38_fu_3307_p2   |         +|   0|  0|   32|          32|          32|
    |add_ln243_39_fu_3325_p2   |         +|   0|  0|   32|          32|          32|
    |add_ln243_3_fu_1585_p2    |         +|   0|  0|   39|          32|          32|
    |add_ln243_40_fu_3331_p2   |         +|   0|  0|   39|          32|          32|
    |add_ln243_41_fu_3427_p2   |         +|   0|  0|   39|          32|          32|
    |add_ln243_42_fu_3433_p2   |         +|   0|  0|   39|          32|          32|
    |add_ln243_43_fu_3445_p2   |         +|   0|  0|   32|          32|          32|
    |add_ln243_44_fu_3451_p2   |         +|   0|  0|   39|          32|          32|
    |add_ln243_45_fu_3457_p2   |         +|   0|  0|   32|          32|          32|
    |add_ln243_46_fu_3661_p2   |         +|   0|  0|   32|          32|          32|
    |add_ln243_47_fu_3667_p2   |         +|   0|  0|   32|          32|          32|
    |add_ln243_48_fu_3685_p2   |         +|   0|  0|   32|          32|          32|
    |add_ln243_49_fu_3769_p2   |         +|   0|  0|   39|          32|          32|
    |add_ln243_4_fu_1633_p2    |         +|   0|  0|   39|          32|          32|
    |add_ln243_50_fu_3781_p2   |         +|   0|  0|   32|          32|          32|
    |add_ln243_51_fu_3793_p2   |         +|   0|  0|   39|          32|          32|
    |add_ln243_52_fu_3811_p2   |         +|   0|  0|   32|          32|          32|
    |add_ln243_53_fu_3817_p2   |         +|   0|  0|   39|          32|          32|
    |add_ln243_54_fu_3823_p2   |         +|   0|  0|   32|          32|          32|
    |add_ln243_55_fu_3943_p2   |         +|   0|  0|   32|          32|          32|
    |add_ln243_56_fu_3949_p2   |         +|   0|  0|   32|          32|          32|
    |add_ln243_57_fu_4237_p2   |         +|   0|  0|   39|          32|          32|
    |add_ln243_58_fu_4357_p2   |         +|   0|  0|   39|          32|          32|
    |add_ln243_59_fu_4369_p2   |         +|   0|  0|   32|          32|          32|
    |add_ln243_5_fu_1645_p2    |         +|   0|  0|   32|          32|          32|
    |add_ln243_60_fu_4549_p2   |         +|   0|  0|   39|          32|          32|
    |add_ln243_61_fu_4699_p2   |         +|   0|  0|   32|          32|          32|
    |add_ln243_62_fu_4705_p2   |         +|   0|  0|   32|          32|          32|
    |add_ln243_63_fu_4711_p2   |         +|   0|  0|   32|          32|          32|
    |add_ln243_64_fu_4717_p2   |         +|   0|  0|   32|          32|          32|
    |add_ln243_65_fu_4723_p2   |         +|   0|  0|   32|          32|          32|
    |add_ln243_66_fu_4832_p2   |         +|   0|  0|   39|          32|          32|
    |add_ln243_67_fu_4838_p2   |         +|   0|  0|   32|          32|          32|
    |add_ln243_68_fu_4844_p2   |         +|   0|  0|   32|          32|          32|
    |add_ln243_69_fu_4862_p2   |         +|   0|  0|   39|          32|          32|
    |add_ln243_6_fu_1663_p2    |         +|   0|  0|   39|          32|          32|
    |add_ln243_70_fu_4970_p2   |         +|   0|  0|   39|          32|          32|
    |add_ln243_71_fu_4976_p2   |         +|   0|  0|   32|          32|          32|
    |add_ln243_72_fu_5102_p2   |         +|   0|  0|   32|          32|          32|
    |add_ln243_73_fu_5264_p2   |         +|   0|  0|   32|          32|          32|
    |add_ln243_74_fu_5450_p2   |         +|   0|  0|   39|          32|          32|
    |add_ln243_75_fu_5582_p2   |         +|   0|  0|   32|          32|          32|
    |add_ln243_76_fu_5594_p2   |         +|   0|  0|   39|          32|          32|
    |add_ln243_77_fu_5600_p2   |         +|   0|  0|   32|          32|          32|
    |add_ln243_78_fu_5732_p2   |         +|   0|  0|   32|          32|          32|
    |add_ln243_79_fu_5738_p2   |         +|   0|  0|   32|          32|          32|
    |add_ln243_7_fu_1681_p2    |         +|   0|  0|   39|          32|          32|
    |add_ln243_80_fu_5756_p2   |         +|   0|  0|   39|          32|          32|
    |add_ln243_81_fu_5918_p2   |         +|   0|  0|   39|          32|          32|
    |add_ln243_82_fu_5924_p2   |         +|   0|  0|   39|          32|          32|
    |add_ln243_83_fu_6074_p2   |         +|   0|  0|   39|          32|          32|
    |add_ln243_84_fu_6098_p2   |         +|   0|  0|   39|          32|          32|
    |add_ln243_85_fu_6254_p2   |         +|   0|  0|   32|          32|          32|
    |add_ln243_8_fu_1735_p2    |         +|   0|  0|   39|          32|          32|
    |add_ln243_9_fu_1753_p2    |         +|   0|  0|   39|          32|          32|
    |add_ln243_fu_1063_p2      |         +|   0|  0|   39|          32|          32|
    |add_ln244_1_fu_1231_p2    |         +|   0|  0|   39|          32|          32|
    |add_ln244_2_fu_1243_p2    |         +|   0|  0|   39|          32|          32|
    |add_ln244_3_fu_1255_p2    |         +|   0|  0|   32|          32|          32|
    |add_ln244_4_fu_1261_p2    |         +|   0|  0|   39|          32|          32|
    |add_ln244_5_fu_1267_p2    |         +|   0|  0|   39|          32|          32|
    |add_ln244_6_fu_1273_p2    |         +|   0|  0|   32|          32|          32|
    |add_ln244_fu_1219_p2      |         +|   0|  0|   39|          32|          32|
    |add_ln245_1_fu_1339_p2    |         +|   0|  0|   39|          32|          32|
    |add_ln245_2_fu_1345_p2    |         +|   0|  0|   39|          32|          32|
    |add_ln245_3_fu_2161_p2    |         +|   0|  0|   39|          32|          32|
    |add_ln245_fu_1321_p2      |         +|   0|  0|   39|          32|          32|
    |add_ln246_100_fu_2869_p2  |         +|   0|  0|   32|          32|          32|
    |add_ln246_101_fu_2875_p2  |         +|   0|  0|   32|          32|          32|
    |add_ln246_102_fu_2887_p2  |         +|   0|  0|   32|          32|          32|
    |add_ln246_103_fu_2893_p2  |         +|   0|  0|   32|          32|          32|
    |add_ln246_105_fu_2959_p2  |         +|   0|  0|   32|          32|          32|
    |add_ln246_106_fu_2965_p2  |         +|   0|  0|   32|          32|          32|
    |add_ln246_107_fu_2971_p2  |         +|   0|  0|   32|          32|          32|
    |add_ln246_108_fu_2977_p2  |         +|   0|  0|   32|          32|          32|
    |add_ln246_109_fu_2983_p2  |         +|   0|  0|   32|          32|          32|
    |add_ln246_10_fu_1555_p2   |         +|   0|  0|   32|          32|          32|
    |add_ln246_110_fu_2989_p2  |         +|   0|  0|   32|          32|          32|
    |add_ln246_111_fu_2995_p2  |         +|   0|  0|   32|          32|          32|
    |add_ln246_112_fu_3001_p2  |         +|   0|  0|   32|          32|          32|
    |add_ln246_113_fu_3007_p2  |         +|   0|  0|   32|          32|          32|
    |add_ln246_114_fu_3013_p2  |         +|   0|  0|   32|          32|          32|
    |add_ln246_115_fu_3019_p2  |         +|   0|  0|   32|          32|          32|
    |add_ln246_116_fu_2029_p2  |         +|   0|  0|   39|          32|          32|
    |add_ln246_117_fu_3073_p2  |         +|   0|  0|   32|          32|          32|
    |add_ln246_118_fu_3079_p2  |         +|   0|  0|   32|          32|          32|
    |add_ln246_119_fu_3085_p2  |         +|   0|  0|   32|          32|          32|
    |add_ln246_11_fu_1363_p2   |         +|   0|  0|   39|          32|          32|
    |add_ln246_120_fu_3091_p2  |         +|   0|  0|   32|          32|          32|
    |add_ln246_121_fu_3097_p2  |         +|   0|  0|   32|          32|          32|
    |add_ln246_122_fu_3103_p2  |         +|   0|  0|   32|          32|          32|
    |add_ln246_123_fu_3109_p2  |         +|   0|  0|   32|          32|          32|
    |add_ln246_124_fu_3115_p2  |         +|   0|  0|   32|          32|          32|
    |add_ln246_125_fu_3121_p2  |         +|   0|  0|   32|          32|          32|
    |add_ln246_126_fu_3133_p2  |         +|   0|  0|   32|          32|          32|
    |add_ln246_127_fu_3139_p2  |         +|   0|  0|   32|          32|          32|
    |add_ln246_128_fu_2035_p2  |         +|   0|  0|   32|          32|          32|
    |add_ln246_129_fu_3217_p2  |         +|   0|  0|   32|          32|          32|
    |add_ln246_12_fu_1807_p2   |         +|   0|  0|   32|          32|          32|
    |add_ln246_130_fu_3223_p2  |         +|   0|  0|   32|          32|          32|
    |add_ln246_131_fu_3229_p2  |         +|   0|  0|   32|          32|          32|
    |add_ln246_132_fu_3235_p2  |         +|   0|  0|   32|          32|          32|
    |add_ln246_133_fu_3241_p2  |         +|   0|  0|   32|          32|          32|
    |add_ln246_134_fu_3247_p2  |         +|   0|  0|   32|          32|          32|
    |add_ln246_135_fu_3253_p2  |         +|   0|  0|   32|          32|          32|
    |add_ln246_136_fu_3259_p2  |         +|   0|  0|   32|          32|          32|
    |add_ln246_137_fu_3265_p2  |         +|   0|  0|   32|          32|          32|
    |add_ln246_138_fu_3271_p2  |         +|   0|  0|   32|          32|          32|
    |add_ln246_139_fu_3277_p2  |         +|   0|  0|   32|          32|          32|
    |add_ln246_13_fu_1813_p2   |         +|   0|  0|   32|          32|          32|
    |add_ln246_141_fu_3283_p2  |         +|   0|  0|   32|          32|          32|
    |add_ln246_142_fu_3289_p2  |         +|   0|  0|   32|          32|          32|
    |add_ln246_144_fu_3355_p2  |         +|   0|  0|   32|          32|          32|
    |add_ln246_145_fu_3361_p2  |         +|   0|  0|   32|          32|          32|
    |add_ln246_146_fu_3367_p2  |         +|   0|  0|   32|          32|          32|
    |add_ln246_147_fu_3373_p2  |         +|   0|  0|   32|          32|          32|
    |add_ln246_148_fu_3379_p2  |         +|   0|  0|   39|          32|          32|
    |add_ln246_149_fu_3385_p2  |         +|   0|  0|   32|          32|          32|
    |add_ln246_14_fu_1819_p2   |         +|   0|  0|   32|          32|          32|
    |add_ln246_150_fu_3391_p2  |         +|   0|  0|   32|          32|          32|
    |add_ln246_151_fu_3397_p2  |         +|   0|  0|   39|          32|          32|
    |add_ln246_152_fu_3403_p2  |         +|   0|  0|   32|          32|          32|
    |add_ln246_153_fu_3409_p2  |         +|   0|  0|   32|          32|          32|
    |add_ln246_154_fu_3415_p2  |         +|   0|  0|   32|          32|          32|
    |add_ln246_155_fu_2365_p2  |         +|   0|  0|   39|          32|          32|
    |add_ln246_156_fu_3475_p2  |         +|   0|  0|   32|          32|          32|
    |add_ln246_157_fu_3481_p2  |         +|   0|  0|   32|          32|          32|
    |add_ln246_158_fu_3487_p2  |         +|   0|  0|   32|          32|          32|
    |add_ln246_159_fu_3493_p2  |         +|   0|  0|   32|          32|          32|
    |add_ln246_15_fu_1825_p2   |         +|   0|  0|   32|          32|          32|
    |add_ln246_160_fu_3499_p2  |         +|   0|  0|   32|          32|          32|
    |add_ln246_161_fu_3505_p2  |         +|   0|  0|   32|          32|          32|
    |add_ln246_162_fu_3511_p2  |         +|   0|  0|   32|          32|          32|
    |add_ln246_163_fu_3517_p2  |         +|   0|  0|   39|          32|          32|
    |add_ln246_164_fu_3523_p2  |         +|   0|  0|   32|          32|          32|
    |add_ln246_165_fu_3529_p2  |         +|   0|  0|   32|          32|          32|
    |add_ln246_166_fu_3535_p2  |         +|   0|  0|   32|          32|          32|
    |add_ln246_167_fu_3541_p2  |         +|   0|  0|   32|          32|          32|
    |add_ln246_168_fu_3547_p2  |         +|   0|  0|   32|          32|          32|
    |add_ln246_169_fu_2383_p2  |         +|   0|  0|   32|          32|          32|
    |add_ln246_16_fu_1831_p2   |         +|   0|  0|   32|          32|          32|
    |add_ln246_170_fu_3589_p2  |         +|   0|  0|   39|          32|          32|
    |add_ln246_171_fu_3595_p2  |         +|   0|  0|   32|          32|          32|
    |add_ln246_172_fu_3601_p2  |         +|   0|  0|   32|          32|          32|
    |add_ln246_173_fu_3607_p2  |         +|   0|  0|   32|          32|          32|
    |add_ln246_174_fu_3613_p2  |         +|   0|  0|   32|          32|          32|
    |add_ln246_175_fu_3619_p2  |         +|   0|  0|   32|          32|          32|
    |add_ln246_176_fu_3625_p2  |         +|   0|  0|   32|          32|          32|
    |add_ln246_177_fu_3631_p2  |         +|   0|  0|   39|          32|          32|
    |add_ln246_178_fu_3637_p2  |         +|   0|  0|   32|          32|          32|
    |add_ln246_179_fu_3649_p2  |         +|   0|  0|   32|          32|          32|
    |add_ln246_17_fu_1837_p2   |         +|   0|  0|   32|          32|          32|
    |add_ln246_180_fu_2389_p2  |         +|   0|  0|   32|          32|          32|
    |add_ln246_181_fu_3697_p2  |         +|   0|  0|   32|          32|          32|
    |add_ln246_182_fu_3703_p2  |         +|   0|  0|   32|          32|          32|
    |add_ln246_183_fu_3709_p2  |         +|   0|  0|   32|          32|          32|
    |add_ln246_184_fu_3715_p2  |         +|   0|  0|   32|          32|          32|
    |add_ln246_185_fu_3721_p2  |         +|   0|  0|   39|          32|          32|
    |add_ln246_186_fu_3727_p2  |         +|   0|  0|   32|          32|          32|
    |add_ln246_187_fu_3733_p2  |         +|   0|  0|   32|          32|          32|
    |add_ln246_188_fu_3739_p2  |         +|   0|  0|   32|          32|          32|
    |add_ln246_189_fu_3745_p2  |         +|   0|  0|   32|          32|          32|
    |add_ln246_18_fu_1843_p2   |         +|   0|  0|   32|          32|          32|
    |add_ln246_190_fu_3751_p2  |         +|   0|  0|   32|          32|          32|
    |add_ln246_191_fu_3757_p2  |         +|   0|  0|   32|          32|          32|
    |add_ln246_193_fu_3829_p2  |         +|   0|  0|   32|          32|          32|
    |add_ln246_194_fu_3835_p2  |         +|   0|  0|   32|          32|          32|
    |add_ln246_195_fu_3841_p2  |         +|   0|  0|   32|          32|          32|
    |add_ln246_196_fu_3847_p2  |         +|   0|  0|   32|          32|          32|
    |add_ln246_197_fu_3853_p2  |         +|   0|  0|   32|          32|          32|
    |add_ln246_198_fu_3859_p2  |         +|   0|  0|   32|          32|          32|
    |add_ln246_199_fu_3865_p2  |         +|   0|  0|   39|          32|          32|
    |add_ln246_19_fu_1849_p2   |         +|   0|  0|   32|          32|          32|
    |add_ln246_1_fu_1459_p2    |         +|   0|  0|   32|          32|          32|
    |add_ln246_200_fu_3871_p2  |         +|   0|  0|   32|          32|          32|
    |add_ln246_201_fu_3877_p2  |         +|   0|  0|   32|          32|          32|
    |add_ln246_202_fu_3883_p2  |         +|   0|  0|   32|          32|          32|
    |add_ln246_203_fu_3895_p2  |         +|   0|  0|   32|          32|          32|
    |add_ln246_204_fu_3901_p2  |         +|   0|  0|   32|          32|          32|
    |add_ln246_205_fu_3907_p2  |         +|   0|  0|   32|          32|          32|
    |add_ln246_206_fu_3913_p2  |         +|   0|  0|   32|          32|          32|
    |add_ln246_207_fu_3919_p2  |         +|   0|  0|   32|          32|          32|
    |add_ln246_208_fu_2563_p2  |         +|   0|  0|   39|          32|          32|
    |add_ln246_209_fu_3967_p2  |         +|   0|  0|   32|          32|          32|
    |add_ln246_20_fu_1867_p2   |         +|   0|  0|   32|          32|          32|
    |add_ln246_211_fu_3979_p2  |         +|   0|  0|   32|          32|          32|
    |add_ln246_212_fu_3985_p2  |         +|   0|  0|   32|          32|          32|
    |add_ln246_213_fu_3991_p2  |         +|   0|  0|   32|          32|          32|
    |add_ln246_214_fu_3997_p2  |         +|   0|  0|   32|          32|          32|
    |add_ln246_215_fu_4003_p2  |         +|   0|  0|   39|          32|          32|
    |add_ln246_216_fu_4009_p2  |         +|   0|  0|   32|          32|          32|
    |add_ln246_217_fu_4015_p2  |         +|   0|  0|   32|          32|          32|
    |add_ln246_218_fu_4021_p2  |         +|   0|  0|   32|          32|          32|
    |add_ln246_219_fu_4039_p2  |         +|   0|  0|   32|          32|          32|
    |add_ln246_21_fu_1873_p2   |         +|   0|  0|   32|          32|          32|
    |add_ln246_220_fu_4051_p2  |         +|   0|  0|   32|          32|          32|
    |add_ln246_221_fu_4057_p2  |         +|   0|  0|   32|          32|          32|
    |add_ln246_222_fu_2569_p2  |         +|   0|  0|   32|          32|          32|
    |add_ln246_223_fu_4123_p2  |         +|   0|  0|   39|          32|          32|
    |add_ln246_224_fu_4129_p2  |         +|   0|  0|   32|          32|          32|
    |add_ln246_225_fu_4135_p2  |         +|   0|  0|   32|          32|          32|
    |add_ln246_226_fu_4141_p2  |         +|   0|  0|   32|          32|          32|
    |add_ln246_227_fu_4147_p2  |         +|   0|  0|   32|          32|          32|
    |add_ln246_228_fu_4153_p2  |         +|   0|  0|   32|          32|          32|
    |add_ln246_229_fu_4159_p2  |         +|   0|  0|   32|          32|          32|
    |add_ln246_22_fu_1879_p2   |         +|   0|  0|   32|          32|          32|
    |add_ln246_230_fu_4165_p2  |         +|   0|  0|   32|          32|          32|
    |add_ln246_231_fu_4171_p2  |         +|   0|  0|   32|          32|          32|
    |add_ln246_232_fu_4177_p2  |         +|   0|  0|   32|          32|          32|
    |add_ln246_233_fu_4183_p2  |         +|   0|  0|   32|          32|          32|
    |add_ln246_234_fu_4195_p2  |         +|   0|  0|   32|          32|          32|
    |add_ln246_235_fu_4201_p2  |         +|   0|  0|   32|          32|          32|
    |add_ln246_236_fu_4207_p2  |         +|   0|  0|   32|          32|          32|
    |add_ln246_238_fu_4261_p2  |         +|   0|  0|   32|          32|          32|
    |add_ln246_239_fu_4267_p2  |         +|   0|  0|   32|          32|          32|
    |add_ln246_23_fu_1393_p2   |         +|   0|  0|   39|          32|          32|
    |add_ln246_240_fu_4273_p2  |         +|   0|  0|   32|          32|          32|
    |add_ln246_241_fu_4279_p2  |         +|   0|  0|   32|          32|          32|
    |add_ln246_242_fu_4285_p2  |         +|   0|  0|   32|          32|          32|
    |add_ln246_243_fu_4291_p2  |         +|   0|  0|   32|          32|          32|
    |add_ln246_244_fu_4297_p2  |         +|   0|  0|   32|          32|          32|
    |add_ln246_245_fu_4303_p2  |         +|   0|  0|   39|          32|          32|
    |add_ln246_246_fu_4309_p2  |         +|   0|  0|   32|          32|          32|
    |add_ln246_247_fu_4315_p2  |         +|   0|  0|   32|          32|          32|
    |add_ln246_248_fu_4321_p2  |         +|   0|  0|   32|          32|          32|
    |add_ln246_249_fu_4327_p2  |         +|   0|  0|   32|          32|          32|
    |add_ln246_24_fu_2041_p2   |         +|   0|  0|   32|          32|          32|
    |add_ln246_250_fu_4333_p2  |         +|   0|  0|   32|          32|          32|
    |add_ln246_251_fu_4339_p2  |         +|   0|  0|   32|          32|          32|
    |add_ln246_253_fu_4453_p2  |         +|   0|  0|   32|          32|          32|
    |add_ln246_254_fu_4459_p2  |         +|   0|  0|   32|          32|          32|
    |add_ln246_255_fu_4465_p2  |         +|   0|  0|   39|          32|          32|
    |add_ln246_256_fu_4477_p2  |         +|   0|  0|   32|          32|          32|
    |add_ln246_257_fu_4483_p2  |         +|   0|  0|   32|          32|          32|
    |add_ln246_258_fu_4489_p2  |         +|   0|  0|   32|          32|          32|
    |add_ln246_259_fu_4495_p2  |         +|   0|  0|   32|          32|          32|
    |add_ln246_25_fu_2047_p2   |         +|   0|  0|   32|          32|          32|
    |add_ln246_260_fu_4501_p2  |         +|   0|  0|   32|          32|          32|
    |add_ln246_261_fu_4507_p2  |         +|   0|  0|   32|          32|          32|
    |add_ln246_262_fu_4513_p2  |         +|   0|  0|   32|          32|          32|
    |add_ln246_263_fu_4519_p2  |         +|   0|  0|   32|          32|          32|
    |add_ln246_264_fu_4525_p2  |         +|   0|  0|   32|          32|          32|
    |add_ln246_265_fu_4531_p2  |         +|   0|  0|   32|          32|          32|
    |add_ln246_266_fu_2797_p2  |         +|   0|  0|   39|          32|          32|
    |add_ln246_267_fu_4567_p2  |         +|   0|  0|   32|          32|          32|
    |add_ln246_268_fu_4579_p2  |         +|   0|  0|   32|          32|          32|
    |add_ln246_269_fu_4585_p2  |         +|   0|  0|   32|          32|          32|
    |add_ln246_26_fu_2053_p2   |         +|   0|  0|   32|          32|          32|
    |add_ln246_271_fu_4597_p2  |         +|   0|  0|   32|          32|          32|
    |add_ln246_272_fu_4603_p2  |         +|   0|  0|   39|          32|          32|
    |add_ln246_273_fu_4609_p2  |         +|   0|  0|   32|          32|          32|
    |add_ln246_274_fu_4615_p2  |         +|   0|  0|   32|          32|          32|
    |add_ln246_275_fu_4621_p2  |         +|   0|  0|   32|          32|          32|
    |add_ln246_276_fu_4627_p2  |         +|   0|  0|   32|          32|          32|
    |add_ln246_277_fu_4633_p2  |         +|   0|  0|   32|          32|          32|
    |add_ln246_278_fu_4639_p2  |         +|   0|  0|   39|          32|          32|
    |add_ln246_279_fu_4663_p2  |         +|   0|  0|   32|          32|          32|
    |add_ln246_280_fu_4669_p2  |         +|   0|  0|   32|          32|          32|
    |add_ln246_281_fu_4675_p2  |         +|   0|  0|   32|          32|          32|
    |add_ln246_282_fu_2803_p2  |         +|   0|  0|   39|          32|          32|
    |add_ln246_283_fu_4729_p2  |         +|   0|  0|   32|          32|          32|
    |add_ln246_284_fu_4735_p2  |         +|   0|  0|   32|          32|          32|
    |add_ln246_285_fu_4747_p2  |         +|   0|  0|   32|          32|          32|
    |add_ln246_287_fu_4759_p2  |         +|   0|  0|   39|          32|          32|
    |add_ln246_288_fu_4765_p2  |         +|   0|  0|   32|          32|          32|
    |add_ln246_289_fu_4771_p2  |         +|   0|  0|   32|          32|          32|
    |add_ln246_28_fu_2065_p2   |         +|   0|  0|   32|          32|          32|
    |add_ln246_290_fu_4777_p2  |         +|   0|  0|   32|          32|          32|
    |add_ln246_291_fu_4783_p2  |         +|   0|  0|   32|          32|          32|
    |add_ln246_292_fu_4789_p2  |         +|   0|  0|   32|          32|          32|
    |add_ln246_293_fu_4795_p2  |         +|   0|  0|   32|          32|          32|
    |add_ln246_294_fu_4801_p2  |         +|   0|  0|   39|          32|          32|
    |add_ln246_295_fu_4808_p2  |         +|   0|  0|   32|          32|          32|
    |add_ln246_296_fu_4814_p2  |         +|   0|  0|   32|          32|          32|
    |add_ln246_297_fu_4820_p2  |         +|   0|  0|   32|          32|          32|
    |add_ln246_299_fu_4886_p2  |         +|   0|  0|   32|          32|          32|
    |add_ln246_29_fu_2071_p2   |         +|   0|  0|   32|          32|          32|
    |add_ln246_2_fu_1465_p2    |         +|   0|  0|   32|          32|          32|
    |add_ln246_300_fu_4892_p2  |         +|   0|  0|   32|          32|          32|
    |add_ln246_301_fu_4898_p2  |         +|   0|  0|   32|          32|          32|
    |add_ln246_302_fu_4904_p2  |         +|   0|  0|   32|          32|          32|
    |add_ln246_303_fu_4910_p2  |         +|   0|  0|   32|          32|          32|
    |add_ln246_304_fu_4916_p2  |         +|   0|  0|   32|          32|          32|
    |add_ln246_305_fu_4922_p2  |         +|   0|  0|   32|          32|          32|
    |add_ln246_306_fu_4928_p2  |         +|   0|  0|   39|          32|          32|
    |add_ln246_307_fu_4934_p2  |         +|   0|  0|   32|          32|          32|
    |add_ln246_308_fu_4952_p2  |         +|   0|  0|   32|          32|          32|
    |add_ln246_309_fu_4958_p2  |         +|   0|  0|   32|          32|          32|
    |add_ln246_30_fu_2077_p2   |         +|   0|  0|   32|          32|          32|
    |add_ln246_311_fu_5006_p2  |         +|   0|  0|   32|          32|          32|
    |add_ln246_312_fu_5012_p2  |         +|   0|  0|   32|          32|          32|
    |add_ln246_313_fu_5018_p2  |         +|   0|  0|   32|          32|          32|
    |add_ln246_314_fu_5024_p2  |         +|   0|  0|   32|          32|          32|
    |add_ln246_315_fu_5030_p2  |         +|   0|  0|   32|          32|          32|
    |add_ln246_316_fu_5036_p2  |         +|   0|  0|   32|          32|          32|
    |add_ln246_317_fu_5042_p2  |         +|   0|  0|   32|          32|          32|
    |add_ln246_318_fu_5048_p2  |         +|   0|  0|   32|          32|          32|
    |add_ln246_319_fu_5054_p2  |         +|   0|  0|   32|          32|          32|
    |add_ln246_31_fu_2083_p2   |         +|   0|  0|   32|          32|          32|
    |add_ln246_320_fu_5060_p2  |         +|   0|  0|   32|          32|          32|
    |add_ln246_321_fu_5066_p2  |         +|   0|  0|   39|          32|          32|
    |add_ln246_322_fu_5072_p2  |         +|   0|  0|   32|          32|          32|
    |add_ln246_323_fu_5078_p2  |         +|   0|  0|   39|          32|          32|
    |add_ln246_324_fu_5084_p2  |         +|   0|  0|   32|          32|          32|
    |add_ln246_325_fu_5090_p2  |         +|   0|  0|   32|          32|          32|
    |add_ln246_327_fu_5162_p2  |         +|   0|  0|   32|          32|          32|
    |add_ln246_328_fu_5168_p2  |         +|   0|  0|   32|          32|          32|
    |add_ln246_329_fu_5174_p2  |         +|   0|  0|   32|          32|          32|
    |add_ln246_32_fu_2089_p2   |         +|   0|  0|   32|          32|          32|
    |add_ln246_330_fu_5180_p2  |         +|   0|  0|   32|          32|          32|
    |add_ln246_332_fu_5192_p2  |         +|   0|  0|   32|          32|          32|
    |add_ln246_333_fu_5198_p2  |         +|   0|  0|   32|          32|          32|
    |add_ln246_334_fu_5204_p2  |         +|   0|  0|   32|          32|          32|
    |add_ln246_335_fu_5210_p2  |         +|   0|  0|   32|          32|          32|
    |add_ln246_336_fu_5216_p2  |         +|   0|  0|   39|          32|          32|
    |add_ln246_337_fu_5222_p2  |         +|   0|  0|   32|          32|          32|
    |add_ln246_338_fu_5228_p2  |         +|   0|  0|   32|          32|          32|
    |add_ln246_339_fu_3205_p2  |         +|   0|  0|   39|          32|          32|
    |add_ln246_33_fu_2101_p2   |         +|   0|  0|   32|          32|          32|
    |add_ln246_341_fu_5318_p2  |         +|   0|  0|   32|          32|          32|
    |add_ln246_342_fu_5324_p2  |         +|   0|  0|   32|          32|          32|
    |add_ln246_343_fu_5330_p2  |         +|   0|  0|   32|          32|          32|
    |add_ln246_344_fu_5336_p2  |         +|   0|  0|   32|          32|          32|
    |add_ln246_345_fu_5342_p2  |         +|   0|  0|   32|          32|          32|
    |add_ln246_346_fu_5348_p2  |         +|   0|  0|   32|          32|          32|
    |add_ln246_347_fu_5354_p2  |         +|   0|  0|   32|          32|          32|
    |add_ln246_348_fu_5360_p2  |         +|   0|  0|   32|          32|          32|
    |add_ln246_349_fu_5366_p2  |         +|   0|  0|   32|          32|          32|
    |add_ln246_34_fu_2107_p2   |         +|   0|  0|   32|          32|          32|
    |add_ln246_350_fu_5372_p2  |         +|   0|  0|   32|          32|          32|
    |add_ln246_351_fu_5378_p2  |         +|   0|  0|   32|          32|          32|
    |add_ln246_352_fu_5384_p2  |         +|   0|  0|   32|          32|          32|
    |add_ln246_353_fu_5390_p2  |         +|   0|  0|   32|          32|          32|
    |add_ln246_355_fu_5462_p2  |         +|   0|  0|   32|          32|          32|
    |add_ln246_356_fu_5468_p2  |         +|   0|  0|   32|          32|          32|
    |add_ln246_357_fu_5480_p2  |         +|   0|  0|   32|          32|          32|
    |add_ln246_359_fu_5492_p2  |         +|   0|  0|   32|          32|          32|
    |add_ln246_35_fu_1405_p2   |         +|   0|  0|   32|          32|          32|
    |add_ln246_360_fu_5498_p2  |         +|   0|  0|   32|          32|          32|
    |add_ln246_361_fu_5504_p2  |         +|   0|  0|   32|          32|          32|
    |add_ln246_362_fu_5510_p2  |         +|   0|  0|   32|          32|          32|
    |add_ln246_363_fu_5516_p2  |         +|   0|  0|   32|          32|          32|
    |add_ln246_364_fu_5522_p2  |         +|   0|  0|   32|          32|          32|
    |add_ln246_365_fu_5528_p2  |         +|   0|  0|   32|          32|          32|
    |add_ln246_366_fu_5534_p2  |         +|   0|  0|   32|          32|          32|
    |add_ln246_367_fu_5546_p2  |         +|   0|  0|   32|          32|          32|
    |add_ln246_368_fu_5564_p2  |         +|   0|  0|   32|          32|          32|
    |add_ln246_369_fu_5570_p2  |         +|   0|  0|   32|          32|          32|
    |add_ln246_36_fu_2173_p2   |         +|   0|  0|   32|          32|          32|
    |add_ln246_370_fu_3343_p2  |         +|   0|  0|   39|          32|          32|
    |add_ln246_371_fu_3349_p2  |         +|   0|  0|   32|          32|          32|
    |add_ln246_372_fu_5624_p2  |         +|   0|  0|   32|          32|          32|
    |add_ln246_373_fu_5630_p2  |         +|   0|  0|   32|          32|          32|
    |add_ln246_374_fu_5636_p2  |         +|   0|  0|   32|          32|          32|
    |add_ln246_375_fu_5642_p2  |         +|   0|  0|   32|          32|          32|
    |add_ln246_376_fu_5648_p2  |         +|   0|  0|   32|          32|          32|
    |add_ln246_377_fu_5654_p2  |         +|   0|  0|   32|          32|          32|
    |add_ln246_378_fu_5660_p2  |         +|   0|  0|   32|          32|          32|
    |add_ln246_379_fu_5666_p2  |         +|   0|  0|   39|          32|          32|
    |add_ln246_37_fu_2179_p2   |         +|   0|  0|   39|          32|          32|
    |add_ln246_380_fu_5672_p2  |         +|   0|  0|   32|          32|          32|
    |add_ln246_381_fu_5678_p2  |         +|   0|  0|   32|          32|          32|
    |add_ln246_382_fu_5684_p2  |         +|   0|  0|   32|          32|          32|
    |add_ln246_383_fu_5696_p2  |         +|   0|  0|   32|          32|          32|
    |add_ln246_384_fu_5708_p2  |         +|   0|  0|   32|          32|          32|
    |add_ln246_385_fu_5714_p2  |         +|   0|  0|   32|          32|          32|
    |add_ln246_387_fu_5786_p2  |         +|   0|  0|   39|          32|          32|
    |add_ln246_388_fu_5792_p2  |         +|   0|  0|   32|          32|          32|
    |add_ln246_389_fu_5798_p2  |         +|   0|  0|   32|          32|          32|
    |add_ln246_38_fu_2185_p2   |         +|   0|  0|   32|          32|          32|
    |add_ln246_390_fu_5804_p2  |         +|   0|  0|   32|          32|          32|
    |add_ln246_391_fu_5810_p2  |         +|   0|  0|   32|          32|          32|
    |add_ln246_392_fu_5816_p2  |         +|   0|  0|   32|          32|          32|
    |add_ln246_393_fu_5822_p2  |         +|   0|  0|   32|          32|          32|
    |add_ln246_394_fu_5828_p2  |         +|   0|  0|   32|          32|          32|
    |add_ln246_395_fu_5834_p2  |         +|   0|  0|   39|          32|          32|
    |add_ln246_396_fu_5840_p2  |         +|   0|  0|   32|          32|          32|
    |add_ln246_397_fu_5846_p2  |         +|   0|  0|   32|          32|          32|
    |add_ln246_398_fu_5852_p2  |         +|   0|  0|   32|          32|          32|
    |add_ln246_399_fu_5864_p2  |         +|   0|  0|   32|          32|          32|
    |add_ln246_39_fu_2191_p2   |         +|   0|  0|   32|          32|          32|
    |add_ln246_3_fu_1471_p2    |         +|   0|  0|   32|          32|          32|
    |add_ln246_400_fu_5876_p2  |         +|   0|  0|   32|          32|          32|
    |add_ln246_401_fu_5882_p2  |         +|   0|  0|   32|          32|          32|
    |add_ln246_402_fu_3469_p2  |         +|   0|  0|   39|          32|          32|
    |add_ln246_403_fu_5948_p2  |         +|   0|  0|   32|          32|          32|
    |add_ln246_404_fu_5954_p2  |         +|   0|  0|   32|          32|          32|
    |add_ln246_405_fu_5960_p2  |         +|   0|  0|   39|          32|          32|
    |add_ln246_406_fu_5966_p2  |         +|   0|  0|   32|          32|          32|
    |add_ln246_407_fu_5972_p2  |         +|   0|  0|   32|          32|          32|
    |add_ln246_408_fu_5978_p2  |         +|   0|  0|   32|          32|          32|
    |add_ln246_409_fu_5984_p2  |         +|   0|  0|   32|          32|          32|
    |add_ln246_40_fu_2197_p2   |         +|   0|  0|   32|          32|          32|
    |add_ln246_410_fu_5990_p2  |         +|   0|  0|   32|          32|          32|
    |add_ln246_411_fu_5996_p2  |         +|   0|  0|   32|          32|          32|
    |add_ln246_412_fu_6002_p2  |         +|   0|  0|   32|          32|          32|
    |add_ln246_413_fu_6008_p2  |         +|   0|  0|   32|          32|          32|
    |add_ln246_414_fu_6014_p2  |         +|   0|  0|   32|          32|          32|
    |add_ln246_415_fu_6020_p2  |         +|   0|  0|   39|          32|          32|
    |add_ln246_416_fu_6032_p2  |         +|   0|  0|   32|          32|          32|
    |add_ln246_417_fu_6038_p2  |         +|   0|  0|   32|          32|          32|
    |add_ln246_418_fu_6044_p2  |         +|   0|  0|   32|          32|          32|
    |add_ln246_41_fu_2203_p2   |         +|   0|  0|   32|          32|          32|
    |add_ln246_420_fu_6116_p2  |         +|   0|  0|   32|          32|          32|
    |add_ln246_421_fu_6122_p2  |         +|   0|  0|   32|          32|          32|
    |add_ln246_422_fu_6128_p2  |         +|   0|  0|   32|          32|          32|
    |add_ln246_423_fu_6134_p2  |         +|   0|  0|   32|          32|          32|
    |add_ln246_424_fu_6140_p2  |         +|   0|  0|   32|          32|          32|
    |add_ln246_425_fu_6146_p2  |         +|   0|  0|   32|          32|          32|
    |add_ln246_426_fu_6152_p2  |         +|   0|  0|   32|          32|          32|
    |add_ln246_427_fu_6158_p2  |         +|   0|  0|   32|          32|          32|
    |add_ln246_428_fu_6164_p2  |         +|   0|  0|   32|          32|          32|
    |add_ln246_429_fu_6170_p2  |         +|   0|  0|   32|          32|          32|
    |add_ln246_42_fu_2209_p2   |         +|   0|  0|   32|          32|          32|
    |add_ln246_430_fu_6176_p2  |         +|   0|  0|   32|          32|          32|
    |add_ln246_431_fu_6182_p2  |         +|   0|  0|   39|          32|          32|
    |add_ln246_432_fu_6188_p2  |         +|   0|  0|   39|          32|          32|
    |add_ln246_433_fu_6194_p2  |         +|   0|  0|   32|          32|          32|
    |add_ln246_434_fu_6212_p2  |         +|   0|  0|   32|          32|          32|
    |add_ln246_435_fu_6218_p2  |         +|   0|  0|   32|          32|          32|
    |add_ln246_437_fu_6284_p2  |         +|   0|  0|   39|          32|          32|
    |add_ln246_438_fu_6290_p2  |         +|   0|  0|   32|          32|          32|
    |add_ln246_439_fu_6296_p2  |         +|   0|  0|   32|          32|          32|
    |add_ln246_43_fu_2215_p2   |         +|   0|  0|   39|          32|          32|
    |add_ln246_440_fu_6302_p2  |         +|   0|  0|   32|          32|          32|
    |add_ln246_441_fu_6308_p2  |         +|   0|  0|   32|          32|          32|
    |add_ln246_442_fu_6314_p2  |         +|   0|  0|   32|          32|          32|
    |add_ln246_443_fu_6320_p2  |         +|   0|  0|   32|          32|          32|
    |add_ln246_444_fu_6326_p2  |         +|   0|  0|   32|          32|          32|
    |add_ln246_445_fu_6332_p2  |         +|   0|  0|   32|          32|          32|
    |add_ln246_446_fu_6338_p2  |         +|   0|  0|   32|          32|          32|
    |add_ln246_447_fu_6344_p2  |         +|   0|  0|   32|          32|          32|
    |add_ln246_448_fu_6350_p2  |         +|   0|  0|   32|          32|          32|
    |add_ln246_449_fu_6356_p2  |         +|   0|  0|   32|          32|          32|
    |add_ln246_44_fu_2227_p2   |         +|   0|  0|   32|          32|          32|
    |add_ln246_450_fu_6362_p2  |         +|   0|  0|   32|          32|          32|
    |add_ln246_452_fu_6374_p2  |         +|   0|  0|   32|          32|          32|
    |add_ln246_454_fu_3889_p2  |         +|   0|  0|   39|          32|          32|
    |add_ln246_456_fu_4033_p2  |         +|   0|  0|   32|          32|          32|
    |add_ln246_459_fu_4255_p2  |         +|   0|  0|   39|          32|          32|
    |add_ln246_45_fu_2239_p2   |         +|   0|  0|   32|          32|          32|
    |add_ln246_462_fu_4573_p2  |         +|   0|  0|   39|          32|          32|
    |add_ln246_463_fu_4657_p2  |         +|   0|  0|   32|          32|          32|
    |add_ln246_465_fu_4741_p2  |         +|   0|  0|   39|          32|          32|
    |add_ln246_46_fu_2245_p2   |         +|   0|  0|   32|          32|          32|
    |add_ln246_472_fu_5690_p2  |         +|   0|  0|   39|          32|          32|
    |add_ln246_476_fu_6104_p2  |         +|   0|  0|   32|          32|          32|
    |add_ln246_477_fu_6206_p2  |         +|   0|  0|   32|          32|          32|
    |add_ln246_47_fu_1453_p2   |         +|   0|  0|   32|          32|          32|
    |add_ln246_48_fu_2305_p2   |         +|   0|  0|   32|          32|          32|
    |add_ln246_49_fu_2311_p2   |         +|   0|  0|   32|          32|          32|
    |add_ln246_4_fu_1477_p2    |         +|   0|  0|   32|          32|          32|
    |add_ln246_50_fu_2317_p2   |         +|   0|  0|   32|          32|          32|
    |add_ln246_51_fu_2323_p2   |         +|   0|  0|   39|          32|          32|
    |add_ln246_52_fu_2329_p2   |         +|   0|  0|   32|          32|          32|
    |add_ln246_53_fu_2335_p2   |         +|   0|  0|   32|          32|          32|
    |add_ln246_54_fu_2341_p2   |         +|   0|  0|   39|          32|          32|
    |add_ln246_55_fu_2347_p2   |         +|   0|  0|   32|          32|          32|
    |add_ln246_56_fu_2353_p2   |         +|   0|  0|   32|          32|          32|
    |add_ln246_57_fu_2359_p2   |         +|   0|  0|   39|          32|          32|
    |add_ln246_58_fu_2371_p2   |         +|   0|  0|   32|          32|          32|
    |add_ln246_59_fu_2395_p2   |         +|   0|  0|   32|          32|          32|
    |add_ln246_5_fu_1483_p2    |         +|   0|  0|   32|          32|          32|
    |add_ln246_60_fu_2401_p2   |         +|   0|  0|   32|          32|          32|
    |add_ln246_61_fu_1501_p2   |         +|   0|  0|   32|          32|          32|
    |add_ln246_62_fu_2503_p2   |         +|   0|  0|   32|          32|          32|
    |add_ln246_63_fu_2509_p2   |         +|   0|  0|   32|          32|          32|
    |add_ln246_64_fu_2515_p2   |         +|   0|  0|   32|          32|          32|
    |add_ln246_65_fu_2521_p2   |         +|   0|  0|   32|          32|          32|
    |add_ln246_66_fu_2527_p2   |         +|   0|  0|   32|          32|          32|
    |add_ln246_67_fu_2533_p2   |         +|   0|  0|   32|          32|          32|
    |add_ln246_68_fu_2539_p2   |         +|   0|  0|   32|          32|          32|
    |add_ln246_69_fu_2545_p2   |         +|   0|  0|   32|          32|          32|
    |add_ln246_6_fu_1489_p2    |         +|   0|  0|   32|          32|          32|
    |add_ln246_70_fu_2551_p2   |         +|   0|  0|   32|          32|          32|
    |add_ln246_71_fu_2557_p2   |         +|   0|  0|   32|          32|          32|
    |add_ln246_72_fu_2581_p2   |         +|   0|  0|   39|          32|          32|
    |add_ln246_73_fu_2587_p2   |         +|   0|  0|   32|          32|          32|
    |add_ln246_74_fu_2593_p2   |         +|   0|  0|   32|          32|          32|
    |add_ln246_75_fu_2599_p2   |         +|   0|  0|   32|          32|          32|
    |add_ln246_76_fu_1525_p2   |         +|   0|  0|   39|          32|          32|
    |add_ln246_78_fu_2665_p2   |         +|   0|  0|   32|          32|          32|
    |add_ln246_79_fu_2671_p2   |         +|   0|  0|   32|          32|          32|
    |add_ln246_7_fu_1537_p2    |         +|   0|  0|   39|          32|          32|
    |add_ln246_80_fu_2677_p2   |         +|   0|  0|   32|          32|          32|
    |add_ln246_81_fu_2683_p2   |         +|   0|  0|   39|          32|          32|
    |add_ln246_82_fu_2689_p2   |         +|   0|  0|   32|          32|          32|
    |add_ln246_83_fu_2695_p2   |         +|   0|  0|   32|          32|          32|
    |add_ln246_84_fu_2701_p2   |         +|   0|  0|   32|          32|          32|
    |add_ln246_85_fu_2707_p2   |         +|   0|  0|   32|          32|          32|
    |add_ln246_86_fu_2719_p2   |         +|   0|  0|   32|          32|          32|
    |add_ln246_87_fu_2725_p2   |         +|   0|  0|   32|          32|          32|
    |add_ln246_88_fu_1531_p2   |         +|   0|  0|   39|          32|          32|
    |add_ln246_8_fu_1543_p2    |         +|   0|  0|   32|          32|          32|
    |add_ln246_90_fu_2809_p2   |         +|   0|  0|   32|          32|          32|
    |add_ln246_91_fu_2815_p2   |         +|   0|  0|   32|          32|          32|
    |add_ln246_92_fu_2821_p2   |         +|   0|  0|   32|          32|          32|
    |add_ln246_93_fu_2827_p2   |         +|   0|  0|   32|          32|          32|
    |add_ln246_94_fu_2833_p2   |         +|   0|  0|   39|          32|          32|
    |add_ln246_95_fu_2839_p2   |         +|   0|  0|   32|          32|          32|
    |add_ln246_96_fu_2845_p2   |         +|   0|  0|   32|          32|          32|
    |add_ln246_97_fu_2851_p2   |         +|   0|  0|   32|          32|          32|
    |add_ln246_98_fu_2857_p2   |         +|   0|  0|   32|          32|          32|
    |add_ln246_99_fu_2863_p2   |         +|   0|  0|   32|          32|          32|
    |add_ln246_9_fu_1549_p2    |         +|   0|  0|   32|          32|          32|
    |add_ln246_fu_1411_p2      |         +|   0|  0|   32|          32|          32|
    |add_ln249_fu_6514_p2      |         +|   0|  0|   39|          32|          32|
    |add_ln250_fu_6519_p2      |         +|   0|  0|   39|          32|          32|
    |add_ln251_fu_6524_p2      |         +|   0|  0|   39|          32|          32|
    |add_ln252_fu_6529_p2      |         +|   0|  0|   39|          32|          32|
    |add_ln253_fu_6534_p2      |         +|   0|  0|   39|          32|          32|
    |add_ln254_fu_6539_p2      |         +|   0|  0|   39|          32|          32|
    |add_ln255_fu_6544_p2      |         +|   0|  0|   39|          32|          32|
    |add_ln256_fu_6549_p2      |         +|   0|  0|   39|          32|          32|
    |add_ln257_fu_6554_p2      |         +|   0|  0|   39|          32|          32|
    |add_ln258_fu_6559_p2      |         +|   0|  0|   39|          32|          32|
    |add_ln259_fu_6564_p2      |         +|   0|  0|   39|          32|          32|
    |add_ln260_fu_6569_p2      |         +|   0|  0|   39|          32|          32|
    |add_ln261_fu_6574_p2      |         +|   0|  0|   39|          32|          32|
    |add_ln262_fu_6579_p2      |         +|   0|  0|   39|          32|          32|
    |add_ln263_fu_6584_p2      |         +|   0|  0|   39|          32|          32|
    |add_ln264_fu_6589_p2      |         +|   0|  0|   39|          32|          32|
    |add_ln265_fu_6594_p2      |         +|   0|  0|   39|          32|          32|
    |add_ln266_fu_6599_p2      |         +|   0|  0|   39|          32|          32|
    |add_ln267_fu_6604_p2      |         +|   0|  0|   39|          32|          32|
    |add_ln268_fu_6609_p2      |         +|   0|  0|   39|          32|          32|
    |add_ln269_fu_6614_p2      |         +|   0|  0|   39|          32|          32|
    |add_ln270_fu_6619_p2      |         +|   0|  0|   39|          32|          32|
    |add_ln271_fu_6624_p2      |         +|   0|  0|   39|          32|          32|
    |add_ln272_fu_6629_p2      |         +|   0|  0|   39|          32|          32|
    |add_ln273_fu_6634_p2      |         +|   0|  0|   39|          32|          32|
    |add_ln274_fu_6639_p2      |         +|   0|  0|   39|          32|          32|
    |add_ln275_fu_6644_p2      |         +|   0|  0|   39|          32|          32|
    |add_ln276_fu_6649_p2      |         +|   0|  0|   39|          32|          32|
    |add_ln277_fu_6654_p2      |         +|   0|  0|   39|          32|          32|
    |add_ln278_fu_6659_p2      |         +|   0|  0|   39|          32|          32|
    |add_ln279_fu_6664_p2      |         +|   0|  0|   39|          32|          32|
    |add_ln280_fu_6669_p2      |         +|   0|  0|   39|          32|          32|
    |odds_10_fu_3295_p2        |         +|   0|  0|   32|          32|          32|
    |odds_11_fu_3421_p2        |         +|   0|  0|   32|          32|          32|
    |odds_12_fu_3553_p2        |         +|   0|  0|   32|          32|          32|
    |odds_13_fu_3655_p2        |         +|   0|  0|   32|          32|          32|
    |odds_14_fu_3763_p2        |         +|   0|  0|   32|          32|          32|
    |odds_15_fu_3925_p2        |         +|   0|  0|   32|          32|          32|
    |odds_16_fu_4063_p2        |         +|   0|  0|   32|          32|          32|
    |odds_17_fu_4213_p2        |         +|   0|  0|   32|          32|          32|
    |odds_18_fu_4345_p2        |         +|   0|  0|   32|          32|          32|
    |odds_19_fu_4537_p2        |         +|   0|  0|   32|          32|          32|
    |odds_1_fu_1885_p2         |         +|   0|  0|   32|          32|          32|
    |odds_20_fu_4681_p2        |         +|   0|  0|   32|          32|          32|
    |odds_21_fu_4826_p2        |         +|   0|  0|   32|          32|          32|
    |odds_22_fu_4964_p2        |         +|   0|  0|   32|          32|          32|
    |odds_23_fu_5096_p2        |         +|   0|  0|   32|          32|          32|
    |odds_24_fu_5234_p2        |         +|   0|  0|   32|          32|          32|
    |odds_25_fu_5396_p2        |         +|   0|  0|   32|          32|          32|
    |odds_26_fu_5576_p2        |         +|   0|  0|   32|          32|          32|
    |odds_27_fu_5720_p2        |         +|   0|  0|   32|          32|          32|
    |odds_28_fu_5888_p2        |         +|   0|  0|   32|          32|          32|
    |odds_29_fu_6050_p2        |         +|   0|  0|   32|          32|          32|
    |odds_2_fu_2113_p2         |         +|   0|  0|   32|          32|          32|
    |odds_30_fu_6224_p2        |         +|   0|  0|   32|          32|          32|
    |odds_31_fu_6380_p2        |         +|   0|  0|   32|          32|          32|
    |odds_3_fu_2251_p2         |         +|   0|  0|   32|          32|          32|
    |odds_4_fu_2407_p2         |         +|   0|  0|   32|          32|          32|
    |odds_5_fu_2605_p2         |         +|   0|  0|   32|          32|          32|
    |odds_6_fu_2731_p2         |         +|   0|  0|   32|          32|          32|
    |odds_7_fu_2899_p2         |         +|   0|  0|   32|          32|          32|
    |odds_8_fu_3025_p2         |         +|   0|  0|   32|          32|          32|
    |odds_9_fu_3145_p2         |         +|   0|  0|   32|          32|          32|
    |odds_fu_1561_p2           |         +|   0|  0|   32|          32|          32|
    |tmp1113_fu_4399_p2        |         +|   0|  0|   32|          32|          32|
    |tmp3_fu_2455_p2           |         +|   0|  0|   32|          32|          32|
    |tmp4_fu_2497_p2           |         +|   0|  0|   32|          32|          32|
    |tmp6_fu_4405_p2           |         +|   0|  0|   32|          32|          32|
    |tmp7_fu_4447_p2           |         +|   0|  0|   32|          32|          32|
    |tmp9_fu_5306_p2           |         +|   0|  0|   32|          32|          32|
    |tmp_fu_1381_p2            |         +|   0|  0|   32|          32|          32|
    |p_sub200_fu_5282_p2       |         -|   0|  0|   32|          32|          32|
    |p_sub202_fu_5294_p2       |         -|   0|  0|   32|          32|          32|
    |p_sub341_fu_4423_p2       |         -|   0|  0|   39|          32|          32|
    |p_sub343_fu_4435_p2       |         -|   0|  0|   32|          32|          32|
    |p_sub720_fu_2473_p2       |         -|   0|  0|   32|          32|          32|
    |p_sub722_fu_2485_p2       |         -|   0|  0|   32|          32|          32|
    |sub_ln243_100_fu_4874_p2  |         -|   0|  0|   32|           1|          32|
    |sub_ln243_101_fu_4880_p2  |         -|   0|  0|   32|          32|          32|
    |sub_ln243_102_fu_4982_p2  |         -|   0|  0|   39|          32|          32|
    |sub_ln243_103_fu_4988_p2  |         -|   0|  0|   32|           1|          32|
    |sub_ln243_104_fu_4994_p2  |         -|   0|  0|   32|          32|          32|
    |sub_ln243_105_fu_5114_p2  |         -|   0|  0|   39|          32|          32|
    |sub_ln243_106_fu_5120_p2  |         -|   0|  0|   39|          32|          32|
    |sub_ln243_107_fu_5126_p2  |         -|   0|  0|   32|          32|          32|
    |sub_ln243_108_fu_5132_p2  |         -|   0|  0|   39|          32|          32|
    |sub_ln243_109_fu_5138_p2  |         -|   0|  0|   39|          32|          32|
    |sub_ln243_10_fu_1147_p2   |         -|   0|  0|   39|          32|          32|
    |sub_ln243_110_fu_5144_p2  |         -|   0|  0|   32|          32|          32|
    |sub_ln243_111_fu_5150_p2  |         -|   0|  0|   32|          32|          32|
    |sub_ln243_112_fu_5240_p2  |         -|   0|  0|   39|          32|          32|
    |sub_ln243_113_fu_5246_p2  |         -|   0|  0|   32|          32|          32|
    |sub_ln243_114_fu_5252_p2  |         -|   0|  0|   32|          32|          32|
    |sub_ln243_115_fu_5258_p2  |         -|   0|  0|   32|          32|          32|
    |sub_ln243_116_fu_5402_p2  |         -|   0|  0|   39|          32|          32|
    |sub_ln243_117_fu_5408_p2  |         -|   0|  0|   39|           1|          32|
    |sub_ln243_118_fu_5414_p2  |         -|   0|  0|   32|          32|          32|
    |sub_ln243_119_fu_5420_p2  |         -|   0|  0|   39|          32|          32|
    |sub_ln243_11_fu_1159_p2   |         -|   0|  0|   39|          32|          32|
    |sub_ln243_120_fu_5426_p2  |         -|   0|  0|   32|          32|          32|
    |sub_ln243_121_fu_5432_p2  |         -|   0|  0|   32|          32|          32|
    |sub_ln243_122_fu_5438_p2  |         -|   0|  0|   32|           1|          32|
    |sub_ln243_123_fu_5444_p2  |         -|   0|  0|   32|          32|          32|
    |sub_ln243_124_fu_5456_p2  |         -|   0|  0|   32|          32|          32|
    |sub_ln243_125_fu_5588_p2  |         -|   0|  0|   39|          32|          32|
    |sub_ln243_126_fu_5606_p2  |         -|   0|  0|   32|          32|          32|
    |sub_ln243_127_fu_5612_p2  |         -|   0|  0|   39|          32|          32|
    |sub_ln243_128_fu_5618_p2  |         -|   0|  0|   32|          32|          32|
    |sub_ln243_129_fu_5726_p2  |         -|   0|  0|   39|          32|          32|
    |sub_ln243_12_fu_1171_p2   |         -|   0|  0|   32|          32|          32|
    |sub_ln243_130_fu_5744_p2  |         -|   0|  0|   39|          32|          32|
    |sub_ln243_131_fu_5750_p2  |         -|   0|  0|   32|          32|          32|
    |sub_ln243_132_fu_5762_p2  |         -|   0|  0|   39|          32|          32|
    |sub_ln243_133_fu_5768_p2  |         -|   0|  0|   32|          32|          32|
    |sub_ln243_134_fu_5894_p2  |         -|   0|  0|   32|          32|          32|
    |sub_ln243_135_fu_5900_p2  |         -|   0|  0|   32|          32|          32|
    |sub_ln243_136_fu_5906_p2  |         -|   0|  0|   32|           1|          32|
    |sub_ln243_137_fu_5912_p2  |         -|   0|  0|   32|          32|          32|
    |sub_ln243_138_fu_5930_p2  |         -|   0|  0|   39|          32|          32|
    |sub_ln243_139_fu_5936_p2  |         -|   0|  0|   32|          32|          32|
    |sub_ln243_13_fu_1573_p2   |         -|   0|  0|   39|          32|          32|
    |sub_ln243_140_fu_6056_p2  |         -|   0|  0|   39|          32|          32|
    |sub_ln243_141_fu_6062_p2  |         -|   0|  0|   32|           1|          32|
    |sub_ln243_142_fu_6068_p2  |         -|   0|  0|   32|          32|          32|
    |sub_ln243_143_fu_6080_p2  |         -|   0|  0|   32|          32|          32|
    |sub_ln243_144_fu_6086_p2  |         -|   0|  0|   39|           1|          32|
    |sub_ln243_145_fu_6092_p2  |         -|   0|  0|   32|          32|          32|
    |sub_ln243_146_fu_6230_p2  |         -|   0|  0|   39|          32|          32|
    |sub_ln243_147_fu_6236_p2  |         -|   0|  0|   32|          32|          32|
    |sub_ln243_148_fu_6242_p2  |         -|   0|  0|   32|          32|          32|
    |sub_ln243_149_fu_6248_p2  |         -|   0|  0|   39|          32|          32|
    |sub_ln243_14_fu_1603_p2   |         -|   0|  0|   32|          32|          32|
    |sub_ln243_150_fu_6260_p2  |         -|   0|  0|   39|          32|          32|
    |sub_ln243_151_fu_6266_p2  |         -|   0|  0|   39|          32|          32|
    |sub_ln243_152_fu_6272_p2  |         -|   0|  0|   39|           1|          32|
    |sub_ln243_153_fu_6278_p2  |         -|   0|  0|   32|          32|          32|
    |sub_ln243_15_fu_1615_p2   |         -|   0|  0|   32|          32|          32|
    |sub_ln243_16_fu_1669_p2   |         -|   0|  0|   39|          32|          32|
    |sub_ln243_17_fu_1687_p2   |         -|   0|  0|   32|          32|          32|
    |sub_ln243_18_fu_1705_p2   |         -|   0|  0|   32|          32|          32|
    |sub_ln243_19_fu_1723_p2   |         -|   0|  0|   39|          32|          32|
    |sub_ln243_1_fu_1015_p2    |         -|   0|  0|   32|          32|          32|
    |sub_ln243_20_fu_1945_p2   |         -|   0|  0|   39|          32|          32|
    |sub_ln243_21_fu_1951_p2   |         -|   0|  0|   32|          32|          32|
    |sub_ln243_22_fu_1987_p2   |         -|   0|  0|   32|          32|          32|
    |sub_ln243_23_fu_2119_p2   |         -|   0|  0|   39|          32|          32|
    |sub_ln243_24_fu_2125_p2   |         -|   0|  0|   39|          32|          32|
    |sub_ln243_25_fu_2131_p2   |         -|   0|  0|   32|          32|          32|
    |sub_ln243_26_fu_2149_p2   |         -|   0|  0|   32|          32|          32|
    |sub_ln243_27_fu_2155_p2   |         -|   0|  0|   39|          32|          32|
    |sub_ln243_28_fu_2263_p2   |         -|   0|  0|   32|          32|          32|
    |sub_ln243_29_fu_2413_p2   |         -|   0|  0|   39|          32|          32|
    |sub_ln243_2_fu_1021_p2    |         -|   0|  0|   32|          32|          32|
    |sub_ln243_30_fu_2425_p2   |         -|   0|  0|   39|          32|          32|
    |sub_ln243_31_fu_2437_p2   |         -|   0|  0|   39|          32|          32|
    |sub_ln243_32_fu_2443_p2   |         -|   0|  0|   32|          32|          32|
    |sub_ln243_33_fu_2611_p2   |         -|   0|  0|   32|          32|          32|
    |sub_ln243_34_fu_2617_p2   |         -|   0|  0|   39|          32|          32|
    |sub_ln243_35_fu_2635_p2   |         -|   0|  0|   39|          32|          32|
    |sub_ln243_36_fu_2641_p2   |         -|   0|  0|   39|          32|          32|
    |sub_ln243_37_fu_2647_p2   |         -|   0|  0|   39|          32|          32|
    |sub_ln243_38_fu_2773_p2   |         -|   0|  0|   39|          32|          32|
    |sub_ln243_39_fu_2779_p2   |         -|   0|  0|   39|          32|          32|
    |sub_ln243_3_fu_1039_p2    |         -|   0|  0|   32|          32|          32|
    |sub_ln243_40_fu_2785_p2   |         -|   0|  0|   39|          32|          32|
    |sub_ln243_41_fu_2905_p2   |         -|   0|  0|   32|          32|          32|
    |sub_ln243_42_fu_2911_p2   |         -|   0|  0|   32|          32|          32|
    |sub_ln243_43_fu_2923_p2   |         -|   0|  0|   32|          32|          32|
    |sub_ln243_44_fu_2929_p2   |         -|   0|  0|   32|          32|          32|
    |sub_ln243_45_fu_2941_p2   |         -|   0|  0|   39|          32|          32|
    |sub_ln243_46_fu_2947_p2   |         -|   0|  0|   39|          32|          32|
    |sub_ln243_47_fu_2953_p2   |         -|   0|  0|   32|          32|          32|
    |sub_ln243_48_fu_3037_p2   |         -|   0|  0|   39|          32|          32|
    |sub_ln243_49_fu_3043_p2   |         -|   0|  0|   32|          32|          32|
    |sub_ln243_4_fu_1051_p2    |         -|   0|  0|   32|          32|          32|
    |sub_ln243_50_fu_3151_p2   |         -|   0|  0|   39|          32|          32|
    |sub_ln243_51_fu_3157_p2   |         -|   0|  0|   32|          32|          32|
    |sub_ln243_52_fu_3187_p2   |         -|   0|  0|   32|          32|          32|
    |sub_ln243_53_fu_3193_p2   |         -|   0|  0|   39|          32|          32|
    |sub_ln243_54_fu_3199_p2   |         -|   0|  0|   32|          32|          32|
    |sub_ln243_55_fu_3301_p2   |         -|   0|  0|   32|          32|          32|
    |sub_ln243_56_fu_3319_p2   |         -|   0|  0|   39|          32|          32|
    |sub_ln243_57_fu_3337_p2   |         -|   0|  0|   39|          32|          32|
    |sub_ln243_58_fu_3439_p2   |         -|   0|  0|   32|          32|          32|
    |sub_ln243_59_fu_3559_p2   |         -|   0|  0|   39|          32|          32|
    |sub_ln243_5_fu_1081_p2    |         -|   0|  0|   39|          32|          32|
    |sub_ln243_60_fu_3565_p2   |         -|   0|  0|   39|          32|          32|
    |sub_ln243_61_fu_3571_p2   |         -|   0|  0|   32|          32|          32|
    |sub_ln243_62_fu_3577_p2   |         -|   0|  0|   39|          32|          32|
    |sub_ln243_63_fu_3583_p2   |         -|   0|  0|   39|          32|          32|
    |sub_ln243_64_fu_3673_p2   |         -|   0|  0|   32|          32|          32|
    |sub_ln243_65_fu_3679_p2   |         -|   0|  0|   39|          32|          32|
    |sub_ln243_66_fu_3691_p2   |         -|   0|  0|   32|          32|          32|
    |sub_ln243_67_fu_3775_p2   |         -|   0|  0|   32|          32|          32|
    |sub_ln243_68_fu_3805_p2   |         -|   0|  0|   32|          32|          32|
    |sub_ln243_69_fu_3931_p2   |         -|   0|  0|   39|          32|          32|
    |sub_ln243_6_fu_1093_p2    |         -|   0|  0|   39|          32|          32|
    |sub_ln243_70_fu_3937_p2   |         -|   0|  0|   39|          32|          32|
    |sub_ln243_71_fu_3955_p2   |         -|   0|  0|   39|          32|          32|
    |sub_ln243_72_fu_3961_p2   |         -|   0|  0|   32|          32|          32|
    |sub_ln243_73_fu_4069_p2   |         -|   0|  0|   32|          32|          32|
    |sub_ln243_74_fu_4075_p2   |         -|   0|  0|   32|          32|          32|
    |sub_ln243_75_fu_4081_p2   |         -|   0|  0|   39|          32|          32|
    |sub_ln243_76_fu_4087_p2   |         -|   0|  0|   32|          32|          32|
    |sub_ln243_77_fu_4093_p2   |         -|   0|  0|   32|          32|          32|
    |sub_ln243_78_fu_4099_p2   |         -|   0|  0|   32|          32|          32|
    |sub_ln243_79_fu_4105_p2   |         -|   0|  0|   39|          32|          32|
    |sub_ln243_7_fu_1111_p2    |         -|   0|  0|   32|          32|          32|
    |sub_ln243_80_fu_4117_p2   |         -|   0|  0|   32|          32|          32|
    |sub_ln243_81_fu_4219_p2   |         -|   0|  0|   39|          32|          32|
    |sub_ln243_82_fu_4225_p2   |         -|   0|  0|   39|          32|          32|
    |sub_ln243_83_fu_4231_p2   |         -|   0|  0|   32|          32|          32|
    |sub_ln243_84_fu_4243_p2   |         -|   0|  0|   39|          32|          32|
    |sub_ln243_85_fu_4249_p2   |         -|   0|  0|   32|          32|          32|
    |sub_ln243_86_fu_4351_p2   |         -|   0|  0|   39|          32|          32|
    |sub_ln243_87_fu_4363_p2   |         -|   0|  0|   39|          32|          32|
    |sub_ln243_88_fu_4375_p2   |         -|   0|  0|   32|          32|          32|
    |sub_ln243_89_fu_4381_p2   |         -|   0|  0|   39|          32|          32|
    |sub_ln243_8_fu_1123_p2    |         -|   0|  0|   32|          32|          32|
    |sub_ln243_90_fu_4387_p2   |         -|   0|  0|   39|           1|          32|
    |sub_ln243_91_fu_4393_p2   |         -|   0|  0|   32|          32|          32|
    |sub_ln243_92_fu_4543_p2   |         -|   0|  0|   32|          32|          32|
    |sub_ln243_93_fu_4555_p2   |         -|   0|  0|   32|          32|          32|
    |sub_ln243_94_fu_4561_p2   |         -|   0|  0|   39|          32|          32|
    |sub_ln243_95_fu_4687_p2   |         -|   0|  0|   32|          32|          32|
    |sub_ln243_96_fu_4693_p2   |         -|   0|  0|   39|          32|          32|
    |sub_ln243_97_fu_4850_p2   |         -|   0|  0|   32|          32|          32|
    |sub_ln243_98_fu_4856_p2   |         -|   0|  0|   32|          32|          32|
    |sub_ln243_99_fu_4868_p2   |         -|   0|  0|   32|          32|          32|
    |sub_ln243_9_fu_1129_p2    |         -|   0|  0|   32|          32|          32|
    |sub_ln243_fu_1003_p2      |         -|   0|  0|   39|          32|          32|
    |sub_ln244_1_fu_1249_p2    |         -|   0|  0|   32|          32|          32|
    |sub_ln244_2_fu_1765_p2    |         -|   0|  0|   39|          32|          32|
    |sub_ln244_3_fu_1771_p2    |         -|   0|  0|   39|          32|          32|
    |sub_ln244_4_fu_1993_p2    |         -|   0|  0|   39|          32|          32|
    |sub_ln244_5_fu_2287_p2    |         -|   0|  0|   39|          32|          32|
    |sub_ln244_fu_1237_p2      |         -|   0|  0|   32|          32|          32|
    |sub_ln245_1_fu_1291_p2    |         -|   0|  0|   39|          32|          32|
    |sub_ln245_2_fu_1297_p2    |         -|   0|  0|   39|          32|          32|
    |sub_ln245_3_fu_1309_p2    |         -|   0|  0|   39|          32|          32|
    |sub_ln245_4_fu_1315_p2    |         -|   0|  0|   39|          32|          32|
    |sub_ln245_5_fu_1327_p2    |         -|   0|  0|   39|          32|          32|
    |sub_ln245_6_fu_1999_p2    |         -|   0|  0|   39|          32|          32|
    |sub_ln245_7_fu_2293_p2    |         -|   0|  0|   39|          32|          32|
    |sub_ln245_fu_1285_p2      |         -|   0|  0|   32|          32|          32|
    |sub_ln246_10_fu_1777_p2   |         -|   0|  0|   39|           1|          32|
    |sub_ln246_11_fu_1783_p2   |         -|   0|  0|   39|          32|          32|
    |sub_ln246_12_fu_1789_p2   |         -|   0|  0|   39|           1|          32|
    |sub_ln246_13_fu_1795_p2   |         -|   0|  0|   39|          32|          32|
    |sub_ln246_14_fu_1801_p2   |         -|   0|  0|   39|          32|          32|
    |sub_ln246_15_fu_1855_p2   |         -|   0|  0|   32|           1|          32|
    |sub_ln246_16_fu_1861_p2   |         -|   0|  0|   32|          32|          32|
    |sub_ln246_17_fu_2005_p2   |         -|   0|  0|   39|          32|          32|
    |sub_ln246_18_fu_2011_p2   |         -|   0|  0|   39|          32|          32|
    |sub_ln246_19_fu_2017_p2   |         -|   0|  0|   32|          32|          32|
    |sub_ln246_1_fu_1351_p2    |         -|   0|  0|   39|          32|          32|
    |sub_ln246_20_fu_2023_p2   |         -|   0|  0|   39|          32|          32|
    |sub_ln246_21_fu_2059_p2   |         -|   0|  0|   32|          32|          32|
    |sub_ln246_22_fu_2095_p2   |         -|   0|  0|   39|          32|          32|
    |sub_ln246_23_fu_2221_p2   |         -|   0|  0|   39|          32|          32|
    |sub_ln246_24_fu_2233_p2   |         -|   0|  0|   39|          32|          32|
    |sub_ln246_25_fu_2299_p2   |         -|   0|  0|   32|          32|          32|
    |sub_ln246_26_fu_2377_p2   |         -|   0|  0|   39|          32|          32|
    |sub_ln246_27_fu_2575_p2   |         -|   0|  0|   32|          32|          32|
    |sub_ln246_28_fu_2653_p2   |         -|   0|  0|   39|          32|          32|
    |sub_ln246_29_fu_2659_p2   |         -|   0|  0|   32|          32|          32|
    |sub_ln246_2_fu_1357_p2    |         -|   0|  0|   32|          32|          32|
    |sub_ln246_30_fu_2713_p2   |         -|   0|  0|   39|          32|          32|
    |sub_ln246_31_fu_2881_p2   |         -|   0|  0|   39|          32|          32|
    |sub_ln246_32_fu_3127_p2   |         -|   0|  0|   39|          32|          32|
    |sub_ln246_33_fu_3211_p2   |         -|   0|  0|   32|          32|          32|
    |sub_ln246_34_fu_3973_p2   |         -|   0|  0|   32|          32|          32|
    |sub_ln246_35_fu_4027_p2   |         -|   0|  0|   32|          32|          32|
    |sub_ln246_36_fu_4045_p2   |         -|   0|  0|   39|          32|          32|
    |sub_ln246_37_fu_4189_p2   |         -|   0|  0|   39|          32|          32|
    |sub_ln246_38_fu_4471_p2   |         -|   0|  0|   39|          32|          32|
    |sub_ln246_39_fu_4591_p2   |         -|   0|  0|   32|          32|          32|
    |sub_ln246_3_fu_1369_p2    |         -|   0|  0|   39|          32|          32|
    |sub_ln246_40_fu_4645_p2   |         -|   0|  0|   39|          32|          32|
    |sub_ln246_41_fu_4651_p2   |         -|   0|  0|   32|          32|          32|
    |sub_ln246_42_fu_4753_p2   |         -|   0|  0|   32|          32|          32|
    |sub_ln246_43_fu_4940_p2   |         -|   0|  0|   32|          32|          32|
    |sub_ln246_44_fu_4946_p2   |         -|   0|  0|   32|          32|          32|
    |sub_ln246_45_fu_5000_p2   |         -|   0|  0|   39|          32|          32|
    |sub_ln246_46_fu_5156_p2   |         -|   0|  0|   39|          32|          32|
    |sub_ln246_47_fu_5186_p2   |         -|   0|  0|   32|          32|          32|
    |sub_ln246_48_fu_5312_p2   |         -|   0|  0|   32|          32|          32|
    |sub_ln246_49_fu_5474_p2   |         -|   0|  0|   39|          32|          32|
    |sub_ln246_4_fu_1375_p2    |         -|   0|  0|   39|          32|          32|
    |sub_ln246_50_fu_5486_p2   |         -|   0|  0|   32|          32|          32|
    |sub_ln246_51_fu_5540_p2   |         -|   0|  0|   39|          32|          32|
    |sub_ln246_52_fu_5552_p2   |         -|   0|  0|   32|          32|          32|
    |sub_ln246_53_fu_5558_p2   |         -|   0|  0|   32|          32|          32|
    |sub_ln246_54_fu_5702_p2   |         -|   0|  0|   39|          32|          32|
    |sub_ln246_55_fu_5774_p2   |         -|   0|  0|   32|           1|          32|
    |sub_ln246_56_fu_5780_p2   |         -|   0|  0|   32|          32|          32|
    |sub_ln246_57_fu_5858_p2   |         -|   0|  0|   39|          32|          32|
    |sub_ln246_58_fu_5870_p2   |         -|   0|  0|   39|          32|          32|
    |sub_ln246_59_fu_5942_p2   |         -|   0|  0|   39|          32|          32|
    |sub_ln246_5_fu_1399_p2    |         -|   0|  0|   39|          32|          32|
    |sub_ln246_60_fu_6026_p2   |         -|   0|  0|   39|          32|          32|
    |sub_ln246_61_fu_6200_p2   |         -|   0|  0|   32|          32|          32|
    |sub_ln246_62_fu_6368_p2   |         -|   0|  0|   32|          32|          32|
    |sub_ln246_6_fu_1429_p2    |         -|   0|  0|   32|          32|          32|
    |sub_ln246_7_fu_1441_p2    |         -|   0|  0|   32|          32|          32|
    |sub_ln246_8_fu_1507_p2    |         -|   0|  0|   32|          32|          32|
    |sub_ln246_9_fu_1513_p2    |         -|   0|  0|   39|          32|          32|
    |sub_ln246_fu_3643_p2      |         -|   0|  0|   32|          32|          32|
    |sub_ln281_fu_6674_p2      |         -|   0|  0|   39|          32|          32|
    |sub_ln282_fu_6679_p2      |         -|   0|  0|   39|          32|          32|
    |sub_ln283_fu_6684_p2      |         -|   0|  0|   39|          32|          32|
    |sub_ln284_fu_6689_p2      |         -|   0|  0|   39|          32|          32|
    |sub_ln285_fu_6694_p2      |         -|   0|  0|   39|          32|          32|
    |sub_ln286_fu_6699_p2      |         -|   0|  0|   39|          32|          32|
    |sub_ln287_fu_6704_p2      |         -|   0|  0|   39|          32|          32|
    |sub_ln288_fu_6709_p2      |         -|   0|  0|   39|          32|          32|
    |sub_ln289_fu_6714_p2      |         -|   0|  0|   39|          32|          32|
    |sub_ln290_fu_6719_p2      |         -|   0|  0|   39|          32|          32|
    |sub_ln291_fu_6724_p2      |         -|   0|  0|   39|          32|          32|
    |sub_ln292_fu_6729_p2      |         -|   0|  0|   39|          32|          32|
    |sub_ln293_fu_6734_p2      |         -|   0|  0|   39|          32|          32|
    |sub_ln294_fu_6739_p2      |         -|   0|  0|   39|          32|          32|
    |sub_ln295_fu_6744_p2      |         -|   0|  0|   39|          32|          32|
    |sub_ln296_fu_6749_p2      |         -|   0|  0|   39|          32|          32|
    |sub_ln297_fu_6754_p2      |         -|   0|  0|   39|          32|          32|
    |sub_ln298_fu_6759_p2      |         -|   0|  0|   39|          32|          32|
    |sub_ln299_fu_6764_p2      |         -|   0|  0|   39|          32|          32|
    |sub_ln300_fu_6769_p2      |         -|   0|  0|   39|          32|          32|
    |sub_ln301_fu_6774_p2      |         -|   0|  0|   39|          32|          32|
    |sub_ln302_fu_6779_p2      |         -|   0|  0|   39|          32|          32|
    |sub_ln303_fu_6784_p2      |         -|   0|  0|   39|          32|          32|
    |sub_ln304_fu_6789_p2      |         -|   0|  0|   39|          32|          32|
    |sub_ln305_fu_6794_p2      |         -|   0|  0|   39|          32|          32|
    |sub_ln306_fu_6799_p2      |         -|   0|  0|   39|          32|          32|
    |sub_ln307_fu_6804_p2      |         -|   0|  0|   39|          32|          32|
    |sub_ln308_fu_6809_p2      |         -|   0|  0|   39|          32|          32|
    |sub_ln309_fu_6814_p2      |         -|   0|  0|   39|          32|          32|
    |sub_ln310_fu_6819_p2      |         -|   0|  0|   39|          32|          32|
    |sub_ln311_fu_6824_p2      |         -|   0|  0|   39|          32|          32|
    |sub_ln312_fu_6829_p2      |         -|   0|  0|   39|          32|          32|
    |tmp2_fu_2449_p2           |         -|   0|  0|   32|          32|          32|
    |ap_enable_pp0             |       xor|   0|  0|    2|           1|           2|
    +--------------------------+----------+----+---+-----+------------+------------+
    |Total                     |          |   0|  0|30033|       27662|       28066|
    +--------------------------+----------+----+---+-----+------------+------------+

    * Multiplexer: 
    N/A

    * Register: 
    +-------------------------+----+----+-----+-----------+
    |           Name          | FF | LUT| Bits| Const Bits|
    +-------------------------+----+----+-----+-----------+
    |ap_CS_fsm                |   1|   0|    1|          0|
    |ap_enable_reg_pp0_iter1  |   1|   0|    1|          0|
    |odds_10_reg_7278         |  32|   0|   32|          0|
    |odds_11_reg_7284         |  32|   0|   32|          0|
    |odds_12_reg_7290         |  32|   0|   32|          0|
    |odds_13_reg_7296         |  32|   0|   32|          0|
    |odds_14_reg_7302         |  32|   0|   32|          0|
    |odds_15_reg_7308         |  32|   0|   32|          0|
    |odds_16_reg_7314         |  32|   0|   32|          0|
    |odds_17_reg_7320         |  32|   0|   32|          0|
    |odds_18_reg_7326         |  32|   0|   32|          0|
    |odds_19_reg_7332         |  32|   0|   32|          0|
    |odds_1_reg_7224          |  32|   0|   32|          0|
    |odds_20_reg_7338         |  32|   0|   32|          0|
    |odds_21_reg_7344         |  32|   0|   32|          0|
    |odds_22_reg_7350         |  32|   0|   32|          0|
    |odds_23_reg_7356         |  32|   0|   32|          0|
    |odds_24_reg_7362         |  32|   0|   32|          0|
    |odds_25_reg_7368         |  32|   0|   32|          0|
    |odds_26_reg_7374         |  32|   0|   32|          0|
    |odds_27_reg_7380         |  32|   0|   32|          0|
    |odds_28_reg_7386         |  32|   0|   32|          0|
    |odds_29_reg_7392         |  32|   0|   32|          0|
    |odds_2_reg_7230          |  32|   0|   32|          0|
    |odds_30_reg_7398         |  32|   0|   32|          0|
    |odds_31_reg_7404         |  32|   0|   32|          0|
    |odds_3_reg_7236          |  32|   0|   32|          0|
    |odds_4_reg_7242          |  32|   0|   32|          0|
    |odds_5_reg_7248          |  32|   0|   32|          0|
    |odds_6_reg_7254          |  32|   0|   32|          0|
    |odds_7_reg_7260          |  32|   0|   32|          0|
    |odds_8_reg_7266          |  32|   0|   32|          0|
    |odds_9_reg_7272          |  32|   0|   32|          0|
    |odds_reg_7218            |  32|   0|   32|          0|
    +-------------------------+----+----+-----+-----------+
    |Total                    |1026|   0| 1026|          0|
    +-------------------------+----+----+-----+-----------+



================================================================
== Interface
================================================================
* Summary: 
+--------------+-----+-----+------------+--------------+--------------+
|   RTL Ports  | Dir | Bits|  Protocol  | Source Object|    C Type    |
+--------------+-----+-----+------------+--------------+--------------+
|ap_clk        |   in|    1|  ap_ctrl_hs|      IDCT2B64|  return value|
|ap_rst        |   in|    1|  ap_ctrl_hs|      IDCT2B64|  return value|
|ap_start      |   in|    1|  ap_ctrl_hs|      IDCT2B64|  return value|
|ap_done       |  out|    1|  ap_ctrl_hs|      IDCT2B64|  return value|
|ap_idle       |  out|    1|  ap_ctrl_hs|      IDCT2B64|  return value|
|ap_ready      |  out|    1|  ap_ctrl_hs|      IDCT2B64|  return value|
|ap_ce         |   in|    1|  ap_ctrl_hs|      IDCT2B64|  return value|
|ap_return_0   |  out|   32|  ap_ctrl_hs|      IDCT2B64|  return value|
|ap_return_1   |  out|   32|  ap_ctrl_hs|      IDCT2B64|  return value|
|ap_return_2   |  out|   32|  ap_ctrl_hs|      IDCT2B64|  return value|
|ap_return_3   |  out|   32|  ap_ctrl_hs|      IDCT2B64|  return value|
|ap_return_4   |  out|   32|  ap_ctrl_hs|      IDCT2B64|  return value|
|ap_return_5   |  out|   32|  ap_ctrl_hs|      IDCT2B64|  return value|
|ap_return_6   |  out|   32|  ap_ctrl_hs|      IDCT2B64|  return value|
|ap_return_7   |  out|   32|  ap_ctrl_hs|      IDCT2B64|  return value|
|ap_return_8   |  out|   32|  ap_ctrl_hs|      IDCT2B64|  return value|
|ap_return_9   |  out|   32|  ap_ctrl_hs|      IDCT2B64|  return value|
|ap_return_10  |  out|   32|  ap_ctrl_hs|      IDCT2B64|  return value|
|ap_return_11  |  out|   32|  ap_ctrl_hs|      IDCT2B64|  return value|
|ap_return_12  |  out|   32|  ap_ctrl_hs|      IDCT2B64|  return value|
|ap_return_13  |  out|   32|  ap_ctrl_hs|      IDCT2B64|  return value|
|ap_return_14  |  out|   32|  ap_ctrl_hs|      IDCT2B64|  return value|
|ap_return_15  |  out|   32|  ap_ctrl_hs|      IDCT2B64|  return value|
|ap_return_16  |  out|   32|  ap_ctrl_hs|      IDCT2B64|  return value|
|ap_return_17  |  out|   32|  ap_ctrl_hs|      IDCT2B64|  return value|
|ap_return_18  |  out|   32|  ap_ctrl_hs|      IDCT2B64|  return value|
|ap_return_19  |  out|   32|  ap_ctrl_hs|      IDCT2B64|  return value|
|ap_return_20  |  out|   32|  ap_ctrl_hs|      IDCT2B64|  return value|
|ap_return_21  |  out|   32|  ap_ctrl_hs|      IDCT2B64|  return value|
|ap_return_22  |  out|   32|  ap_ctrl_hs|      IDCT2B64|  return value|
|ap_return_23  |  out|   32|  ap_ctrl_hs|      IDCT2B64|  return value|
|ap_return_24  |  out|   32|  ap_ctrl_hs|      IDCT2B64|  return value|
|ap_return_25  |  out|   32|  ap_ctrl_hs|      IDCT2B64|  return value|
|ap_return_26  |  out|   32|  ap_ctrl_hs|      IDCT2B64|  return value|
|ap_return_27  |  out|   32|  ap_ctrl_hs|      IDCT2B64|  return value|
|ap_return_28  |  out|   32|  ap_ctrl_hs|      IDCT2B64|  return value|
|ap_return_29  |  out|   32|  ap_ctrl_hs|      IDCT2B64|  return value|
|ap_return_30  |  out|   32|  ap_ctrl_hs|      IDCT2B64|  return value|
|ap_return_31  |  out|   32|  ap_ctrl_hs|      IDCT2B64|  return value|
|ap_return_32  |  out|   32|  ap_ctrl_hs|      IDCT2B64|  return value|
|ap_return_33  |  out|   32|  ap_ctrl_hs|      IDCT2B64|  return value|
|ap_return_34  |  out|   32|  ap_ctrl_hs|      IDCT2B64|  return value|
|ap_return_35  |  out|   32|  ap_ctrl_hs|      IDCT2B64|  return value|
|ap_return_36  |  out|   32|  ap_ctrl_hs|      IDCT2B64|  return value|
|ap_return_37  |  out|   32|  ap_ctrl_hs|      IDCT2B64|  return value|
|ap_return_38  |  out|   32|  ap_ctrl_hs|      IDCT2B64|  return value|
|ap_return_39  |  out|   32|  ap_ctrl_hs|      IDCT2B64|  return value|
|ap_return_40  |  out|   32|  ap_ctrl_hs|      IDCT2B64|  return value|
|ap_return_41  |  out|   32|  ap_ctrl_hs|      IDCT2B64|  return value|
|ap_return_42  |  out|   32|  ap_ctrl_hs|      IDCT2B64|  return value|
|ap_return_43  |  out|   32|  ap_ctrl_hs|      IDCT2B64|  return value|
|ap_return_44  |  out|   32|  ap_ctrl_hs|      IDCT2B64|  return value|
|ap_return_45  |  out|   32|  ap_ctrl_hs|      IDCT2B64|  return value|
|ap_return_46  |  out|   32|  ap_ctrl_hs|      IDCT2B64|  return value|
|ap_return_47  |  out|   32|  ap_ctrl_hs|      IDCT2B64|  return value|
|ap_return_48  |  out|   32|  ap_ctrl_hs|      IDCT2B64|  return value|
|ap_return_49  |  out|   32|  ap_ctrl_hs|      IDCT2B64|  return value|
|ap_return_50  |  out|   32|  ap_ctrl_hs|      IDCT2B64|  return value|
|ap_return_51  |  out|   32|  ap_ctrl_hs|      IDCT2B64|  return value|
|ap_return_52  |  out|   32|  ap_ctrl_hs|      IDCT2B64|  return value|
|ap_return_53  |  out|   32|  ap_ctrl_hs|      IDCT2B64|  return value|
|ap_return_54  |  out|   32|  ap_ctrl_hs|      IDCT2B64|  return value|
|ap_return_55  |  out|   32|  ap_ctrl_hs|      IDCT2B64|  return value|
|ap_return_56  |  out|   32|  ap_ctrl_hs|      IDCT2B64|  return value|
|ap_return_57  |  out|   32|  ap_ctrl_hs|      IDCT2B64|  return value|
|ap_return_58  |  out|   32|  ap_ctrl_hs|      IDCT2B64|  return value|
|ap_return_59  |  out|   32|  ap_ctrl_hs|      IDCT2B64|  return value|
|ap_return_60  |  out|   32|  ap_ctrl_hs|      IDCT2B64|  return value|
|ap_return_61  |  out|   32|  ap_ctrl_hs|      IDCT2B64|  return value|
|ap_return_62  |  out|   32|  ap_ctrl_hs|      IDCT2B64|  return value|
|ap_return_63  |  out|   32|  ap_ctrl_hs|      IDCT2B64|  return value|
|in_0_val      |   in|   26|     ap_none|      in_0_val|        scalar|
|in_1_val      |   in|   32|     ap_none|      in_1_val|        scalar|
|in_2_val      |   in|   32|     ap_none|      in_2_val|        scalar|
|in_3_val      |   in|   32|     ap_none|      in_3_val|        scalar|
|in_4_val      |   in|   32|     ap_none|      in_4_val|        scalar|
|in_5_val      |   in|   32|     ap_none|      in_5_val|        scalar|
|in_6_val      |   in|   32|     ap_none|      in_6_val|        scalar|
|in_7_val      |   in|   32|     ap_none|      in_7_val|        scalar|
|in_8_val      |   in|   32|     ap_none|      in_8_val|        scalar|
|in_9_val      |   in|   32|     ap_none|      in_9_val|        scalar|
|in_10_val     |   in|   32|     ap_none|     in_10_val|        scalar|
|in_11_val     |   in|   32|     ap_none|     in_11_val|        scalar|
|in_12_val     |   in|   32|     ap_none|     in_12_val|        scalar|
|in_13_val     |   in|   32|     ap_none|     in_13_val|        scalar|
|in_14_val     |   in|   32|     ap_none|     in_14_val|        scalar|
|in_15_val     |   in|   32|     ap_none|     in_15_val|        scalar|
|in_16_val     |   in|   32|     ap_none|     in_16_val|        scalar|
+--------------+-----+-----+------------+--------------+--------------+

