

================================================================
== Vitis HLS Report for 'IDCT2B32'
================================================================
* Date:           Fri Nov 21 21:48:45 2025

* Version:        2024.2 (Build 5238294 on Nov  8 2024)
* Project:        dct2_dir
* Solution:       hls (Vitis Kernel Flow Target)
* Product family: zynquplus
* Target device:  xczu9eg-ffvb1156-2-e


================================================================
== Performance Estimates
================================================================
+ Timing: 
    * Summary: 
    +--------+----------+----------+------------+
    |  Clock |  Target  | Estimated| Uncertainty|
    +--------+----------+----------+------------+
    |ap_clk  |  10.00 ns|  7.199 ns|     2.70 ns|
    +--------+----------+----------+------------+

+ Latency: 
    * Summary: 
    +---------+---------+-----------+-----------+-----+-----+---------+
    |  Latency (cycles) |   Latency (absolute)  |  Interval | Pipeline|
    |   min   |   max   |    min    |    max    | min | max |   Type  |
    +---------+---------+-----------+-----------+-----+-----+---------+
    |        1|        1|  10.000 ns|  10.000 ns|    1|    1|      yes|
    +---------+---------+-----------+-----------+-----+-----+---------+

    + Detail: 
        * Instance: 
        +--------------------------+----------+---------+---------+----------+----------+-----+-----+---------+
        |                          |          |  Latency (cycles) |  Latency (absolute) |  Interval | Pipeline|
        |         Instance         |  Module  |   min   |   max   |    min   |    max   | min | max |   Type  |
        +--------------------------+----------+---------+---------+----------+----------+-----+-----+---------+
        |call_ret_IDCT2B16_fu_306  |IDCT2B16  |        0|        0|      0 ns|      0 ns|    1|    1|      yes|
        +--------------------------+----------+---------+---------+----------+----------+-----+-----+---------+

        * Loop: 
        N/A



================================================================
== Utilization Estimates
================================================================
* Summary: 
+-----------------+---------+------+--------+--------+-----+
|       Name      | BRAM_18K|  DSP |   FF   |   LUT  | URAM|
+-----------------+---------+------+--------+--------+-----+
|DSP              |        -|     -|       -|       -|    -|
|Expression       |        -|     -|       0|   18028|    -|
|FIFO             |        -|     -|       -|       -|    -|
|Instance         |        -|   236|       0|    9875|    -|
|Memory           |        -|     -|       -|       -|    -|
|Multiplexer      |        -|     -|       -|       -|    -|
|Register         |        -|     -|    1026|       -|    -|
+-----------------+---------+------+--------+--------+-----+
|Total            |        0|   236|    1026|   27903|    0|
+-----------------+---------+------+--------+--------+-----+
|Available        |     1824|  2520|  548160|  274080|    0|
+-----------------+---------+------+--------+--------+-----+
|Utilization (%)  |        0|     9|      ~0|      10|    0|
+-----------------+---------+------+--------+--------+-----+

+ Detail: 
    * Instance: 
    +--------------------------+-------------------+---------+----+---+------+-----+
    |         Instance         |       Module      | BRAM_18K| DSP| FF|  LUT | URAM|
    +--------------------------+-------------------+---------+----+---+------+-----+
    |call_ret_IDCT2B16_fu_306  |IDCT2B16           |        0|  50|  0|  8015|    0|
    |mul_32s_5s_32_1_1_U144    |mul_32s_5s_32_1_1  |        0|   2|  0|    20|    0|
    |mul_32s_5s_32_1_1_U145    |mul_32s_5s_32_1_1  |        0|   2|  0|    20|    0|
    |mul_32s_5s_32_1_1_U146    |mul_32s_5s_32_1_1  |        0|   2|  0|    20|    0|
    |mul_32s_5s_32_1_1_U147    |mul_32s_5s_32_1_1  |        0|   2|  0|    20|    0|
    |mul_32s_5s_32_1_1_U148    |mul_32s_5s_32_1_1  |        0|   2|  0|    20|    0|
    |mul_32s_5s_32_1_1_U149    |mul_32s_5s_32_1_1  |        0|   2|  0|    20|    0|
    |mul_32s_5s_32_1_1_U150    |mul_32s_5s_32_1_1  |        0|   2|  0|    20|    0|
    |mul_32s_5s_32_1_1_U151    |mul_32s_5s_32_1_1  |        0|   2|  0|    20|    0|
    |mul_32s_6s_32_1_1_U59     |mul_32s_6s_32_1_1  |        0|   2|  0|    20|    0|
    |mul_32s_6s_32_1_1_U76     |mul_32s_6s_32_1_1  |        0|   2|  0|    20|    0|
    |mul_32s_6s_32_1_1_U87     |mul_32s_6s_32_1_1  |        0|   2|  0|    20|    0|
    |mul_32s_6s_32_1_1_U92     |mul_32s_6s_32_1_1  |        0|   2|  0|    20|    0|
    |mul_32s_6s_32_1_1_U99     |mul_32s_6s_32_1_1  |        0|   2|  0|    20|    0|
    |mul_32s_6s_32_1_1_U112    |mul_32s_6s_32_1_1  |        0|   2|  0|    20|    0|
    |mul_32s_6s_32_1_1_U127    |mul_32s_6s_32_1_1  |        0|   2|  0|    20|    0|
    |mul_32s_7s_32_1_1_U60     |mul_32s_7s_32_1_1  |        0|   2|  0|    20|    0|
    |mul_32s_7s_32_1_1_U66     |mul_32s_7s_32_1_1  |        0|   2|  0|    20|    0|
    |mul_32s_7s_32_1_1_U67     |mul_32s_7s_32_1_1  |        0|   2|  0|    20|    0|
    |mul_32s_7s_32_1_1_U68     |mul_32s_7s_32_1_1  |        0|   2|  0|    20|    0|
    |mul_32s_7s_32_1_1_U72     |mul_32s_7s_32_1_1  |        0|   2|  0|    20|    0|
    |mul_32s_7s_32_1_1_U77     |mul_32s_7s_32_1_1  |        0|   2|  0|    20|    0|
    |mul_32s_7s_32_1_1_U80     |mul_32s_7s_32_1_1  |        0|   2|  0|    20|    0|
    |mul_32s_7s_32_1_1_U82     |mul_32s_7s_32_1_1  |        0|   2|  0|    20|    0|
    |mul_32s_7s_32_1_1_U83     |mul_32s_7s_32_1_1  |        0|   2|  0|    20|    0|
    |mul_32s_7s_32_1_1_U89     |mul_32s_7s_32_1_1  |        0|   2|  0|    20|    0|
    |mul_32s_7s_32_1_1_U90     |mul_32s_7s_32_1_1  |        0|   2|  0|    20|    0|
    |mul_32s_7s_32_1_1_U91     |mul_32s_7s_32_1_1  |        0|   2|  0|    20|    0|
    |mul_32s_7s_32_1_1_U93     |mul_32s_7s_32_1_1  |        0|   2|  0|    20|    0|
    |mul_32s_7s_32_1_1_U94     |mul_32s_7s_32_1_1  |        0|   2|  0|    20|    0|
    |mul_32s_7s_32_1_1_U97     |mul_32s_7s_32_1_1  |        0|   2|  0|    20|    0|
    |mul_32s_7s_32_1_1_U102    |mul_32s_7s_32_1_1  |        0|   2|  0|    20|    0|
    |mul_32s_7s_32_1_1_U104    |mul_32s_7s_32_1_1  |        0|   2|  0|    20|    0|
    |mul_32s_7s_32_1_1_U106    |mul_32s_7s_32_1_1  |        0|   2|  0|    20|    0|
    |mul_32s_7s_32_1_1_U109    |mul_32s_7s_32_1_1  |        0|   2|  0|    20|    0|
    |mul_32s_7s_32_1_1_U110    |mul_32s_7s_32_1_1  |        0|   2|  0|    20|    0|
    |mul_32s_7s_32_1_1_U120    |mul_32s_7s_32_1_1  |        0|   2|  0|    20|    0|
    |mul_32s_7s_32_1_1_U124    |mul_32s_7s_32_1_1  |        0|   2|  0|    20|    0|
    |mul_32s_7s_32_1_1_U126    |mul_32s_7s_32_1_1  |        0|   2|  0|    20|    0|
    |mul_32s_7s_32_1_1_U128    |mul_32s_7s_32_1_1  |        0|   2|  0|    20|    0|
    |mul_32s_7s_32_1_1_U129    |mul_32s_7s_32_1_1  |        0|   2|  0|    20|    0|
    |mul_32s_7s_32_1_1_U130    |mul_32s_7s_32_1_1  |        0|   2|  0|    20|    0|
    |mul_32s_7s_32_1_1_U134    |mul_32s_7s_32_1_1  |        0|   2|  0|    20|    0|
    |mul_32s_7s_32_1_1_U137    |mul_32s_7s_32_1_1  |        0|   2|  0|    20|    0|
    |mul_32s_7s_32_1_1_U139    |mul_32s_7s_32_1_1  |        0|   2|  0|    20|    0|
    |mul_32s_7s_32_1_1_U140    |mul_32s_7s_32_1_1  |        0|   2|  0|    20|    0|
    |mul_32s_8s_32_1_1_U61     |mul_32s_8s_32_1_1  |        0|   2|  0|    20|    0|
    |mul_32s_8s_32_1_1_U62     |mul_32s_8s_32_1_1  |        0|   2|  0|    20|    0|
    |mul_32s_8s_32_1_1_U63     |mul_32s_8s_32_1_1  |        0|   2|  0|    20|    0|
    |mul_32s_8s_32_1_1_U64     |mul_32s_8s_32_1_1  |        0|   2|  0|    20|    0|
    |mul_32s_8s_32_1_1_U65     |mul_32s_8s_32_1_1  |        0|   2|  0|    20|    0|
    |mul_32s_8s_32_1_1_U69     |mul_32s_8s_32_1_1  |        0|   2|  0|    20|    0|
    |mul_32s_8s_32_1_1_U70     |mul_32s_8s_32_1_1  |        0|   2|  0|    20|    0|
    |mul_32s_8s_32_1_1_U71     |mul_32s_8s_32_1_1  |        0|   2|  0|    20|    0|
    |mul_32s_8s_32_1_1_U73     |mul_32s_8s_32_1_1  |        0|   2|  0|    20|    0|
    |mul_32s_8s_32_1_1_U74     |mul_32s_8s_32_1_1  |        0|   2|  0|    20|    0|
    |mul_32s_8s_32_1_1_U75     |mul_32s_8s_32_1_1  |        0|   2|  0|    20|    0|
    |mul_32s_8s_32_1_1_U78     |mul_32s_8s_32_1_1  |        0|   2|  0|    20|    0|
    |mul_32s_8s_32_1_1_U79     |mul_32s_8s_32_1_1  |        0|   2|  0|    20|    0|
    |mul_32s_8s_32_1_1_U81     |mul_32s_8s_32_1_1  |        0|   2|  0|    20|    0|
    |mul_32s_8s_32_1_1_U84     |mul_32s_8s_32_1_1  |        0|   2|  0|    20|    0|
    |mul_32s_8s_32_1_1_U85     |mul_32s_8s_32_1_1  |        0|   2|  0|    20|    0|
    |mul_32s_8s_32_1_1_U86     |mul_32s_8s_32_1_1  |        0|   2|  0|    20|    0|
    |mul_32s_8s_32_1_1_U88     |mul_32s_8s_32_1_1  |        0|   2|  0|    20|    0|
    |mul_32s_8s_32_1_1_U95     |mul_32s_8s_32_1_1  |        0|   2|  0|    20|    0|
    |mul_32s_8s_32_1_1_U96     |mul_32s_8s_32_1_1  |        0|   2|  0|    20|    0|
    |mul_32s_8s_32_1_1_U98     |mul_32s_8s_32_1_1  |        0|   2|  0|    20|    0|
    |mul_32s_8s_32_1_1_U100    |mul_32s_8s_32_1_1  |        0|   2|  0|    20|    0|
    |mul_32s_8s_32_1_1_U101    |mul_32s_8s_32_1_1  |        0|   2|  0|    20|    0|
    |mul_32s_8s_32_1_1_U103    |mul_32s_8s_32_1_1  |        0|   2|  0|    20|    0|
    |mul_32s_8s_32_1_1_U105    |mul_32s_8s_32_1_1  |        0|   2|  0|    20|    0|
    |mul_32s_8s_32_1_1_U107    |mul_32s_8s_32_1_1  |        0|   2|  0|    20|    0|
    |mul_32s_8s_32_1_1_U108    |mul_32s_8s_32_1_1  |        0|   2|  0|    20|    0|
    |mul_32s_8s_32_1_1_U111    |mul_32s_8s_32_1_1  |        0|   2|  0|    20|    0|
    |mul_32s_8s_32_1_1_U113    |mul_32s_8s_32_1_1  |        0|   2|  0|    20|    0|
    |mul_32s_8s_32_1_1_U114    |mul_32s_8s_32_1_1  |        0|   2|  0|    20|    0|
    |mul_32s_8s_32_1_1_U115    |mul_32s_8s_32_1_1  |        0|   2|  0|    20|    0|
    |mul_32s_8s_32_1_1_U116    |mul_32s_8s_32_1_1  |        0|   2|  0|    20|    0|
    |mul_32s_8s_32_1_1_U117    |mul_32s_8s_32_1_1  |        0|   2|  0|    20|    0|
    |mul_32s_8s_32_1_1_U118    |mul_32s_8s_32_1_1  |        0|   2|  0|    20|    0|
    |mul_32s_8s_32_1_1_U119    |mul_32s_8s_32_1_1  |        0|   2|  0|    20|    0|
    |mul_32s_8s_32_1_1_U121    |mul_32s_8s_32_1_1  |        0|   2|  0|    20|    0|
    |mul_32s_8s_32_1_1_U122    |mul_32s_8s_32_1_1  |        0|   2|  0|    20|    0|
    |mul_32s_8s_32_1_1_U123    |mul_32s_8s_32_1_1  |        0|   2|  0|    20|    0|
    |mul_32s_8s_32_1_1_U125    |mul_32s_8s_32_1_1  |        0|   2|  0|    20|    0|
    |mul_32s_8s_32_1_1_U131    |mul_32s_8s_32_1_1  |        0|   2|  0|    20|    0|
    |mul_32s_8s_32_1_1_U132    |mul_32s_8s_32_1_1  |        0|   2|  0|    20|    0|
    |mul_32s_8s_32_1_1_U133    |mul_32s_8s_32_1_1  |        0|   2|  0|    20|    0|
    |mul_32s_8s_32_1_1_U135    |mul_32s_8s_32_1_1  |        0|   2|  0|    20|    0|
    |mul_32s_8s_32_1_1_U136    |mul_32s_8s_32_1_1  |        0|   2|  0|    20|    0|
    |mul_32s_8s_32_1_1_U138    |mul_32s_8s_32_1_1  |        0|   2|  0|    20|    0|
    |mul_32s_8s_32_1_1_U141    |mul_32s_8s_32_1_1  |        0|   2|  0|    20|    0|
    |mul_32s_8s_32_1_1_U142    |mul_32s_8s_32_1_1  |        0|   2|  0|    20|    0|
    |mul_32s_8s_32_1_1_U143    |mul_32s_8s_32_1_1  |        0|   2|  0|    20|    0|
    +--------------------------+-------------------+---------+----+---+------+-----+
    |Total                     |                   |        0| 236|  0|  9875|    0|
    +--------------------------+-------------------+---------+----+---+------+-----+

    * DSP: 
    N/A

    * Memory: 
    N/A

    * FIFO: 
    N/A

    * Expression: 
    +--------------------------+----------+----+---+-----+------------+------------+
    |       Variable Name      | Operation| DSP| FF| LUT | Bitwidth P0| Bitwidth P1|
    +--------------------------+----------+----+---+-----+------------+------------+
    |add_ln156_10_fu_1149_p2   |         +|   0|  0|   32|          32|          32|
    |add_ln156_11_fu_1167_p2   |         +|   0|  0|   32|          32|          32|
    |add_ln156_12_fu_1461_p2   |         +|   0|  0|   39|          32|          32|
    |add_ln156_13_fu_1473_p2   |         +|   0|  0|   32|          32|          32|
    |add_ln156_14_fu_1491_p2   |         +|   0|  0|   32|          32|          32|
    |add_ln156_15_fu_1653_p2   |         +|   0|  0|   32|          32|          32|
    |add_ln156_16_fu_1947_p2   |         +|   0|  0|   39|          32|          32|
    |add_ln156_17_fu_1959_p2   |         +|   0|  0|   39|          32|          32|
    |add_ln156_18_fu_1965_p2   |         +|   0|  0|   32|          32|          32|
    |add_ln156_19_fu_2001_p2   |         +|   0|  0|   32|          32|          32|
    |add_ln156_1_fu_951_p2     |         +|   0|  0|   32|          32|          32|
    |add_ln156_20_fu_2181_p2   |         +|   0|  0|   32|          32|          32|
    |add_ln156_21_fu_2217_p2   |         +|   0|  0|   32|          32|          32|
    |add_ln156_22_fu_2229_p2   |         +|   0|  0|   39|          32|          32|
    |add_ln156_23_fu_2253_p2   |         +|   0|  0|   39|          32|          32|
    |add_ln156_24_fu_2259_p2   |         +|   0|  0|   32|          32|          32|
    |add_ln156_25_fu_2265_p2   |         +|   0|  0|   32|          32|          32|
    |add_ln156_26_fu_2451_p2   |         +|   0|  0|   32|          32|          32|
    |add_ln156_27_fu_2457_p2   |         +|   0|  0|   39|          32|          32|
    |add_ln156_28_fu_2463_p2   |         +|   0|  0|   32|          32|          32|
    |add_ln156_29_fu_2475_p2   |         +|   0|  0|   32|          32|          32|
    |add_ln156_2_fu_999_p2     |         +|   0|  0|   32|          32|          32|
    |add_ln156_30_fu_2643_p2   |         +|   0|  0|   39|          32|          32|
    |add_ln156_31_fu_2649_p2   |         +|   0|  0|   32|          32|          32|
    |add_ln156_32_fu_2667_p2   |         +|   0|  0|   32|          32|          32|
    |add_ln156_33_fu_2848_p2   |         +|   0|  0|   32|          32|          32|
    |add_ln156_34_fu_2872_p2   |         +|   0|  0|   32|          32|          32|
    |add_ln156_35_fu_2884_p2   |         +|   0|  0|   39|          32|          32|
    |add_ln156_36_fu_2890_p2   |         +|   0|  0|   32|          32|          32|
    |add_ln156_37_fu_3070_p2   |         +|   0|  0|   32|          32|          32|
    |add_ln156_38_fu_3076_p2   |         +|   0|  0|   39|          32|          32|
    |add_ln156_39_fu_3322_p2   |         +|   0|  0|   39|          32|          32|
    |add_ln156_3_fu_1047_p2    |         +|   0|  0|   39|          32|          32|
    |add_ln156_40_fu_3334_p2   |         +|   0|  0|   32|          32|          32|
    |add_ln156_41_fu_3514_p2   |         +|   0|  0|   39|          32|          32|
    |add_ln156_42_fu_3562_p2   |         +|   0|  0|   32|          32|          32|
    |add_ln156_43_fu_3724_p2   |         +|   0|  0|   39|          32|          32|
    |add_ln156_44_fu_3736_p2   |         +|   0|  0|   39|          32|          32|
    |add_ln156_45_fu_3742_p2   |         +|   0|  0|   32|          32|          32|
    |add_ln156_46_fu_3970_p2   |         +|   0|  0|   39|          32|          32|
    |add_ln156_47_fu_4168_p2   |         +|   0|  0|   32|          32|          32|
    |add_ln156_48_fu_4174_p2   |         +|   0|  0|   32|          32|          32|
    |add_ln156_49_fu_4180_p2   |         +|   0|  0|   32|          32|          32|
    |add_ln156_4_fu_1059_p2    |         +|   0|  0|   39|          32|          32|
    |add_ln156_50_fu_4186_p2   |         +|   0|  0|   39|          32|          32|
    |add_ln156_51_fu_4192_p2   |         +|   0|  0|   32|          32|          32|
    |add_ln156_52_fu_4348_p2   |         +|   0|  0|   32|          32|          32|
    |add_ln156_53_fu_4360_p2   |         +|   0|  0|   32|          32|          32|
    |add_ln156_54_fu_4384_p2   |         +|   0|  0|   32|          32|          32|
    |add_ln156_55_fu_4390_p2   |         +|   0|  0|   32|          32|          32|
    |add_ln156_56_fu_4594_p2   |         +|   0|  0|   39|          32|          32|
    |add_ln156_5_fu_1065_p2    |         +|   0|  0|   32|          32|          32|
    |add_ln156_6_fu_1083_p2    |         +|   0|  0|   39|          32|          32|
    |add_ln156_7_fu_1095_p2    |         +|   0|  0|   39|          32|          32|
    |add_ln156_8_fu_1113_p2    |         +|   0|  0|   39|          32|          32|
    |add_ln156_9_fu_1143_p2    |         +|   0|  0|   39|          32|          32|
    |add_ln156_fu_957_p2       |         +|   0|  0|   39|          32|          32|
    |add_ln157_100_fu_2788_p2  |         +|   0|  0|   32|          32|          32|
    |add_ln157_101_fu_2794_p2  |         +|   0|  0|   32|          32|          32|
    |add_ln157_102_fu_2800_p2  |         +|   0|  0|   32|          32|          32|
    |add_ln157_103_fu_2806_p2  |         +|   0|  0|   32|          32|          32|
    |add_ln157_104_fu_4564_p2  |         +|   0|  0|   32|          32|          32|
    |add_ln157_105_fu_2812_p2  |         +|   0|  0|   32|          32|          32|
    |add_ln157_106_fu_2818_p2  |         +|   0|  0|   32|          32|          32|
    |add_ln157_107_fu_2824_p2  |         +|   0|  0|   32|          32|          32|
    |add_ln157_108_fu_2830_p2  |         +|   0|  0|   32|          32|          32|
    |add_ln157_109_fu_2836_p2  |         +|   0|  0|   32|          32|          32|
    |add_ln157_10_fu_1419_p2   |         +|   0|  0|   32|          32|          32|
    |add_ln157_110_fu_2974_p2  |         +|   0|  0|   32|          32|          32|
    |add_ln157_111_fu_4780_p2  |         +|   0|  0|   32|          32|          32|
    |add_ln157_112_fu_2980_p2  |         +|   0|  0|   32|          32|          32|
    |add_ln157_113_fu_2986_p2  |         +|   0|  0|   32|          32|          32|
    |add_ln157_114_fu_2992_p2  |         +|   0|  0|   32|          32|          32|
    |add_ln157_115_fu_2998_p2  |         +|   0|  0|   32|          32|          32|
    |add_ln157_116_fu_3004_p2  |         +|   0|  0|   32|          32|          32|
    |add_ln157_117_fu_3010_p2  |         +|   0|  0|   32|          32|          32|
    |add_ln157_118_fu_3016_p2  |         +|   0|  0|   39|          32|          32|
    |add_ln157_119_fu_3022_p2  |         +|   0|  0|   32|          32|          32|
    |add_ln157_11_fu_1425_p2   |         +|   0|  0|   32|          32|          32|
    |add_ln157_120_fu_3028_p2  |         +|   0|  0|   32|          32|          32|
    |add_ln157_121_fu_3034_p2  |         +|   0|  0|   32|          32|          32|
    |add_ln157_122_fu_3040_p2  |         +|   0|  0|   39|          32|          32|
    |add_ln157_123_fu_3046_p2  |         +|   0|  0|   32|          32|          32|
    |add_ln157_124_fu_3052_p2  |         +|   0|  0|   32|          32|          32|
    |add_ln157_125_fu_3208_p2  |         +|   0|  0|   32|          32|          32|
    |add_ln157_126_fu_3214_p2  |         +|   0|  0|   32|          32|          32|
    |add_ln157_128_fu_3226_p2  |         +|   0|  0|   32|          32|          32|
    |add_ln157_129_fu_3232_p2  |         +|   0|  0|   32|          32|          32|
    |add_ln157_12_fu_1431_p2   |         +|   0|  0|   32|          32|          32|
    |add_ln157_130_fu_3238_p2  |         +|   0|  0|   32|          32|          32|
    |add_ln157_131_fu_3244_p2  |         +|   0|  0|   39|          32|          32|
    |add_ln157_132_fu_3250_p2  |         +|   0|  0|   32|          32|          32|
    |add_ln157_133_fu_3256_p2  |         +|   0|  0|   32|          32|          32|
    |add_ln157_134_fu_3262_p2  |         +|   0|  0|   32|          32|          32|
    |add_ln157_135_fu_3268_p2  |         +|   0|  0|   32|          32|          32|
    |add_ln157_136_fu_3274_p2  |         +|   0|  0|   32|          32|          32|
    |add_ln157_137_fu_3280_p2  |         +|   0|  0|   32|          32|          32|
    |add_ln157_138_fu_3418_p2  |         +|   0|  0|   32|          32|          32|
    |add_ln157_139_fu_3424_p2  |         +|   0|  0|   32|          32|          32|
    |add_ln157_13_fu_1641_p2   |         +|   0|  0|   32|          32|          32|
    |add_ln157_140_fu_3430_p2  |         +|   0|  0|   32|          32|          32|
    |add_ln157_141_fu_3436_p2  |         +|   0|  0|   32|          32|          32|
    |add_ln157_142_fu_3442_p2  |         +|   0|  0|   32|          32|          32|
    |add_ln157_143_fu_3448_p2  |         +|   0|  0|   32|          32|          32|
    |add_ln157_145_fu_3460_p2  |         +|   0|  0|   32|          32|          32|
    |add_ln157_146_fu_3466_p2  |         +|   0|  0|   32|          32|          32|
    |add_ln157_147_fu_3472_p2  |         +|   0|  0|   32|          32|          32|
    |add_ln157_148_fu_3478_p2  |         +|   0|  0|   39|          32|          32|
    |add_ln157_149_fu_3484_p2  |         +|   0|  0|   32|          32|          32|
    |add_ln157_14_fu_1437_p2   |         +|   0|  0|   32|          32|          32|
    |add_ln157_150_fu_3490_p2  |         +|   0|  0|   32|          32|          32|
    |add_ln157_151_fu_3634_p2  |         +|   0|  0|   32|          32|          32|
    |add_ln157_152_fu_3640_p2  |         +|   0|  0|   32|          32|          32|
    |add_ln157_153_fu_3646_p2  |         +|   0|  0|   32|          32|          32|
    |add_ln157_154_fu_3652_p2  |         +|   0|  0|   32|          32|          32|
    |add_ln157_155_fu_3658_p2  |         +|   0|  0|   32|          32|          32|
    |add_ln157_156_fu_3664_p2  |         +|   0|  0|   32|          32|          32|
    |add_ln157_157_fu_3670_p2  |         +|   0|  0|   32|          32|          32|
    |add_ln157_158_fu_3676_p2  |         +|   0|  0|   32|          32|          32|
    |add_ln157_159_fu_3682_p2  |         +|   0|  0|   32|          32|          32|
    |add_ln157_15_fu_1557_p2   |         +|   0|  0|   32|          32|          32|
    |add_ln157_160_fu_3688_p2  |         +|   0|  0|   32|          32|          32|
    |add_ln157_161_fu_3694_p2  |         +|   0|  0|   32|          32|          32|
    |add_ln157_162_fu_3700_p2  |         +|   0|  0|   32|          32|          32|
    |add_ln157_163_fu_3706_p2  |         +|   0|  0|   32|          32|          32|
    |add_ln157_164_fu_3712_p2  |         +|   0|  0|   32|          32|          32|
    |add_ln157_165_fu_3862_p2  |         +|   0|  0|   32|          32|          32|
    |add_ln157_166_fu_3868_p2  |         +|   0|  0|   32|          32|          32|
    |add_ln157_167_fu_3874_p2  |         +|   0|  0|   32|          32|          32|
    |add_ln157_168_fu_3880_p2  |         +|   0|  0|   32|          32|          32|
    |add_ln157_169_fu_3886_p2  |         +|   0|  0|   32|          32|          32|
    |add_ln157_16_fu_1563_p2   |         +|   0|  0|   39|          32|          32|
    |add_ln157_170_fu_3892_p2  |         +|   0|  0|   32|          32|          32|
    |add_ln157_171_fu_3898_p2  |         +|   0|  0|   32|          32|          32|
    |add_ln157_172_fu_3904_p2  |         +|   0|  0|   32|          32|          32|
    |add_ln157_173_fu_3910_p2  |         +|   0|  0|   32|          32|          32|
    |add_ln157_175_fu_3922_p2  |         +|   0|  0|   32|          32|          32|
    |add_ln157_176_fu_3928_p2  |         +|   0|  0|   32|          32|          32|
    |add_ln157_177_fu_3934_p2  |         +|   0|  0|   32|          32|          32|
    |add_ln157_178_fu_4066_p2  |         +|   0|  0|   32|          32|          32|
    |add_ln157_179_fu_4072_p2  |         +|   0|  0|   32|          32|          32|
    |add_ln157_17_fu_1569_p2   |         +|   0|  0|   32|          32|          32|
    |add_ln157_180_fu_4078_p2  |         +|   0|  0|   32|          32|          32|
    |add_ln157_181_fu_4084_p2  |         +|   0|  0|   32|          32|          32|
    |add_ln157_182_fu_4090_p2  |         +|   0|  0|   32|          32|          32|
    |add_ln157_183_fu_4096_p2  |         +|   0|  0|   32|          32|          32|
    |add_ln157_184_fu_4102_p2  |         +|   0|  0|   39|          32|          32|
    |add_ln157_185_fu_4108_p2  |         +|   0|  0|   32|          32|          32|
    |add_ln157_186_fu_4114_p2  |         +|   0|  0|   32|          32|          32|
    |add_ln157_187_fu_4120_p2  |         +|   0|  0|   32|          32|          32|
    |add_ln157_188_fu_4126_p2  |         +|   0|  0|   32|          32|          32|
    |add_ln157_189_fu_4132_p2  |         +|   0|  0|   32|          32|          32|
    |add_ln157_18_fu_1575_p2   |         +|   0|  0|   32|          32|          32|
    |add_ln157_190_fu_4138_p2  |         +|   0|  0|   32|          32|          32|
    |add_ln157_191_fu_4252_p2  |         +|   0|  0|   32|          32|          32|
    |add_ln157_192_fu_4258_p2  |         +|   0|  0|   32|          32|          32|
    |add_ln157_193_fu_4264_p2  |         +|   0|  0|   32|          32|          32|
    |add_ln157_194_fu_4270_p2  |         +|   0|  0|   32|          32|          32|
    |add_ln157_195_fu_4276_p2  |         +|   0|  0|   32|          32|          32|
    |add_ln157_196_fu_4282_p2  |         +|   0|  0|   32|          32|          32|
    |add_ln157_197_fu_4288_p2  |         +|   0|  0|   32|          32|          32|
    |add_ln157_198_fu_4294_p2  |         +|   0|  0|   32|          32|          32|
    |add_ln157_199_fu_4300_p2  |         +|   0|  0|   32|          32|          32|
    |add_ln157_19_fu_1581_p2   |         +|   0|  0|   39|          32|          32|
    |add_ln157_1_fu_1371_p2    |         +|   0|  0|   32|          32|          32|
    |add_ln157_200_fu_4306_p2  |         +|   0|  0|   32|          32|          32|
    |add_ln157_202_fu_4318_p2  |         +|   0|  0|   32|          32|          32|
    |add_ln157_203_fu_4324_p2  |         +|   0|  0|   32|          32|          32|
    |add_ln157_204_fu_4330_p2  |         +|   0|  0|   32|          32|          32|
    |add_ln157_205_fu_4486_p2  |         +|   0|  0|   32|          32|          32|
    |add_ln157_206_fu_4492_p2  |         +|   0|  0|   32|          32|          32|
    |add_ln157_207_fu_4498_p2  |         +|   0|  0|   32|          32|          32|
    |add_ln157_208_fu_4504_p2  |         +|   0|  0|   32|          32|          32|
    |add_ln157_209_fu_4510_p2  |         +|   0|  0|   32|          32|          32|
    |add_ln157_20_fu_1929_p2   |         +|   0|  0|   32|          32|          32|
    |add_ln157_210_fu_4516_p2  |         +|   0|  0|   32|          32|          32|
    |add_ln157_211_fu_4522_p2  |         +|   0|  0|   32|          32|          32|
    |add_ln157_212_fu_4528_p2  |         +|   0|  0|   32|          32|          32|
    |add_ln157_213_fu_4534_p2  |         +|   0|  0|   32|          32|          32|
    |add_ln157_214_fu_4540_p2  |         +|   0|  0|   32|          32|          32|
    |add_ln157_215_fu_4546_p2  |         +|   0|  0|   32|          32|          32|
    |add_ln157_216_fu_4552_p2  |         +|   0|  0|   32|          32|          32|
    |add_ln157_217_fu_4558_p2  |         +|   0|  0|   32|          32|          32|
    |add_ln157_218_fu_4702_p2  |         +|   0|  0|   39|          32|          32|
    |add_ln157_219_fu_4708_p2  |         +|   0|  0|   32|          32|          32|
    |add_ln157_21_fu_1587_p2   |         +|   0|  0|   32|          32|          32|
    |add_ln157_220_fu_4714_p2  |         +|   0|  0|   32|          32|          32|
    |add_ln157_221_fu_4720_p2  |         +|   0|  0|   32|          32|          32|
    |add_ln157_222_fu_4726_p2  |         +|   0|  0|   32|          32|          32|
    |add_ln157_223_fu_4732_p2  |         +|   0|  0|   32|          32|          32|
    |add_ln157_224_fu_4738_p2  |         +|   0|  0|   32|          32|          32|
    |add_ln157_225_fu_4744_p2  |         +|   0|  0|   32|          32|          32|
    |add_ln157_226_fu_4750_p2  |         +|   0|  0|   32|          32|          32|
    |add_ln157_227_fu_4756_p2  |         +|   0|  0|   32|          32|          32|
    |add_ln157_228_fu_4762_p2  |         +|   0|  0|   32|          32|          32|
    |add_ln157_229_fu_4768_p2  |         +|   0|  0|   32|          32|          32|
    |add_ln157_22_fu_1593_p2   |         +|   0|  0|   32|          32|          32|
    |add_ln157_230_fu_4774_p2  |         +|   0|  0|   32|          32|          32|
    |add_ln157_231_fu_1197_p2  |         +|   0|  0|   32|          32|          32|
    |add_ln157_232_fu_1275_p2  |         +|   0|  0|   32|          32|          32|
    |add_ln157_233_fu_1353_p2  |         +|   0|  0|   32|          32|          32|
    |add_ln157_234_fu_1695_p2  |         +|   0|  0|   39|          32|          32|
    |add_ln157_235_fu_1713_p2  |         +|   0|  0|   39|          32|          32|
    |add_ln157_236_fu_1719_p2  |         +|   0|  0|   32|          32|          32|
    |add_ln157_237_fu_1755_p2  |         +|   0|  0|   32|          32|          32|
    |add_ln157_238_fu_1773_p2  |         +|   0|  0|   39|          32|          32|
    |add_ln157_239_fu_1785_p2  |         +|   0|  0|   32|          32|          32|
    |add_ln157_23_fu_1599_p2   |         +|   0|  0|   32|          32|          32|
    |add_ln157_240_fu_1791_p2  |         +|   0|  0|   32|          32|          32|
    |add_ln157_241_fu_1809_p2  |         +|   0|  0|   32|          32|          32|
    |add_ln157_242_fu_2025_p2  |         +|   0|  0|   39|          32|          32|
    |add_ln157_243_fu_2037_p2  |         +|   0|  0|   39|          32|          32|
    |add_ln157_244_fu_2289_p2  |         +|   0|  0|   32|          32|          32|
    |add_ln157_245_fu_2295_p2  |         +|   0|  0|   32|          32|          32|
    |add_ln157_246_fu_2331_p2  |         +|   0|  0|   32|          32|          32|
    |add_ln157_247_fu_2691_p2  |         +|   0|  0|   39|          32|          32|
    |add_ln157_248_fu_2697_p2  |         +|   0|  0|   32|          32|          32|
    |add_ln157_249_fu_2715_p2  |         +|   0|  0|   32|          32|          32|
    |add_ln157_24_fu_1605_p2   |         +|   0|  0|   32|          32|          32|
    |add_ln157_250_fu_2721_p2  |         +|   0|  0|   39|          32|          32|
    |add_ln157_251_fu_2727_p2  |         +|   0|  0|   32|          32|          32|
    |add_ln157_252_fu_2733_p2  |         +|   0|  0|   32|          32|          32|
    |add_ln157_253_fu_2920_p2  |         +|   0|  0|   32|          32|          32|
    |add_ln157_254_fu_2932_p2  |         +|   0|  0|   32|          32|          32|
    |add_ln157_255_fu_2950_p2  |         +|   0|  0|   39|          32|          32|
    |add_ln157_256_fu_2956_p2  |         +|   0|  0|   32|          32|          32|
    |add_ln157_257_fu_3112_p2  |         +|   0|  0|   32|          32|          32|
    |add_ln157_258_fu_3118_p2  |         +|   0|  0|   32|          32|          32|
    |add_ln157_259_fu_3124_p2  |         +|   0|  0|   32|          32|          32|
    |add_ln157_25_fu_1611_p2   |         +|   0|  0|   32|          32|          32|
    |add_ln157_260_fu_3196_p2  |         +|   0|  0|   39|          32|          32|
    |add_ln157_261_fu_3340_p2  |         +|   0|  0|   39|          32|          32|
    |add_ln157_262_fu_3352_p2  |         +|   0|  0|   32|          32|          32|
    |add_ln157_263_fu_3580_p2  |         +|   0|  0|   39|          32|          32|
    |add_ln157_264_fu_3598_p2  |         +|   0|  0|   32|          32|          32|
    |add_ln157_265_fu_3604_p2  |         +|   0|  0|   32|          32|          32|
    |add_ln157_266_fu_3610_p2  |         +|   0|  0|   32|          32|          32|
    |add_ln157_267_fu_3622_p2  |         +|   0|  0|   39|          32|          32|
    |add_ln157_268_fu_3754_p2  |         +|   0|  0|   32|          32|          32|
    |add_ln157_269_fu_3760_p2  |         +|   0|  0|   32|          32|          32|
    |add_ln157_26_fu_1617_p2   |         +|   0|  0|   32|          32|          32|
    |add_ln157_270_fu_3772_p2  |         +|   0|  0|   32|          32|          32|
    |add_ln157_271_fu_3784_p2  |         +|   0|  0|   32|          32|          32|
    |add_ln157_272_fu_3976_p2  |         +|   0|  0|   39|          32|          32|
    |add_ln157_273_fu_3982_p2  |         +|   0|  0|   32|          32|          32|
    |add_ln157_274_fu_3988_p2  |         +|   0|  0|   32|          32|          32|
    |add_ln157_275_fu_4054_p2  |         +|   0|  0|   39|          32|          32|
    |add_ln157_276_fu_4060_p2  |         +|   0|  0|   32|          32|          32|
    |add_ln157_277_fu_4210_p2  |         +|   0|  0|   32|          32|          32|
    |add_ln157_278_fu_4240_p2  |         +|   0|  0|   32|          32|          32|
    |add_ln157_279_fu_4426_p2  |         +|   0|  0|   32|          32|          32|
    |add_ln157_27_fu_2175_p2   |         +|   0|  0|   32|          32|          32|
    |add_ln157_280_fu_4618_p2  |         +|   0|  0|   39|          32|          32|
    |add_ln157_281_fu_4630_p2  |         +|   0|  0|   32|          32|          32|
    |add_ln157_282_fu_4642_p2  |         +|   0|  0|   39|          32|          32|
    |add_ln157_283_fu_4648_p2  |         +|   0|  0|   32|          32|          32|
    |add_ln157_29_fu_1629_p2   |         +|   0|  0|   32|          32|          32|
    |add_ln157_2_fu_1377_p2    |         +|   0|  0|   32|          32|          32|
    |add_ln157_30_fu_1635_p2   |         +|   0|  0|   32|          32|          32|
    |add_ln157_31_fu_1845_p2   |         +|   0|  0|   32|          32|          32|
    |add_ln157_32_fu_1851_p2   |         +|   0|  0|   32|          32|          32|
    |add_ln157_33_fu_1857_p2   |         +|   0|  0|   32|          32|          32|
    |add_ln157_34_fu_2427_p2   |         +|   0|  0|   32|          32|          32|
    |add_ln157_35_fu_1863_p2   |         +|   0|  0|   32|          32|          32|
    |add_ln157_37_fu_1875_p2   |         +|   0|  0|   32|          32|          32|
    |add_ln157_38_fu_1881_p2   |         +|   0|  0|   32|          32|          32|
    |add_ln157_39_fu_1887_p2   |         +|   0|  0|   32|          32|          32|
    |add_ln157_3_fu_1383_p2    |         +|   0|  0|   32|          32|          32|
    |add_ln157_40_fu_1893_p2   |         +|   0|  0|   39|          32|          32|
    |add_ln157_41_fu_2637_p2   |         +|   0|  0|   32|          32|          32|
    |add_ln157_42_fu_1899_p2   |         +|   0|  0|   32|          32|          32|
    |add_ln157_43_fu_1905_p2   |         +|   0|  0|   32|          32|          32|
    |add_ln157_44_fu_1911_p2   |         +|   0|  0|   32|          32|          32|
    |add_ln157_45_fu_1917_p2   |         +|   0|  0|   32|          32|          32|
    |add_ln157_46_fu_1923_p2   |         +|   0|  0|   32|          32|          32|
    |add_ln157_47_fu_2091_p2   |         +|   0|  0|   32|          32|          32|
    |add_ln157_48_fu_2842_p2   |         +|   0|  0|   32|          32|          32|
    |add_ln157_4_fu_1389_p2    |         +|   0|  0|   32|          32|          32|
    |add_ln157_50_fu_2103_p2   |         +|   0|  0|   32|          32|          32|
    |add_ln157_51_fu_2109_p2   |         +|   0|  0|   32|          32|          32|
    |add_ln157_52_fu_2115_p2   |         +|   0|  0|   32|          32|          32|
    |add_ln157_53_fu_2121_p2   |         +|   0|  0|   32|          32|          32|
    |add_ln157_54_fu_2127_p2   |         +|   0|  0|   32|          32|          32|
    |add_ln157_55_fu_3058_p2   |         +|   0|  0|   32|          32|          32|
    |add_ln157_56_fu_2133_p2   |         +|   0|  0|   32|          32|          32|
    |add_ln157_57_fu_2139_p2   |         +|   0|  0|   32|          32|          32|
    |add_ln157_58_fu_2145_p2   |         +|   0|  0|   32|          32|          32|
    |add_ln157_59_fu_2151_p2   |         +|   0|  0|   32|          32|          32|
    |add_ln157_5_fu_1395_p2    |         +|   0|  0|   32|          32|          32|
    |add_ln157_60_fu_2157_p2   |         +|   0|  0|   32|          32|          32|
    |add_ln157_61_fu_2163_p2   |         +|   0|  0|   32|          32|          32|
    |add_ln157_62_fu_3286_p2   |         +|   0|  0|   32|          32|          32|
    |add_ln157_63_fu_2169_p2   |         +|   0|  0|   32|          32|          32|
    |add_ln157_64_fu_2343_p2   |         +|   0|  0|   32|          32|          32|
    |add_ln157_65_fu_2349_p2   |         +|   0|  0|   39|          32|          32|
    |add_ln157_66_fu_2355_p2   |         +|   0|  0|   32|          32|          32|
    |add_ln157_67_fu_2361_p2   |         +|   0|  0|   32|          32|          32|
    |add_ln157_68_fu_2367_p2   |         +|   0|  0|   39|          32|          32|
    |add_ln157_69_fu_3496_p2   |         +|   0|  0|   32|          32|          32|
    |add_ln157_6_fu_1443_p2    |         +|   0|  0|   32|          32|          32|
    |add_ln157_70_fu_2373_p2   |         +|   0|  0|   32|          32|          32|
    |add_ln157_71_fu_2379_p2   |         +|   0|  0|   32|          32|          32|
    |add_ln157_72_fu_2385_p2   |         +|   0|  0|   32|          32|          32|
    |add_ln157_73_fu_2391_p2   |         +|   0|  0|   32|          32|          32|
    |add_ln157_74_fu_2397_p2   |         +|   0|  0|   32|          32|          32|
    |add_ln157_75_fu_2403_p2   |         +|   0|  0|   32|          32|          32|
    |add_ln157_76_fu_3718_p2   |         +|   0|  0|   32|          32|          32|
    |add_ln157_77_fu_2409_p2   |         +|   0|  0|   32|          32|          32|
    |add_ln157_78_fu_2415_p2   |         +|   0|  0|   32|          32|          32|
    |add_ln157_79_fu_2421_p2   |         +|   0|  0|   32|          32|          32|
    |add_ln157_7_fu_1401_p2    |         +|   0|  0|   32|          32|          32|
    |add_ln157_80_fu_2559_p2   |         +|   0|  0|   32|          32|          32|
    |add_ln157_81_fu_2565_p2   |         +|   0|  0|   32|          32|          32|
    |add_ln157_82_fu_2571_p2   |         +|   0|  0|   32|          32|          32|
    |add_ln157_83_fu_3940_p2   |         +|   0|  0|   32|          32|          32|
    |add_ln157_84_fu_2577_p2   |         +|   0|  0|   39|          32|          32|
    |add_ln157_85_fu_2583_p2   |         +|   0|  0|   32|          32|          32|
    |add_ln157_86_fu_2589_p2   |         +|   0|  0|   32|          32|          32|
    |add_ln157_88_fu_2601_p2   |         +|   0|  0|   32|          32|          32|
    |add_ln157_89_fu_2607_p2   |         +|   0|  0|   32|          32|          32|
    |add_ln157_8_fu_1407_p2    |         +|   0|  0|   32|          32|          32|
    |add_ln157_90_fu_4144_p2   |         +|   0|  0|   32|          32|          32|
    |add_ln157_91_fu_2613_p2   |         +|   0|  0|   32|          32|          32|
    |add_ln157_92_fu_2619_p2   |         +|   0|  0|   32|          32|          32|
    |add_ln157_93_fu_2625_p2   |         +|   0|  0|   32|          32|          32|
    |add_ln157_94_fu_2631_p2   |         +|   0|  0|   32|          32|          32|
    |add_ln157_95_fu_2764_p2   |         +|   0|  0|   32|          32|          32|
    |add_ln157_97_fu_4336_p2   |         +|   0|  0|   32|          32|          32|
    |add_ln157_98_fu_2776_p2   |         +|   0|  0|   32|          32|          32|
    |add_ln157_99_fu_2782_p2   |         +|   0|  0|   32|          32|          32|
    |add_ln157_9_fu_1413_p2    |         +|   0|  0|   32|          32|          32|
    |add_ln157_fu_1365_p2      |         +|   0|  0|   32|          32|          32|
    |add_ln160_fu_4786_p2      |         +|   0|  0|   39|          32|          32|
    |add_ln161_fu_4790_p2      |         +|   0|  0|   39|          32|          32|
    |add_ln162_fu_4794_p2      |         +|   0|  0|   39|          32|          32|
    |add_ln163_fu_4798_p2      |         +|   0|  0|   39|          32|          32|
    |add_ln164_fu_4802_p2      |         +|   0|  0|   39|          32|          32|
    |add_ln165_fu_4806_p2      |         +|   0|  0|   39|          32|          32|
    |add_ln166_fu_4810_p2      |         +|   0|  0|   39|          32|          32|
    |add_ln167_fu_4814_p2      |         +|   0|  0|   39|          32|          32|
    |add_ln168_fu_4818_p2      |         +|   0|  0|   39|          32|          32|
    |add_ln169_fu_4822_p2      |         +|   0|  0|   39|          32|          32|
    |add_ln170_fu_4826_p2      |         +|   0|  0|   39|          32|          32|
    |add_ln171_fu_4830_p2      |         +|   0|  0|   39|          32|          32|
    |add_ln172_fu_4834_p2      |         +|   0|  0|   39|          32|          32|
    |add_ln173_fu_4838_p2      |         +|   0|  0|   39|          32|          32|
    |add_ln174_fu_4842_p2      |         +|   0|  0|   39|          32|          32|
    |add_ln175_fu_4846_p2      |         +|   0|  0|   39|          32|          32|
    |tmp10_fu_3412_p2          |         +|   0|  0|   32|          32|          32|
    |tmp13_fu_3856_p2          |         +|   0|  0|   32|          32|          32|
    |tmp16_fu_4048_p2          |         +|   0|  0|   32|          32|          32|
    |tmp19_fu_4480_p2          |         +|   0|  0|   32|          32|          32|
    |tmp22_fu_4696_p2          |         +|   0|  0|   32|          32|          32|
    |tmp2_fu_2553_p2           |         +|   0|  0|   32|          32|          32|
    |tmp4_fu_564_p0            |         +|   0|  0|   39|          32|          32|
    |tmp7_fu_3190_p2           |         +|   0|  0|   32|          32|          32|
    |p_sub160_fu_4024_p2       |         -|   0|  0|   39|          32|          32|
    |p_sub162_fu_4036_p2       |         -|   0|  0|   32|          32|          32|
    |p_sub187_fu_3832_p2       |         -|   0|  0|   39|          32|          32|
    |p_sub189_fu_3844_p2       |         -|   0|  0|   32|          32|          32|
    |p_sub275_fu_3388_p2       |         -|   0|  0|   32|          32|          32|
    |p_sub277_fu_3400_p2       |         -|   0|  0|   32|          32|          32|
    |p_sub319_fu_3166_p2       |         -|   0|  0|   39|          32|          32|
    |p_sub321_fu_3178_p2       |         -|   0|  0|   32|          32|          32|
    |p_sub35_fu_4684_p2        |         -|   0|  0|   32|          32|          32|
    |p_sub432_fu_2529_p2       |         -|   0|  0|   39|          32|          32|
    |p_sub434_fu_2541_p2       |         -|   0|  0|   32|          32|          32|
    |p_sub70_fu_4456_p2        |         -|   0|  0|   32|          32|          32|
    |p_sub72_fu_4468_p2        |         -|   0|  0|   32|          32|          32|
    |p_sub_fu_4672_p2          |         -|   0|  0|   32|          32|          32|
    |sub_ln156_10_fu_1515_p2   |         -|   0|  0|   32|          32|          32|
    |sub_ln156_11_fu_1533_p2   |         -|   0|  0|   32|          32|          32|
    |sub_ln156_12_fu_1539_p2   |         -|   0|  0|   32|          32|          32|
    |sub_ln156_13_fu_1659_p2   |         -|   0|  0|   32|          32|          32|
    |sub_ln156_14_fu_1665_p2   |         -|   0|  0|   32|          32|          32|
    |sub_ln156_15_fu_1971_p2   |         -|   0|  0|   39|          32|          32|
    |sub_ln156_16_fu_1977_p2   |         -|   0|  0|   32|          32|          32|
    |sub_ln156_17_fu_2013_p2   |         -|   0|  0|   32|          32|          32|
    |sub_ln156_18_fu_2199_p2   |         -|   0|  0|   39|          32|          32|
    |sub_ln156_19_fu_2205_p2   |         -|   0|  0|   32|          32|          32|
    |sub_ln156_1_fu_939_p2     |         -|   0|  0|   32|          32|          32|
    |sub_ln156_20_fu_2211_p2   |         -|   0|  0|   39|          32|          32|
    |sub_ln156_21_fu_2241_p2   |         -|   0|  0|   39|          32|          32|
    |sub_ln156_22_fu_2433_p2   |         -|   0|  0|   39|          32|          32|
    |sub_ln156_23_fu_2445_p2   |         -|   0|  0|   39|          32|          32|
    |sub_ln156_24_fu_2481_p2   |         -|   0|  0|   32|          32|          32|
    |sub_ln156_25_fu_2655_p2   |         -|   0|  0|   32|          32|          32|
    |sub_ln156_26_fu_2661_p2   |         -|   0|  0|   39|          32|          32|
    |sub_ln156_27_fu_2673_p2   |         -|   0|  0|   32|          32|          32|
    |sub_ln156_28_fu_2854_p2   |         -|   0|  0|   32|          32|          32|
    |sub_ln156_29_fu_2878_p2   |         -|   0|  0|   32|          32|          32|
    |sub_ln156_2_fu_975_p2     |         -|   0|  0|   32|          32|          32|
    |sub_ln156_30_fu_3064_p2   |         -|   0|  0|   39|          32|          32|
    |sub_ln156_31_fu_3082_p2   |         -|   0|  0|   39|          32|          32|
    |sub_ln156_32_fu_3292_p2   |         -|   0|  0|   39|          32|          32|
    |sub_ln156_33_fu_3298_p2   |         -|   0|  0|   32|          32|          32|
    |sub_ln156_34_fu_3310_p2   |         -|   0|  0|   32|          32|          32|
    |sub_ln156_35_fu_3316_p2   |         -|   0|  0|   32|          32|          32|
    |sub_ln156_36_fu_3328_p2   |         -|   0|  0|   32|          32|          32|
    |sub_ln156_37_fu_3502_p2   |         -|   0|  0|   39|          32|          32|
    |sub_ln156_38_fu_3508_p2   |         -|   0|  0|   32|          32|          32|
    |sub_ln156_39_fu_3526_p2   |         -|   0|  0|   32|          32|          32|
    |sub_ln156_3_fu_987_p2     |         -|   0|  0|   32|          32|          32|
    |sub_ln156_40_fu_3532_p2   |         -|   0|  0|   32|          32|          32|
    |sub_ln156_41_fu_3538_p2   |         -|   0|  0|   32|          32|          32|
    |sub_ln156_42_fu_3550_p2   |         -|   0|  0|   39|          32|          32|
    |sub_ln156_43_fu_3556_p2   |         -|   0|  0|   32|          32|          32|
    |sub_ln156_44_fu_3730_p2   |         -|   0|  0|   32|          32|          32|
    |sub_ln156_45_fu_3748_p2   |         -|   0|  0|   32|          32|          32|
    |sub_ln156_46_fu_3946_p2   |         -|   0|  0|   39|          32|          32|
    |sub_ln156_47_fu_3958_p2   |         -|   0|  0|   39|          32|          32|
    |sub_ln156_48_fu_3964_p2   |         -|   0|  0|   32|          32|          32|
    |sub_ln156_49_fu_4150_p2   |         -|   0|  0|   32|          32|          32|
    |sub_ln156_4_fu_1017_p2    |         -|   0|  0|   32|          32|          32|
    |sub_ln156_50_fu_4156_p2   |         -|   0|  0|   32|          32|          32|
    |sub_ln156_51_fu_4198_p2   |         -|   0|  0|   32|          32|          32|
    |sub_ln156_52_fu_4204_p2   |         -|   0|  0|   32|          32|          32|
    |sub_ln156_53_fu_4342_p2   |         -|   0|  0|   39|          32|          32|
    |sub_ln156_54_fu_4354_p2   |         -|   0|  0|   39|          32|          32|
    |sub_ln156_55_fu_4372_p2   |         -|   0|  0|   32|          32|          32|
    |sub_ln156_56_fu_4378_p2   |         -|   0|  0|   32|          32|          32|
    |sub_ln156_57_fu_4576_p2   |         -|   0|  0|   39|          32|          32|
    |sub_ln156_58_fu_4582_p2   |         -|   0|  0|   32|          32|          32|
    |sub_ln156_59_fu_4588_p2   |         -|   0|  0|   39|          32|          32|
    |sub_ln156_5_fu_1029_p2    |         -|   0|  0|   32|          32|          32|
    |sub_ln156_60_fu_4600_p2   |         -|   0|  0|   32|          32|          32|
    |sub_ln156_61_fu_4606_p2   |         -|   0|  0|   32|          32|          32|
    |sub_ln156_62_fu_4612_p2   |         -|   0|  0|   32|          32|          32|
    |sub_ln156_6_fu_1125_p2    |         -|   0|  0|   39|          32|          32|
    |sub_ln156_7_fu_1173_p2    |         -|   0|  0|   32|          32|          32|
    |sub_ln156_8_fu_1497_p2    |         -|   0|  0|   32|          32|          32|
    |sub_ln156_9_fu_1503_p2    |         -|   0|  0|   32|          32|          32|
    |sub_ln156_fu_927_p2       |         -|   0|  0|   32|          32|          32|
    |sub_ln157_10_fu_1623_p2   |         -|   0|  0|   39|          32|          32|
    |sub_ln157_11_fu_1701_p2   |         -|   0|  0|   32|          32|          32|
    |sub_ln157_12_fu_1731_p2   |         -|   0|  0|   39|          32|          32|
    |sub_ln157_13_fu_1743_p2   |         -|   0|  0|   32|          32|          32|
    |sub_ln157_14_fu_1803_p2   |         -|   0|  0|   32|          32|          32|
    |sub_ln157_15_fu_1827_p2   |         -|   0|  0|   39|          32|          32|
    |sub_ln157_16_fu_1839_p2   |         -|   0|  0|   32|          32|          32|
    |sub_ln157_17_fu_1869_p2   |         -|   0|  0|   32|          32|          32|
    |sub_ln157_18_fu_2055_p2   |         -|   0|  0|   32|          32|          32|
    |sub_ln157_19_fu_2061_p2   |         -|   0|  0|   32|          32|          32|
    |sub_ln157_1_fu_1215_p2    |         -|   0|  0|   39|          32|          32|
    |sub_ln157_20_fu_2067_p2   |         -|   0|  0|   39|          32|          32|
    |sub_ln157_21_fu_2073_p2   |         -|   0|  0|   32|          32|          32|
    |sub_ln157_22_fu_2085_p2   |         -|   0|  0|   32|          32|          32|
    |sub_ln157_23_fu_2097_p2   |         -|   0|  0|   39|          32|          32|
    |sub_ln157_24_fu_2277_p2   |         -|   0|  0|   39|          32|          32|
    |sub_ln157_25_fu_2313_p2   |         -|   0|  0|   32|          32|          32|
    |sub_ln157_26_fu_2325_p2   |         -|   0|  0|   32|          32|          32|
    |sub_ln157_27_fu_2337_p2   |         -|   0|  0|   32|          32|          32|
    |sub_ln157_28_fu_2487_p2   |         -|   0|  0|   39|          32|          32|
    |sub_ln157_29_fu_2499_p2   |         -|   0|  0|   32|          32|          32|
    |sub_ln157_2_fu_1227_p2    |         -|   0|  0|   32|          32|          32|
    |sub_ln157_30_fu_2505_p2   |         -|   0|  0|   32|          32|          32|
    |sub_ln157_31_fu_2595_p2   |         -|   0|  0|   39|          32|          32|
    |sub_ln157_32_fu_2709_p2   |         -|   0|  0|   32|          32|          32|
    |sub_ln157_33_fu_2752_p2   |         -|   0|  0|   39|          32|          32|
    |sub_ln157_34_fu_2758_p2   |         -|   0|  0|   32|          32|          32|
    |sub_ln157_35_fu_2770_p2   |         -|   0|  0|   32|          32|          32|
    |sub_ln157_36_fu_2902_p2   |         -|   0|  0|   39|          32|          32|
    |sub_ln157_37_fu_2914_p2   |         -|   0|  0|   32|          32|          32|
    |sub_ln157_38_fu_2926_p2   |         -|   0|  0|   39|          32|          32|
    |sub_ln157_39_fu_2938_p2   |         -|   0|  0|   39|          32|          32|
    |sub_ln157_3_fu_1245_p2    |         -|   0|  0|   32|          32|          32|
    |sub_ln157_40_fu_2962_p2   |         -|   0|  0|   32|          32|          32|
    |sub_ln157_41_fu_2968_p2   |         -|   0|  0|   32|          32|          32|
    |sub_ln157_42_fu_3094_p2   |         -|   0|  0|   32|          32|          32|
    |sub_ln157_43_fu_3100_p2   |         -|   0|  0|   32|          32|          32|
    |sub_ln157_44_fu_3130_p2   |         -|   0|  0|   32|          32|          32|
    |sub_ln157_45_fu_3142_p2   |         -|   0|  0|   32|          32|          32|
    |sub_ln157_46_fu_3202_p2   |         -|   0|  0|   32|          32|          32|
    |sub_ln157_47_fu_3220_p2   |         -|   0|  0|   32|          32|          32|
    |sub_ln157_48_fu_3346_p2   |         -|   0|  0|   32|          32|          32|
    |sub_ln157_49_fu_3358_p2   |         -|   0|  0|   32|          32|          32|
    |sub_ln157_4_fu_1257_p2    |         -|   0|  0|   32|          32|          32|
    |sub_ln157_50_fu_3364_p2   |         -|   0|  0|   32|          32|          32|
    |sub_ln157_51_fu_3454_p2   |         -|   0|  0|   39|          32|          32|
    |sub_ln157_52_fu_3568_p2   |         -|   0|  0|   32|          32|          32|
    |sub_ln157_53_fu_3574_p2   |         -|   0|  0|   32|          32|          32|
    |sub_ln157_54_fu_3586_p2   |         -|   0|  0|   32|          32|          32|
    |sub_ln157_55_fu_3592_p2   |         -|   0|  0|   39|          32|          32|
    |sub_ln157_56_fu_3628_p2   |         -|   0|  0|   32|          32|          32|
    |sub_ln157_57_fu_3766_p2   |         -|   0|  0|   39|          32|          32|
    |sub_ln157_58_fu_3778_p2   |         -|   0|  0|   32|          32|          32|
    |sub_ln157_59_fu_3790_p2   |         -|   0|  0|   32|          32|          32|
    |sub_ln157_5_fu_1287_p2    |         -|   0|  0|   32|          32|          32|
    |sub_ln157_60_fu_3796_p2   |         -|   0|  0|   32|          32|          32|
    |sub_ln157_61_fu_3802_p2   |         -|   0|  0|   32|          32|          32|
    |sub_ln157_62_fu_3808_p2   |         -|   0|  0|   32|          32|          32|
    |sub_ln157_63_fu_3916_p2   |         -|   0|  0|   32|          32|          32|
    |sub_ln157_64_fu_3994_p2   |         -|   0|  0|   32|          32|          32|
    |sub_ln157_65_fu_4216_p2   |         -|   0|  0|   39|          32|          32|
    |sub_ln157_66_fu_4222_p2   |         -|   0|  0|   32|          32|          32|
    |sub_ln157_67_fu_4234_p2   |         -|   0|  0|   39|          32|          32|
    |sub_ln157_68_fu_4246_p2   |         -|   0|  0|   32|          32|          32|
    |sub_ln157_69_fu_4312_p2   |         -|   0|  0|   39|          32|          32|
    |sub_ln157_6_fu_1299_p2    |         -|   0|  0|   39|          32|          32|
    |sub_ln157_70_fu_4396_p2   |         -|   0|  0|   32|          32|          32|
    |sub_ln157_71_fu_4402_p2   |         -|   0|  0|   32|          32|          32|
    |sub_ln157_72_fu_4408_p2   |         -|   0|  0|   32|          32|          32|
    |sub_ln157_73_fu_4414_p2   |         -|   0|  0|   32|          32|          32|
    |sub_ln157_74_fu_4420_p2   |         -|   0|  0|   32|          32|          32|
    |sub_ln157_75_fu_4432_p2   |         -|   0|  0|   32|          32|          32|
    |sub_ln157_76_fu_4624_p2   |         -|   0|  0|   32|          32|          32|
    |sub_ln157_77_fu_4636_p2   |         -|   0|  0|   32|          32|          32|
    |sub_ln157_7_fu_1317_p2    |         -|   0|  0|   32|          32|          32|
    |sub_ln157_8_fu_1329_p2    |         -|   0|  0|   32|          32|          32|
    |sub_ln157_9_fu_1347_p2    |         -|   0|  0|   32|          32|          32|
    |sub_ln157_fu_1191_p2      |         -|   0|  0|   32|          32|          32|
    |sub_ln176_fu_4850_p2      |         -|   0|  0|   39|          32|          32|
    |sub_ln177_fu_4854_p2      |         -|   0|  0|   39|          32|          32|
    |sub_ln178_fu_4858_p2      |         -|   0|  0|   39|          32|          32|
    |sub_ln179_fu_4862_p2      |         -|   0|  0|   39|          32|          32|
    |sub_ln180_fu_4866_p2      |         -|   0|  0|   39|          32|          32|
    |sub_ln181_fu_4870_p2      |         -|   0|  0|   39|          32|          32|
    |sub_ln182_fu_4874_p2      |         -|   0|  0|   39|          32|          32|
    |sub_ln183_fu_4878_p2      |         -|   0|  0|   39|          32|          32|
    |sub_ln184_fu_4882_p2      |         -|   0|  0|   39|          32|          32|
    |sub_ln185_fu_4886_p2      |         -|   0|  0|   39|          32|          32|
    |sub_ln186_fu_4890_p2      |         -|   0|  0|   39|          32|          32|
    |sub_ln187_fu_4894_p2      |         -|   0|  0|   39|          32|          32|
    |sub_ln188_fu_4898_p2      |         -|   0|  0|   39|          32|          32|
    |sub_ln189_fu_4902_p2      |         -|   0|  0|   39|          32|          32|
    |sub_ln190_fu_4906_p2      |         -|   0|  0|   39|          32|          32|
    |sub_ln191_fu_4910_p2      |         -|   0|  0|   39|          32|          32|
    |tmp12_fu_3814_p2          |         -|   0|  0|   39|          32|          32|
    |tmp15_fu_4006_p2          |         -|   0|  0|   39|          32|          32|
    |tmp18_fu_4438_p2          |         -|   0|  0|   39|          32|          32|
    |tmp21_fu_4654_p2          |         -|   0|  0|   39|          32|          32|
    |tmp6_fu_3148_p2           |         -|   0|  0|   39|          32|          32|
    |tmp9_fu_3370_p2           |         -|   0|  0|   39|          32|          32|
    |tmp_fu_2511_p2            |         -|   0|  0|   39|          32|          32|
    |ap_enable_pp0             |       xor|   0|  0|    2|           1|           2|
    +--------------------------+----------+----+---+-----+------------+------------+
    |Total                     |          |   0|  0|18028|       17089|       17090|
    +--------------------------+----------+----+---+-----+------------+------------+

    * Multiplexer: 
    N/A

    * Register: 
    +-------------------------+----+----+-----+-----------+
    |           Name          | FF | LUT| Bits| Const Bits|
    +-------------------------+----+----+-----+-----------+
    |add_ln157_104_reg_5286   |  32|   0|   32|          0|
    |add_ln157_111_reg_5292   |  32|   0|   32|          0|
    |add_ln157_13_reg_5208    |  32|   0|   32|          0|
    |add_ln157_20_reg_5214    |  32|   0|   32|          0|
    |add_ln157_27_reg_5220    |  32|   0|   32|          0|
    |add_ln157_34_reg_5226    |  32|   0|   32|          0|
    |add_ln157_41_reg_5232    |  32|   0|   32|          0|
    |add_ln157_48_reg_5238    |  32|   0|   32|          0|
    |add_ln157_55_reg_5244    |  32|   0|   32|          0|
    |add_ln157_62_reg_5250    |  32|   0|   32|          0|
    |add_ln157_69_reg_5256    |  32|   0|   32|          0|
    |add_ln157_6_reg_5202     |  32|   0|   32|          0|
    |add_ln157_76_reg_5262    |  32|   0|   32|          0|
    |add_ln157_83_reg_5268    |  32|   0|   32|          0|
    |add_ln157_90_reg_5274    |  32|   0|   32|          0|
    |add_ln157_97_reg_5280    |  32|   0|   32|          0|
    |ap_CS_fsm                |   1|   0|    1|          0|
    |ap_enable_reg_pp0_iter1  |   1|   0|    1|          0|
    |evens_1_reg_5112         |  32|   0|   32|          0|
    |evens_2_reg_5118         |  32|   0|   32|          0|
    |evens_32_reg_5166        |  32|   0|   32|          0|
    |evens_33_reg_5172        |  32|   0|   32|          0|
    |evens_34_reg_5178        |  32|   0|   32|          0|
    |evens_35_reg_5184        |  32|   0|   32|          0|
    |evens_36_reg_5190        |  32|   0|   32|          0|
    |evens_37_reg_5196        |  32|   0|   32|          0|
    |evens_3_reg_5124         |  32|   0|   32|          0|
    |evens_4_reg_5130         |  32|   0|   32|          0|
    |evens_5_reg_5136         |  32|   0|   32|          0|
    |evens_6_reg_5142         |  32|   0|   32|          0|
    |evens_7_reg_5148         |  32|   0|   32|          0|
    |evens_8_reg_5154         |  32|   0|   32|          0|
    |evens_9_reg_5160         |  32|   0|   32|          0|
    |evens_reg_5106           |  32|   0|   32|          0|
    +-------------------------+----+----+-----+-----------+
    |Total                    |1026|   0| 1026|          0|
    +-------------------------+----+----+-----+-----------+



================================================================
== Interface
================================================================
* Summary: 
+--------------+-----+-----+------------+--------------+--------------+
|   RTL Ports  | Dir | Bits|  Protocol  | Source Object|    C Type    |
+--------------+-----+-----+------------+--------------+--------------+
|ap_clk        |   in|    1|  ap_ctrl_hs|      IDCT2B32|  return value|
|ap_rst        |   in|    1|  ap_ctrl_hs|      IDCT2B32|  return value|
|ap_start      |   in|    1|  ap_ctrl_hs|      IDCT2B32|  return value|
|ap_done       |  out|    1|  ap_ctrl_hs|      IDCT2B32|  return value|
|ap_idle       |  out|    1|  ap_ctrl_hs|      IDCT2B32|  return value|
|ap_ready      |  out|    1|  ap_ctrl_hs|      IDCT2B32|  return value|
|ap_ce         |   in|    1|  ap_ctrl_hs|      IDCT2B32|  return value|
|ap_return_0   |  out|   32|  ap_ctrl_hs|      IDCT2B32|  return value|
|ap_return_1   |  out|   32|  ap_ctrl_hs|      IDCT2B32|  return value|
|ap_return_2   |  out|   32|  ap_ctrl_hs|      IDCT2B32|  return value|
|ap_return_3   |  out|   32|  ap_ctrl_hs|      IDCT2B32|  return value|
|ap_return_4   |  out|   32|  ap_ctrl_hs|      IDCT2B32|  return value|
|ap_return_5   |  out|   32|  ap_ctrl_hs|      IDCT2B32|  return value|
|ap_return_6   |  out|   32|  ap_ctrl_hs|      IDCT2B32|  return value|
|ap_return_7   |  out|   32|  ap_ctrl_hs|      IDCT2B32|  return value|
|ap_return_8   |  out|   32|  ap_ctrl_hs|      IDCT2B32|  return value|
|ap_return_9   |  out|   32|  ap_ctrl_hs|      IDCT2B32|  return value|
|ap_return_10  |  out|   32|  ap_ctrl_hs|      IDCT2B32|  return value|
|ap_return_11  |  out|   32|  ap_ctrl_hs|      IDCT2B32|  return value|
|ap_return_12  |  out|   32|  ap_ctrl_hs|      IDCT2B32|  return value|
|ap_return_13  |  out|   32|  ap_ctrl_hs|      IDCT2B32|  return value|
|ap_return_14  |  out|   32|  ap_ctrl_hs|      IDCT2B32|  return value|
|ap_return_15  |  out|   32|  ap_ctrl_hs|      IDCT2B32|  return value|
|ap_return_16  |  out|   32|  ap_ctrl_hs|      IDCT2B32|  return value|
|ap_return_17  |  out|   32|  ap_ctrl_hs|      IDCT2B32|  return value|
|ap_return_18  |  out|   32|  ap_ctrl_hs|      IDCT2B32|  return value|
|ap_return_19  |  out|   32|  ap_ctrl_hs|      IDCT2B32|  return value|
|ap_return_20  |  out|   32|  ap_ctrl_hs|      IDCT2B32|  return value|
|ap_return_21  |  out|   32|  ap_ctrl_hs|      IDCT2B32|  return value|
|ap_return_22  |  out|   32|  ap_ctrl_hs|      IDCT2B32|  return value|
|ap_return_23  |  out|   32|  ap_ctrl_hs|      IDCT2B32|  return value|
|ap_return_24  |  out|   32|  ap_ctrl_hs|      IDCT2B32|  return value|
|ap_return_25  |  out|   32|  ap_ctrl_hs|      IDCT2B32|  return value|
|ap_return_26  |  out|   32|  ap_ctrl_hs|      IDCT2B32|  return value|
|ap_return_27  |  out|   32|  ap_ctrl_hs|      IDCT2B32|  return value|
|ap_return_28  |  out|   32|  ap_ctrl_hs|      IDCT2B32|  return value|
|ap_return_29  |  out|   32|  ap_ctrl_hs|      IDCT2B32|  return value|
|ap_return_30  |  out|   32|  ap_ctrl_hs|      IDCT2B32|  return value|
|ap_return_31  |  out|   32|  ap_ctrl_hs|      IDCT2B32|  return value|
|in_0_val      |   in|   26|     ap_none|      in_0_val|        scalar|
|in_1_val      |   in|   32|     ap_none|      in_1_val|        scalar|
|in_2_val      |   in|   32|     ap_none|      in_2_val|        scalar|
|in_3_val      |   in|   32|     ap_none|      in_3_val|        scalar|
|in_4_val      |   in|   32|     ap_none|      in_4_val|        scalar|
|in_5_val      |   in|   32|     ap_none|      in_5_val|        scalar|
|in_6_val      |   in|   32|     ap_none|      in_6_val|        scalar|
|in_7_val      |   in|   32|     ap_none|      in_7_val|        scalar|
|in_8_val      |   in|   32|     ap_none|      in_8_val|        scalar|
|in_9_val      |   in|   32|     ap_none|      in_9_val|        scalar|
|in_10_val     |   in|   32|     ap_none|     in_10_val|        scalar|
|in_11_val     |   in|   32|     ap_none|     in_11_val|        scalar|
|in_12_val     |   in|   32|     ap_none|     in_12_val|        scalar|
|in_13_val     |   in|   32|     ap_none|     in_13_val|        scalar|
|in_14_val     |   in|   32|     ap_none|     in_14_val|        scalar|
|in_15_val     |   in|   32|     ap_none|     in_15_val|        scalar|
|in_16_val     |   in|   26|     ap_none|     in_16_val|        scalar|
|in_17_val     |   in|   32|     ap_none|     in_17_val|        scalar|
|in_18_val     |   in|   32|     ap_none|     in_18_val|        scalar|
|in_19_val     |   in|   32|     ap_none|     in_19_val|        scalar|
|in_20_val     |   in|   32|     ap_none|     in_20_val|        scalar|
|in_21_val     |   in|   32|     ap_none|     in_21_val|        scalar|
|in_22_val     |   in|   32|     ap_none|     in_22_val|        scalar|
|in_23_val     |   in|   32|     ap_none|     in_23_val|        scalar|
|in_24_val     |   in|   32|     ap_none|     in_24_val|        scalar|
|in_25_val     |   in|   32|     ap_none|     in_25_val|        scalar|
|in_26_val     |   in|   32|     ap_none|     in_26_val|        scalar|
|in_27_val     |   in|   32|     ap_none|     in_27_val|        scalar|
|in_28_val     |   in|   32|     ap_none|     in_28_val|        scalar|
|in_29_val     |   in|   32|     ap_none|     in_29_val|        scalar|
|in_30_val     |   in|   32|     ap_none|     in_30_val|        scalar|
|in_31_val     |   in|   32|     ap_none|     in_31_val|        scalar|
+--------------+-----+-----+------------+--------------+--------------+

