

================================================================
== Vitis HLS Report for 'IDCT2B4'
================================================================
* Date:           Fri Nov 21 21:48:44 2025

* Version:        2024.2 (Build 5238294 on Nov  8 2024)
* Project:        dct2_dir
* Solution:       hls (Vitis Kernel Flow Target)
* Product family: zynquplus
* Target device:  xczu9eg-ffvb1156-2-e


================================================================
== Performance Estimates
================================================================
+ Timing: 
    * Summary: 
    +--------+----------+----------+------------+
    |  Clock |  Target  | Estimated| Uncertainty|
    +--------+----------+----------+------------+
    |ap_clk  |  10.00 ns|  5.167 ns|     2.70 ns|
    +--------+----------+----------+------------+

+ Latency: 
    * Summary: 
    +---------+---------+----------+----------+-----+-----+---------+
    |  Latency (cycles) |  Latency (absolute) |  Interval | Pipeline|
    |   min   |   max   |    min   |    max   | min | max |   Type  |
    +---------+---------+----------+----------+-----+-----+---------+
    |        0|        0|      0 ns|      0 ns|    1|    1|      yes|
    +---------+---------+----------+----------+-----+-----+---------+

    + Detail: 
        * Instance: 
        +------------------------+---------+---------+---------+----------+----------+-----+-----+---------+
        |                        |         |  Latency (cycles) |  Latency (absolute) |  Interval | Pipeline|
        |        Instance        |  Module |   min   |   max   |    min   |    max   | min | max |   Type  |
        +------------------------+---------+---------+---------+----------+----------+-----+-----+---------+
        |call_ret_IDCT2B2_fu_50  |IDCT2B2  |        0|        0|      0 ns|      0 ns|    1|    1|      yes|
        +------------------------+---------+---------+---------+----------+----------+-----+-----+---------+

        * Loop: 
        N/A



================================================================
== Utilization Estimates
================================================================
* Summary: 
+-----------------+---------+------+--------+--------+-----+
|       Name      | BRAM_18K|  DSP |   FF   |   LUT  | URAM|
+-----------------+---------+------+--------+--------+-----+
|DSP              |        -|     -|       -|       -|    -|
|Expression       |        -|     -|       0|     387|    -|
|FIFO             |        -|     -|       -|       -|    -|
|Instance         |        -|     2|       0|      86|    -|
|Memory           |        -|     -|       -|       -|    -|
|Multiplexer      |        -|     -|       -|       -|    -|
|Register         |        -|     -|       -|       -|    -|
+-----------------+---------+------+--------+--------+-----+
|Total            |        0|     2|       0|     473|    0|
+-----------------+---------+------+--------+--------+-----+
|Available        |     1824|  2520|  548160|  274080|    0|
+-----------------+---------+------+--------+--------+-----+
|Utilization (%)  |        0|    ~0|       0|      ~0|    0|
+-----------------+---------+------+--------+--------+-----+

+ Detail: 
    * Instance: 
    +------------------------+-------------------+---------+----+---+----+-----+
    |        Instance        |       Module      | BRAM_18K| DSP| FF| LUT| URAM|
    +------------------------+-------------------+---------+----+---+----+-----+
    |call_ret_IDCT2B2_fu_50  |IDCT2B2            |        0|   0|  0|  66|    0|
    |mul_32s_8s_32_1_1_U3    |mul_32s_8s_32_1_1  |        0|   2|  0|  20|    0|
    +------------------------+-------------------+---------+----+---+----+-----+
    |Total                   |                   |        0|   2|  0|  86|    0|
    +------------------------+-------------------+---------+----+---+----+-----+

    * DSP: 
    N/A

    * Memory: 
    N/A

    * FIFO: 
    N/A

    * Expression: 
    +----------------------+----------+----+---+----+------------+------------+
    |     Variable Name    | Operation| DSP| FF| LUT| Bitwidth P0| Bitwidth P1|
    +----------------------+----------+----+---+----+------------+------------+
    |add_ln40_1_fu_84_p2   |         +|   0|  0|  39|          32|          32|
    |add_ln40_2_fu_96_p2   |         +|   0|  0|  32|          32|          32|
    |add_ln40_3_fu_120_p2  |         +|   0|  0|  32|          32|          32|
    |add_ln40_fu_126_p2    |         +|   0|  0|  32|          32|          32|
    |add_ln41_1_fu_138_p2  |         +|   0|  0|  32|          32|          32|
    |add_ln41_fu_144_p2    |         +|   0|  0|  32|          32|          32|
    |add_ln43_fu_150_p2    |         +|   0|  0|  39|          32|          32|
    |add_ln44_fu_156_p2    |         +|   0|  0|  39|          32|          32|
    |sub_ln40_fu_102_p2    |         -|   0|  0|  32|          32|          32|
    |sub_ln45_fu_162_p2    |         -|   0|  0|  39|          32|          32|
    |sub_ln46_fu_168_p2    |         -|   0|  0|  39|          32|          32|
    +----------------------+----------+----+---+----+------------+------------+
    |Total                 |          |   0|  0| 387|         352|         352|
    +----------------------+----------+----+---+----+------------+------------+

    * Multiplexer: 
    N/A

    * Register: 
    N/A



================================================================
== Interface
================================================================
* Summary: 
+-------------+-----+-----+------------+--------------+--------------+
|  RTL Ports  | Dir | Bits|  Protocol  | Source Object|    C Type    |
+-------------+-----+-----+------------+--------------+--------------+
|ap_ready     |  out|    1|  ap_ctrl_hs|       IDCT2B4|  return value|
|ap_return_0  |  out|   32|  ap_ctrl_hs|       IDCT2B4|  return value|
|ap_return_1  |  out|   32|  ap_ctrl_hs|       IDCT2B4|  return value|
|ap_return_2  |  out|   32|  ap_ctrl_hs|       IDCT2B4|  return value|
|ap_return_3  |  out|   32|  ap_ctrl_hs|       IDCT2B4|  return value|
|ap_rst       |   in|    1|  ap_ctrl_hs|       IDCT2B4|  return value|
|in_0_val     |   in|   26|     ap_none|      in_0_val|        scalar|
|in_1_val     |   in|   32|     ap_none|      in_1_val|        scalar|
|in_2_val     |   in|   26|     ap_none|      in_2_val|        scalar|
|in_3_val     |   in|   32|     ap_none|      in_3_val|        scalar|
+-------------+-----+-----+------------+--------------+--------------+

