================================================================
== Design Size Report
================================================================

* Total Instructions per Compilation Phase
+---------------+-----------------------------+--------------+----------------------------------------------------------------------------------------+
| Phase         | Step                        | Instructions | Description                                                                            |
+---------------+-----------------------------+--------------+----------------------------------------------------------------------------------------+
| Compile/Link  |                             | 8,976        | After all functions are compiled and linked into a single design                       |
|               |                             |              |                                                                                        |
| Unroll/Inline |                             |              | After user unroll and inline pragmas are applied                                       |
|               | (1) unroll                  | 1,356        | user unroll pragmas are applied                                                        |
|               | (2) simplification          | 1,219        | simplification of applied user unroll pragmas                                          |
|               | (3) inline                  | 1,191        | user inline pragmas are applied                                                        |
|               | (4) simplification          | 1,168        | simplification of applied user inline pragmas                                          |
|               |                             |              |                                                                                        |
| Array/Struct  |                             |              | After user array partition and struct aggregate/disaggregate pragmas are applied       |
|               | (1) array partition         | 1,555        | user array partition pragmas are applied                                               |
|               | (2) simplification          | 1,555        | simplification of applied user array partition & struct aggregate/disaggregate pragmas |
|               | (3) aggregate/disaggregate  | 1,555        | user struct aggregate/disaggregate pragmas are applied                                 |
|               | (4) array reshape           | 1,555        | apply array reshape pragmas                                                            |
|               | (5) access patterns         | 1,558        | array access pattern optmizations                                                      |
|               |                             |              |                                                                                        |
| Performance   |                             |              | After transformations are applied to meet performance pragma targets                   |
|               | (1) loop simplification     | 1,222        | loop and instruction simplification                                                    |
|               | (2) parallelization         | 1,222        | loops are unrolled or pipelined to meet performance targets                            |
|               | (3) array partition         | 2,566        | arrays are partitioned to meet performance targets                                     |
|               | (4) simplification          | 1,278        | simplification of design after performance transformations                             |
|               |                             |              |                                                                                        |
| HW Transforms |                             |              | After hardware transfomations                                                          |
|               | (1) lowering                | 1,286        | initial conversion to HW specific instructions                                         |
|               | (2) optimizations           | 1,134        | high level synthesis optimizations                                                     |
+---------------+-----------------------------+--------------+----------------------------------------------------------------------------------------+

* Instructions per Function for each Compilation Phase
+-------------------+---------------+----------------+---------------+--------------+-------------+---------------+
| Function          | Location      | Compile/Link   | Unroll/Inline | Array/Struct | Performance | HW Transforms |
+-------------------+---------------+----------------+---------------+--------------+-------------+---------------+
| + IDCT8           | IDCT8.cpp:245 | 8,976          | 1,168         | 1,558        | 1,278       | 1,134         |
|  + IDCT8B32       | IDCT8.cpp:163 | 1,317          |  350          |  416         |  384        |  388          |
|   + INV_MATMUL_32 | IDCT8.cpp:66  | 1,303          |               |              |             |               |
|      CLIP3        | IDCT8.cpp:6   |   53           |               |              |             |               |
|  + IDCT8B16       | IDCT8.cpp:117 | 1,317          |  190          |  224         |  208        |  212          |
|   + INV_MATMUL_16 | IDCT8.cpp:39  | 1,303          |               |              |             |               |
|      CLIP3        | IDCT8.cpp:6   |   53           |               |              |             |               |
|  + IDCT8B8        | IDCT8.cpp:113 | 1,317          |  110          |  128         |  120        |  124          |
|   + INV_MATMUL_8  | IDCT8.cpp:13  | 1,303          |               |              |             |               |
|      CLIP3        | IDCT8.cpp:6   |   53           |               |              |             |               |
|  + IDCT8B4        | IDCT8.cpp:92  | 4,165          |               |              |             |               |
|     CLIP3         | IDCT8.cpp:6   |  212 (4 calls) |               |              |             |               |
+-------------------+---------------+----------------+---------------+--------------+-------------+---------------+

* Design Size Message Settings
+---------------------------------------------+--------+------------------------------------------------------------------+
| Message Setting                             | Value  | Description                                                      |
+---------------------------------------------+--------+------------------------------------------------------------------+
| config_compile -design_size_maximum_warning | 100000 | Show a warning when total design instructions exceeds this value |
+---------------------------------------------+--------+------------------------------------------------------------------+


