

================================================================
== Vitis HLS Report for 'IDCT2B8'
================================================================
* Date:           Fri Nov 21 21:48:44 2025

* Version:        2024.2 (Build 5238294 on Nov  8 2024)
* Project:        dct2_dir
* Solution:       hls (Vitis Kernel Flow Target)
* Product family: zynquplus
* Target device:  xczu9eg-ffvb1156-2-e


================================================================
== Performance Estimates
================================================================
+ Timing: 
    * Summary: 
    +--------+----------+----------+------------+
    |  Clock |  Target  | Estimated| Uncertainty|
    +--------+----------+----------+------------+
    |ap_clk  |  10.00 ns|  6.183 ns|     2.70 ns|
    +--------+----------+----------+------------+

+ Latency: 
    * Summary: 
    +---------+---------+----------+----------+-----+-----+---------+
    |  Latency (cycles) |  Latency (absolute) |  Interval | Pipeline|
    |   min   |   max   |    min   |    max   | min | max |   Type  |
    +---------+---------+----------+----------+-----+-----+---------+
    |        0|        0|      0 ns|      0 ns|    1|    1|      yes|
    +---------+---------+----------+----------+-----+-----+---------+

    + Detail: 
        * Instance: 
        +------------------------+---------+---------+---------+----------+----------+-----+-----+---------+
        |                        |         |  Latency (cycles) |  Latency (absolute) |  Interval | Pipeline|
        |        Instance        |  Module |   min   |   max   |    min   |    max   | min | max |   Type  |
        +------------------------+---------+---------+---------+----------+----------+-----+-----+---------+
        |call_ret_IDCT2B4_fu_92  |IDCT2B4  |        0|        0|      0 ns|      0 ns|    1|    1|      yes|
        +------------------------+---------+---------+---------+----------+----------+-----+-----+---------+

        * Loop: 
        N/A



================================================================
== Utilization Estimates
================================================================
* Summary: 
+-----------------+---------+------+--------+--------+-----+
|       Name      | BRAM_18K|  DSP |   FF   |   LUT  | URAM|
+-----------------+---------+------+--------+--------+-----+
|DSP              |        -|     -|       -|       -|    -|
|Expression       |        -|     -|       0|    1520|    -|
|FIFO             |        -|     -|       -|       -|    -|
|Instance         |        -|    12|       0|     573|    -|
|Memory           |        -|     -|       -|       -|    -|
|Multiplexer      |        -|     -|       -|       -|    -|
|Register         |        -|     -|       -|       -|    -|
+-----------------+---------+------+--------+--------+-----+
|Total            |        0|    12|       0|    2093|    0|
+-----------------+---------+------+--------+--------+-----+
|Available        |     1824|  2520|  548160|  274080|    0|
+-----------------+---------+------+--------+--------+-----+
|Utilization (%)  |        0|    ~0|       0|      ~0|    0|
+-----------------+---------+------+--------+--------+-----+

+ Detail: 
    * Instance: 
    +------------------------+-------------------+---------+----+---+-----+-----+
    |        Instance        |       Module      | BRAM_18K| DSP| FF| LUT | URAM|
    +------------------------+-------------------+---------+----+---+-----+-----+
    |call_ret_IDCT2B4_fu_92  |IDCT2B4            |        0|   2|  0|  473|    0|
    |mul_32s_7s_32_1_1_U10   |mul_32s_7s_32_1_1  |        0|   2|  0|   20|    0|
    |mul_32s_7s_32_1_1_U12   |mul_32s_7s_32_1_1  |        0|   2|  0|   20|    0|
    |mul_32s_8s_32_1_1_U9    |mul_32s_8s_32_1_1  |        0|   2|  0|   20|    0|
    |mul_32s_8s_32_1_1_U11   |mul_32s_8s_32_1_1  |        0|   2|  0|   20|    0|
    |mul_32s_8s_32_1_1_U13   |mul_32s_8s_32_1_1  |        0|   2|  0|   20|    0|
    +------------------------+-------------------+---------+----+---+-----+-----+
    |Total                   |                   |        0|  12|  0|  573|    0|
    +------------------------+-------------------+---------+----+---+-----+-----+

    * DSP: 
    N/A

    * Memory: 
    N/A

    * FIFO: 
    N/A

    * Expression: 
    +----------------------+----------+----+---+----+------------+------------+
    |     Variable Name    | Operation| DSP| FF| LUT| Bitwidth P0| Bitwidth P1|
    +----------------------+----------+----+---+----+------------+------------+
    |add_ln65_1_fu_276_p2  |         +|   0|  0|  32|          32|          32|
    |add_ln65_2_fu_282_p2  |         +|   0|  0|  32|          32|          32|
    |add_ln65_3_fu_180_p2  |         +|   0|  0|  32|          32|          32|
    |add_ln65_4_fu_198_p2  |         +|   0|  0|  39|          32|          32|
    |add_ln65_5_fu_246_p2  |         +|   0|  0|  32|          32|          32|
    |add_ln65_6_fu_264_p2  |         +|   0|  0|  32|          32|          32|
    |add_ln65_fu_270_p2    |         +|   0|  0|  32|          32|          32|
    |add_ln66_1_fu_348_p2  |         +|   0|  0|  32|          32|          32|
    |add_ln66_2_fu_354_p2  |         +|   0|  0|  32|          32|          32|
    |add_ln66_3_fu_300_p2  |         +|   0|  0|  39|          32|          32|
    |add_ln66_fu_342_p2    |         +|   0|  0|  32|          32|          32|
    |add_ln67_1_fu_420_p2  |         +|   0|  0|  32|          32|          32|
    |add_ln67_2_fu_426_p2  |         +|   0|  0|  32|          32|          32|
    |add_ln67_3_fu_372_p2  |         +|   0|  0|  32|          32|          32|
    |add_ln67_4_fu_378_p2  |         +|   0|  0|  39|          32|          32|
    |add_ln67_5_fu_390_p2  |         +|   0|  0|  32|          32|          32|
    |add_ln67_fu_414_p2    |         +|   0|  0|  32|          32|          32|
    |add_ln68_1_fu_468_p2  |         +|   0|  0|  39|          32|          32|
    |add_ln68_2_fu_474_p2  |         +|   0|  0|  32|          32|          32|
    |add_ln68_3_fu_432_p2  |         +|   0|  0|  39|          32|          32|
    |add_ln68_4_fu_438_p2  |         +|   0|  0|  39|          32|          32|
    |add_ln68_fu_462_p2    |         +|   0|  0|  32|          32|          32|
    |add_ln70_fu_480_p2    |         +|   0|  0|  39|          32|          32|
    |add_ln71_fu_486_p2    |         +|   0|  0|  39|          32|          32|
    |add_ln72_fu_492_p2    |         +|   0|  0|  39|          32|          32|
    |add_ln73_fu_498_p2    |         +|   0|  0|  39|          32|          32|
    |sub_ln65_1_fu_174_p2  |         -|   0|  0|  32|          32|          32|
    |sub_ln65_2_fu_210_p2  |         -|   0|  0|  32|          32|          32|
    |sub_ln65_3_fu_216_p2  |         -|   0|  0|  32|          32|          32|
    |sub_ln65_4_fu_234_p2  |         -|   0|  0|  32|          32|          32|
    |sub_ln65_fu_162_p2    |         -|   0|  0|  39|          32|          32|
    |sub_ln66_1_fu_318_p2  |         -|   0|  0|  32|          32|          32|
    |sub_ln66_2_fu_324_p2  |         -|   0|  0|  39|           1|          32|
    |sub_ln66_3_fu_336_p2  |         -|   0|  0|  32|          32|          32|
    |sub_ln66_fu_312_p2    |         -|   0|  0|  32|          32|          32|
    |sub_ln67_1_fu_402_p2  |         -|   0|  0|  32|          32|          32|
    |sub_ln67_2_fu_408_p2  |         -|   0|  0|  32|          32|          32|
    |sub_ln67_fu_360_p2    |         -|   0|  0|  32|          32|          32|
    |sub_ln68_1_fu_456_p2  |         -|   0|  0|  32|          32|          32|
    |sub_ln68_fu_450_p2    |         -|   0|  0|  32|          32|          32|
    |sub_ln74_fu_504_p2    |         -|   0|  0|  39|          32|          32|
    |sub_ln75_fu_510_p2    |         -|   0|  0|  39|          32|          32|
    |sub_ln76_fu_516_p2    |         -|   0|  0|  39|          32|          32|
    |sub_ln77_fu_522_p2    |         -|   0|  0|  39|          32|          32|
    +----------------------+----------+----+---+----+------------+------------+
    |Total                 |          |   0|  0|1520|        1377|        1408|
    +----------------------+----------+----+---+----+------------+------------+

    * Multiplexer: 
    N/A

    * Register: 
    N/A



================================================================
== Interface
================================================================
* Summary: 
+-------------+-----+-----+------------+--------------+--------------+
|  RTL Ports  | Dir | Bits|  Protocol  | Source Object|    C Type    |
+-------------+-----+-----+------------+--------------+--------------+
|ap_ready     |  out|    1|  ap_ctrl_hs|       IDCT2B8|  return value|
|ap_return_0  |  out|   32|  ap_ctrl_hs|       IDCT2B8|  return value|
|ap_return_1  |  out|   32|  ap_ctrl_hs|       IDCT2B8|  return value|
|ap_return_2  |  out|   32|  ap_ctrl_hs|       IDCT2B8|  return value|
|ap_return_3  |  out|   32|  ap_ctrl_hs|       IDCT2B8|  return value|
|ap_return_4  |  out|   32|  ap_ctrl_hs|       IDCT2B8|  return value|
|ap_return_5  |  out|   32|  ap_ctrl_hs|       IDCT2B8|  return value|
|ap_return_6  |  out|   32|  ap_ctrl_hs|       IDCT2B8|  return value|
|ap_return_7  |  out|   32|  ap_ctrl_hs|       IDCT2B8|  return value|
|ap_rst       |   in|    1|  ap_ctrl_hs|       IDCT2B8|  return value|
|in_0_val     |   in|   26|     ap_none|      in_0_val|        scalar|
|in_1_val     |   in|   32|     ap_none|      in_1_val|        scalar|
|in_2_val     |   in|   32|     ap_none|      in_2_val|        scalar|
|in_3_val     |   in|   32|     ap_none|      in_3_val|        scalar|
|in_4_val     |   in|   26|     ap_none|      in_4_val|        scalar|
|in_5_val     |   in|   32|     ap_none|      in_5_val|        scalar|
|in_6_val     |   in|   32|     ap_none|      in_6_val|        scalar|
|in_7_val     |   in|   32|     ap_none|      in_7_val|        scalar|
+-------------+-----+-----+------------+--------------+--------------+

